Component: ARM Compiler 5.06 update 7 (build 960) Tool: armlink [4d3601]

==============================================================================

Section Cross References

    main.o(i.hardware_init) refers to bsp_serial_driver.o(i.bsp_debug_port_remap_swd_only) for bsp_debug_port_remap_swd_only
    main.o(i.hardware_init) refers to bsp_spiflash.o(i.Flash_Init) for Flash_Init
    main.o(i.hardware_init) refers to bsp_uart_ring_buffer.o(i.UART_RingBuffer_Init) for UART_RingBuffer_Init
    main.o(i.hardware_init) refers to bsp_log_manager.o(i.LogManager_Init) for LogManager_Init
    main.o(i.hardware_init) refers to led.o(i.LED_Init) for LED_Init
    main.o(i.main) refers to misc.o(i.NVIC_PriorityGroupConfig) for NVIC_PriorityGroupConfig
    main.o(i.main) refers to main.o(i.hardware_init) for hardware_init
    main.o(i.main) refers to tsk_commu_send.o(i.CommuSend_Init) for CommuSend_Init
    main.o(i.main) refers to bsp_log_manager.o(i.LogManager_Output) for LogManager_Output
    main.o(i.main) refers to tsk_commu_receive.o(i.CommuReceive_Init) for CommuReceive_Init
    main.o(i.main) refers to tasks.o(i.xTaskCreate) for xTaskCreate
    main.o(i.main) refers to bsp_log_manager.o(i.LogManager_PrintSystemInfo) for LogManager_PrintSystemInfo
    main.o(i.main) refers to bsp_log_manager.o(i.LogManager_PrintStatistics) for LogManager_PrintStatistics
    main.o(i.main) refers to tasks.o(i.vTaskStartScheduler) for vTaskStartScheduler
    main.o(i.main) refers to main.o(i.vLedTask) for vLedTask
    main.o(i.vLedTask) refers to led.o(i.LED_Flash) for LED_Flash
    main.o(i.vLedTask) refers to tasks.o(i.vTaskDelay) for vTaskDelay
    tsk_commu_receive.o(i.CommuReceive_GetState) refers to tsk_commu_receive.o(.data) for .data
    tsk_commu_receive.o(i.CommuReceive_Init) refers to tasks.o(i.xTaskCreate) for xTaskCreate
    tsk_commu_receive.o(i.CommuReceive_Init) refers to bsp_log_manager.o(i.LogManager_Output) for LogManager_Output
    tsk_commu_receive.o(i.CommuReceive_Init) refers to tsk_commu_receive.o(.data) for .data
    tsk_commu_receive.o(i.CommuReceive_Init) refers to tsk_commu_receive.o(i.vCommuReceiveTask) for vCommuReceiveTask
    tsk_commu_receive.o(i.handle_received_message) refers to tsk_commu_receive.o(i.parse_command) for parse_command
    tsk_commu_receive.o(i.handle_received_message) refers to strlen.o(.text) for strlen
    tsk_commu_receive.o(i.handle_received_message) refers to bsp_uart_ring_buffer.o(i.UART_RingBuffer_Send) for UART_RingBuffer_Send
    tsk_commu_receive.o(i.handle_received_message) refers to bsp_log_manager.o(i.LogManager_Output) for LogManager_Output
    tsk_commu_receive.o(i.handle_received_message) refers to tsk_commu_receive.o(.data) for .data
    tsk_commu_receive.o(i.parse_command) refers to memcpya.o(.text) for __aeabi_memcpy
    tsk_commu_receive.o(i.parse_command) refers to strncmp.o(.text) for strncmp
    tsk_commu_receive.o(i.parse_command) refers to tsk_commu_send.o(i.CommuSend_GetEspState) for CommuSend_GetEspState
    tsk_commu_receive.o(i.parse_command) refers to printfa.o(i.__0snprintf) for __2snprintf
    tsk_commu_receive.o(i.parse_command) refers to tsk_commu_send.o(i.CommuSend_EspAtCommand) for CommuSend_EspAtCommand
    tsk_commu_receive.o(i.parse_command) refers to strchr.o(.text) for strchr
    tsk_commu_receive.o(i.parse_command) refers to tsk_commu_send.o(i.CommuSend_ConnectWiFi) for CommuSend_ConnectWiFi
    tsk_commu_receive.o(i.parse_command) refers to strlen.o(.text) for strlen
    tsk_commu_receive.o(i.parse_command) refers to tsk_commu_send.o(i.CommuSend_Rs485Data) for CommuSend_Rs485Data
    tsk_commu_receive.o(i.parse_command) refers to tsk_commu_receive.o(.data) for .data
    tsk_commu_receive.o(i.process_uart_data) refers to bsp_uart_ring_buffer.o(i.UART_RingBuffer_GetAvailableBytes) for UART_RingBuffer_GetAvailableBytes
    tsk_commu_receive.o(i.process_uart_data) refers to bsp_uart_ring_buffer.o(i.UART_RingBuffer_Receive) for UART_RingBuffer_Receive
    tsk_commu_receive.o(i.process_uart_data) refers to memcpya.o(.text) for __aeabi_memcpy
    tsk_commu_receive.o(i.process_uart_data) refers to tsk_commu_receive.o(i.handle_received_message) for handle_received_message
    tsk_commu_receive.o(i.process_uart_data) refers to bsp_log_manager.o(i.LogManager_Output) for LogManager_Output
    tsk_commu_receive.o(i.process_uart_data) refers to tsk_commu_receive.o(.bss) for .bss
    tsk_commu_receive.o(i.vCommuReceiveTask) refers to bsp_log_manager.o(i.LogManager_Output) for LogManager_Output
    tsk_commu_receive.o(i.vCommuReceiveTask) refers to tsk_commu_receive.o(i.process_uart_data) for process_uart_data
    tsk_commu_receive.o(i.vCommuReceiveTask) refers to tasks.o(i.vTaskDelay) for vTaskDelay
    tsk_commu_send.o(i.CommuSend_ConnectWiFi) refers to printfa.o(i.__0snprintf) for __2snprintf
    tsk_commu_send.o(i.CommuSend_ConnectWiFi) refers to tsk_commu_send.o(i.CommuSend_EspAtCommand) for CommuSend_EspAtCommand
[...]
    i.CommuSend_Rs485Data                    0x08004dfc   Section        0  tsk_commu_send.o(i.CommuSend_Rs485Data)
    i.Flash_Init                             0x08004e7c   Section        0  bsp_spiflash.o(i.Flash_Init)
    i.GPIO_ConfigPinRemap                    0x08004f3c   Section        0  n32g45x_gpio.o(i.GPIO_ConfigPinRemap)
    i.GPIO_InitPeripheral                    0x08005048   Section        0  n32g45x_gpio.o(i.GPIO_InitPeripheral)
    i.GPIO_ResetBits                         0x080050ea   Section        0  n32g45x_gpio.o(i.GPIO_ResetBits)
    i.GPIO_SetBits                           0x080050ee   Section        0  n32g45x_gpio.o(i.GPIO_SetBits)
    i.LED_Control                            0x080050f4   Section        0  led.o(i.LED_Control)
    LED_Control                              0x080050f5   Thumb Code   138  led.o(i.LED_Control)
    i.LED_Flash                              0x08005188   Section        0  led.o(i.LED_Flash)
    i.LED_Init                               0x0800528c   Section        0  led.o(i.LED_Init)
    i.LogManager_GetLevelString              0x08005318   Section        0  bsp_log_manager.o(i.LogManager_GetLevelString)
    i.LogManager_GetModuleString             0x08005334   Section        0  bsp_log_manager.o(i.LogManager_GetModuleString)
    i.LogManager_GetStatistics               0x08005354   Section        0  bsp_log_manager.o(i.LogManager_GetStatistics)
    i.LogManager_Init                        0x08005388   Section        0  bsp_log_manager.o(i.LogManager_Init)
    i.LogManager_IsLevelEnabled              0x08005454   Section        0  bsp_log_manager.o(i.LogManager_IsLevelEnabled)
    i.LogManager_Output                      0x0800547c   Section        0  bsp_log_manager.o(i.LogManager_Output)
    i.LogManager_OutputV                     0x0800548c   Section        0  bsp_log_manager.o(i.LogManager_OutputV)
    i.LogManager_PrintStatistics             0x080056e0   Section        0  bsp_log_manager.o(i.LogManager_PrintStatistics)
    i.LogManager_PrintSystemInfo             0x08005860   Section        0  bsp_log_manager.o(i.LogManager_PrintSystemInfo)
    i.NVIC_Init                              0x08005a08   Section        0  misc.o(i.NVIC_Init)
    i.NVIC_PriorityGroupConfig               0x08005a6c   Section        0  misc.o(i.NVIC_PriorityGroupConfig)
    i.RCC_ConfigSysclk                       0x08005a80   Section        0  n32g45x_rcc.o(i.RCC_ConfigSysclk)
    i.RCC_EnableAPB1PeriphClk                0x08005a94   Section        0  n32g45x_rcc.o(i.RCC_EnableAPB1PeriphClk)
    i.RCC_EnableAPB1PeriphReset              0x08005aac   Section        0  n32g45x_rcc.o(i.RCC_EnableAPB1PeriphReset)
    i.RCC_EnableAPB2PeriphClk                0x08005ac4   Section        0  n32g45x_rcc.o(i.RCC_EnableAPB2PeriphClk)
    i.RCC_EnableAPB2PeriphReset              0x08005adc   Section        0  n32g45x_rcc.o(i.RCC_EnableAPB2PeriphReset)
    i.RCC_GetClocksFreqValue                 0x08005af4   Section        0  n32g45x_rcc.o(i.RCC_GetClocksFreqValue)
    i.RCC_GetSysclkSrc                       0x08005bb0   Section        0  n32g45x_rcc.o(i.RCC_GetSysclkSrc)
    i.RingBuffer_Deinit                      0x08005bc0   Section        0  ring_buffer.o(i.RingBuffer_Deinit)
    i.RingBuffer_Init                        0x08005bd0   Section        0  ring_buffer.o(i.RingBuffer_Init)
    i.RingBuffer_Read                        0x08005bf0   Section        0  ring_buffer.o(i.RingBuffer_Read)
    i.RingBuffer_Write                       0x08005c32   Section        0  ring_buffer.o(i.RingBuffer_Write)
    i.RingBuffer_WriteFromISR                0x08005c74   Section        0  ring_buffer.o(i.RingBuffer_WriteFromISR)
    i.SPI_Enable                             0x08005cb6   Section        0  n32g45x_spi.o(i.SPI_Enable)
    i.SPI_Init                               0x08005cca   Section        0  n32g45x_spi.o(i.SPI_Init)
    i.Serial_Driver_Init                     0x08005d04   Section        0  bsp_serial_driver.o(i.Serial_Driver_Init)
    i.SetSysClock                            0x08005f0c   Section        0  system_n32g45x.o(i.SetSysClock)
    SetSysClock                              0x08005f0d   Thumb Code   168  system_n32g45x.o(i.SetSysClock)
    i.SystemInit                             0x08005fcc   Section        0  system_n32g45x.o(i.SystemInit)
    i.UART4_IRQHandler                       0x080060cc   Section        0  bsp_uart_irq_handlers.o(i.UART4_IRQHandler)
    i.UART5_IRQHandler                       0x080060d2   Section        0  bsp_uart_irq_handlers.o(i.UART5_IRQHandler)
    i.UART_RingBuffer_GetAvailableBytes      0x080060d8   Section        0  bsp_uart_ring_buffer.o(i.UART_RingBuffer_GetAvailableBytes)
    i.UART_RingBuffer_IRQHandler             0x080060ec   Section        0  bsp_uart_ring_buffer.o(i.UART_RingBuffer_IRQHandler)
    i.UART_RingBuffer_Init                   0x080061ac   Section        0  bsp_uart_ring_buffer.o(i.UART_RingBuffer_Init)
    i.UART_RingBuffer_Receive                0x080062e4   Section        0  bsp_uart_ring_buffer.o(i.UART_RingBuffer_Receive)
    i.UART_RingBuffer_Send                   0x08006350   Section        0  bsp_uart_ring_buffer.o(i.UART_RingBuffer_Send)
    i.UART_RingBuffer_SendString             0x08006424   Section        0  bsp_uart_ring_buffer.o(i.UART_RingBuffer_SendString)
    i.USART3_IRQHandler                      0x08006448   Section        0  bsp_uart_irq_handlers.o(i.USART3_IRQHandler)
    i.USART_ClrIntPendingBit                 0x0800644e   Section        0  n32g45x_usart.o(i.USART_ClrIntPendingBit)
    i.USART_ConfigInt                        0x0800645a   Section        0  n32g45x_usart.o(i.USART_ConfigInt)
    i.USART_DeInit                           0x0800648c   Section        0  n32g45x_usart.o(i.USART_DeInit)
    i.USART_Enable                           0x08006534   Section        0  n32g45x_usart.o(i.USART_Enable)
    i.USART_GetFlagStatus                    0x08006548   Section        0  n32g45x_usart.o(i.USART_GetFlagStatus)
    i.USART_GetIntStatus                     0x08006556   Section        0  n32g45x_usart.o(i.USART_GetIntStatus)
    i.USART_Init                             0x08006594   Section        0  n32g45x_usart.o(i.USART_Init)
    i.USART_ReceiveData                      0x08006644   Section        0  n32g45x_usart.o(i.USART_ReceiveData)
    i.USART_SendData                         0x0800664c   Section        0  n32g45x_usart.o(i.USART_SendData)
    i.__0snprintf                            0x08006654   Section        0  printfa.o(i.__0snprintf)
    i.__0vsnprintf                           0x08006688   Section        0  printfa.o(i.__0vsnprintf)
    i.__scatterload_copy                     0x080066bc   Section       14  handlers.o(i.__scatterload_copy)
    i.__scatterload_null                     0x080066ca   Section        2  handlers.o(i.__scatterload_null)
    i.__scatterload_zeroinit                 0x080066cc   Section       14  handlers.o(i.__scatterload_zeroinit)
    i._fp_digits                             0x080066dc   Section        0  printfa.o(i._fp_digits)
    _fp_digits                               0x080066dd   Thumb Code   366  printfa.o(i._fp_digits)
    i._printf_core                           0x08006860   Section        0  printfa.o(i._printf_core)
    _printf_core                             0x08006861   Thumb Code  1704  printfa.o(i._printf_core)
    i._printf_post_padding                   0x08006f14   Section        0  printfa.o(i._printf_post_padding)
    _printf_post_padding                     0x08006f15   Thumb Code    36  printfa.o(i._printf_post_padding)
    i._printf_pre_padding                    0x08006f38   Section        0  printfa.o(i._printf_pre_padding)
    _printf_pre_padding                      0x08006f39   Thumb Code    46  printfa.o(i._printf_pre_padding)
    i._snputc                                0x08006f66   Section        0  printfa.o(i._snputc)
    _snputc                                  0x08006f67   Thumb Code    22  printfa.o(i._snputc)
    i.bsp_debug_port_remap_swd_only          0x08006f7c   Section        0  bsp_serial_driver.o(i.bsp_debug_port_remap_swd_only)
    i.esp_init_sequence                      0x08006f98   Section        0  tsk_commu_send.o(i.esp_init_sequence)
    esp_init_sequence                        0x08006f99   Thumb Code   110  tsk_commu_send.o(i.esp_init_sequence)
    i.get_uart_device                        0x08007090   Section        0  bsp_uart_ring_buffer.o(i.get_uart_device)
    get_uart_device                          0x08007091   Thumb Code    24  bsp_uart_ring_buffer.o(i.get_uart_device)
    i.handle_received_message                0x080070ac   Section        0  tsk_commu_receive.o(i.handle_received_message)
    handle_received_message                  0x080070ad   Thumb Code   138  tsk_commu_receive.o(i.handle_received_message)
    i.hardware_init                          0x080071b8   Section        0  main.o(i.hardware_init)
    i.lock_log_manager                       0x080071e4   Section        0  bsp_log_manager.o(i.lock_log_manager)
    lock_log_manager                         0x080071e5   Thumb Code    26  bsp_log_manager.o(i.lock_log_manager)
    i.main                                   0x08007204   Section        0  main.o(i.main)
    i.parse_command                          0x080072f8   Section        0  tsk_commu_receive.o(i.parse_command)
    parse_command                            0x080072f9   Thumb Code   320  tsk_commu_receive.o(i.parse_command)
    i.process_send_message                   0x08007590   Section        0  tsk_commu_send.o(i.process_send_message)
    process_send_message                     0x08007591   Thumb Code   224  tsk_commu_send.o(i.process_send_message)
    i.process_uart_data                      0x08007744   Section        0  tsk_commu_receive.o(i.process_uart_data)
    process_uart_data                        0x08007745   Thumb Code   106  tsk_commu_receive.o(i.process_uart_data)
    i.prvAddCurrentTaskToDelayedList         0x08007800   Section        0  tasks.o(i.prvAddCurrentTaskToDelayedList)
    prvAddCurrentTaskToDelayedList           0x08007801   Thumb Code   102  tasks.o(i.prvAddCurrentTaskToDelayedList)
    i.prvAddNewTaskToReadyList               0x08007870   Section        0  tasks.o(i.prvAddNewTaskToReadyList)
    prvAddNewTaskToReadyList                 0x08007871   Thumb Code   192  tasks.o(i.prvAddNewTaskToReadyList)
    i.prvCheckForValidListAndQueue           0x08007940   Section        0  timers.o(i.prvCheckForValidListAndQueue)
    prvCheckForValidListAndQueue             0x08007941   Thumb Code    62  timers.o(i.prvCheckForValidListAndQueue)
    i.prvCopyDataFromQueue                   0x08007990   Section        0  queue.o(i.prvCopyDataFromQueue)
    prvCopyDataFromQueue                     0x08007991   Thumb Code    38  queue.o(i.prvCopyDataFromQueue)
    i.prvCopyDataToQueue                     0x080079b6   Section        0  queue.o(i.prvCopyDataToQueue)
    prvCopyDataToQueue                       0x080079b7   Thumb Code   108  queue.o(i.prvCopyDataToQueue)
    i.prvDeleteTCB                           0x08007a22   Section        0  tasks.o(i.prvDeleteTCB)
    prvDeleteTCB                             0x08007a23   Thumb Code    20  tasks.o(i.prvDeleteTCB)
    i.prvHeapInit                            0x08007a38   Section        0  heap_4.o(i.prvHeapInit)
    prvHeapInit                              0x08007a39   Thumb Code    66  heap_4.o(i.prvHeapInit)
    i.prvIdleTask                            0x08007a84   Section        0  tasks.o(i.prvIdleTask)
    prvIdleTask                              0x08007a85   Thumb Code    82  tasks.o(i.prvIdleTask)
    i.prvInitialiseNewTask                   0x08007ae4   Section        0  tasks.o(i.prvInitialiseNewTask)
    prvInitialiseNewTask                     0x08007ae5   Thumb Code   156  tasks.o(i.prvInitialiseNewTask)
    i.prvInsertBlockIntoFreeList             0x08007b80   Section        0  heap_4.o(i.prvInsertBlockIntoFreeList)
    prvInsertBlockIntoFreeList               0x08007b81   Thumb Code    72  heap_4.o(i.prvInsertBlockIntoFreeList)
    i.prvInsertTimerInActiveList             0x08007bcc   Section        0  timers.o(i.prvInsertTimerInActiveList)
    prvInsertTimerInActiveList               0x08007bcd   Thumb Code    52  timers.o(i.prvInsertTimerInActiveList)
    i.prvIsQueueEmpty                        0x08007c04   Section        0  queue.o(i.prvIsQueueEmpty)
    prvIsQueueEmpty                          0x08007c05   Thumb Code    28  queue.o(i.prvIsQueueEmpty)
    i.prvNotifyQueueSetContainer             0x08007c20   Section        0  queue.o(i.prvNotifyQueueSetContainer)
    prvNotifyQueueSetContainer               0x08007c21   Thumb Code    68  queue.o(i.prvNotifyQueueSetContainer)
    i.prvProcessReceivedCommands             0x08007c64   Section        0  timers.o(i.prvProcessReceivedCommands)
    prvProcessReceivedCommands               0x08007c65   Thumb Code   214  timers.o(i.prvProcessReceivedCommands)
    i.prvProcessTimerOrBlockTask             0x08007d40   Section        0  timers.o(i.prvProcessTimerOrBlockTask)
    prvProcessTimerOrBlockTask               0x08007d41   Thumb Code   166  timers.o(i.prvProcessTimerOrBlockTask)
    i.prvResetNextTaskUnblockTime            0x08007df0   Section        0  tasks.o(i.prvResetNextTaskUnblockTime)
    prvResetNextTaskUnblockTime              0x08007df1   Thumb Code    24  tasks.o(i.prvResetNextTaskUnblockTime)
    i.prvSampleTimeNow                       0x08007e0c   Section        0  timers.o(i.prvSampleTimeNow)
    prvSampleTimeNow                         0x08007e0d   Thumb Code    36  timers.o(i.prvSampleTimeNow)
    i.prvSwitchTimerLists                    0x08007e34   Section        0  timers.o(i.prvSwitchTimerLists)
    prvSwitchTimerLists                      0x08007e35   Thumb Code    86  timers.o(i.prvSwitchTimerLists)
    i.prvTaskExitError                       0x08007e90   Section        0  port.o(i.prvTaskExitError)
    prvTaskExitError                         0x08007e91   Thumb Code    16  port.o(i.prvTaskExitError)
    i.prvTimerTask                           0x08007ea0   Section        0  timers.o(i.prvTimerTask)
    prvTimerTask                             0x08007ea1   Thumb Code    32  timers.o(i.prvTimerTask)
    i.prvUnlockQueue                         0x08007ec4   Section        0  queue.o(i.prvUnlockQueue)
    prvUnlockQueue                           0x08007ec5   Thumb Code   118  queue.o(i.prvUnlockQueue)
    i.pvPortMalloc                           0x08007f3c   Section        0  heap_4.o(i.pvPortMalloc)
    i.pvTaskIncrementMutexHeldCount          0x08007fec   Section        0  tasks.o(i.pvTaskIncrementMutexHeldCount)
    i.pxPortInitialiseStack                  0x08008004   Section        0  port.o(i.pxPortInitialiseStack)
    i.send_esp_at_command                    0x08008030   Section        0  tsk_commu_send.o(i.send_esp_at_command)
    send_esp_at_command                      0x08008031   Thumb Code   108  tsk_commu_send.o(i.send_esp_at_command)
    i.send_heartbeat_data                    0x080080d8   Section        0  tsk_commu_send.o(i.send_heartbeat_data)
    send_heartbeat_data                      0x080080d9   Thumb Code    38  tsk_commu_send.o(i.send_heartbeat_data)
    i.unlock_log_manager                     0x0800810c   Section        0  bsp_log_manager.o(i.unlock_log_manager)
    unlock_log_manager                       0x0800810d   Thumb Code    22  bsp_log_manager.o(i.unlock_log_manager)
    i.uxListRemove                           0x08008128   Section        0  list.o(i.uxListRemove)
    i.vCommuReceiveTask                      0x08008150   Section        0  tsk_commu_receive.o(i.vCommuReceiveTask)
    i.vCommuSendTask                         0x0800819c   Section        0  tsk_commu_send.o(i.vCommuSendTask)
    i.vLedTask                               0x080081f8   Section        0  main.o(i.vLedTask)
    vLedTask                                 0x080081f9   Thumb Code    12  main.o(i.vLedTask)
    i.vListInitialise                        0x08008204   Section        0  list.o(i.vListInitialise)
    i.vListInitialiseItem                    0x0800821a   Section        0  list.o(i.vListInitialiseItem)
    i.vListInsert                            0x08008220   Section        0  list.o(i.vListInsert)
    i.vListInsertEnd                         0x08008250   Section        0  list.o(i.vListInsertEnd)
    i.vPortEnterCritical                     0x08008268   Section        0  port.o(i.vPortEnterCritical)
    i.vPortExitCritical                      0x08008284   Section        0  port.o(i.vPortExitCritical)
    i.vPortFree                              0x08008298   Section        0  heap_4.o(i.vPortFree)
    i.vPortSetupTimerInterrupt               0x080082dc   Section        0  port.o(i.vPortSetupTimerInterrupt)
    i.vQueueAddToRegistry                    0x08008300   Section        0  queue.o(i.vQueueAddToRegistry)
    i.vQueueDelete                           0x08008328   Section        0  queue.o(i.vQueueDelete)
    i.vQueueUnregisterQueue                  0x0800833c   Section        0  queue.o(i.vQueueUnregisterQueue)
    i.vQueueWaitForMessageRestricted         0x08008364   Section        0  queue.o(i.vQueueWaitForMessageRestricted)
    i.vTaskDelay                             0x080083a8   Section        0  tasks.o(i.vTaskDelay)
    i.vTaskInternalSetTimeOutState           0x080083d8   Section        0  tasks.o(i.vTaskInternalSetTimeOutState)
    i.vTaskMissedYield                       0x080083e8   Section        0  tasks.o(i.vTaskMissedYield)
    i.vTaskPlaceOnEventList                  0x080083f4   Section        0  tasks.o(i.vTaskPlaceOnEventList)
    i.vTaskPlaceOnEventListRestricted        0x08008414   Section        0  tasks.o(i.vTaskPlaceOnEventListRestricted)
    i.vTaskPriorityDisinheritAfterTimeout    0x0800843c   Section        0  tasks.o(i.vTaskPriorityDisinheritAfterTimeout)
    i.vTaskStartScheduler                    0x080084b4   Section        0  tasks.o(i.vTaskStartScheduler)
    i.vTaskSuspendAll                        0x0800850c   Section        0  tasks.o(i.vTaskSuspendAll)
    i.vTaskSwitchContext                     0x0800851c   Section        0  tasks.o(i.vTaskSwitchContext)
    i.wait_for_response                      0x08008560   Section        0  tsk_commu_send.o(i.wait_for_response)
    wait_for_response                        0x08008561   Thumb Code   144  tsk_commu_send.o(i.wait_for_response)
    i.xPortGetFreeHeapSize                   0x08008634   Section        0  heap_4.o(i.xPortGetFreeHeapSize)
    i.xPortGetMinimumEverFreeHeapSize        0x08008640   Section        0  heap_4.o(i.xPortGetMinimumEverFreeHeapSize)
    i.xPortStartScheduler                    0x0800864c   Section        0  port.o(i.xPortStartScheduler)
    i.xQueueCreateMutex                      0x0800868c   Section        0  queue.o(i.xQueueCreateMutex)
    i.xQueueGenericCreate                    0x080086b0   Section        0  queue.o(i.xQueueGenericCreate)
    i.xQueueGenericReset                     0x080086ec   Section        0  queue.o(i.xQueueGenericReset)
    i.xQueueGenericSend                      0x08008760   Section        0  queue.o(i.xQueueGenericSend)
    i.xQueueGenericSendFromISR               0x08008874   Section        0  queue.o(i.xQueueGenericSendFromISR)
    i.xQueueGiveFromISR                      0x080088fa   Section        0  queue.o(i.xQueueGiveFromISR)
    i.xQueueReceive                          0x0800895c   Section        0  queue.o(i.xQueueReceive)
    i.xQueueSemaphoreTake                    0x08008a4c   Section        0  queue.o(i.xQueueSemaphoreTake)
    i.xTaskCheckForTimeOut                   0x08008b74   Section        0  tasks.o(i.xTaskCheckForTimeOut)
    i.xTaskCreate                            0x08008bcc   Section        0  tasks.o(i.xTaskCreate)
    i.xTaskGetSchedulerState                 0x08008c24   Section        0  tasks.o(i.xTaskGetSchedulerState)
    i.xTaskGetTickCount                      0x08008c40   Section        0  tasks.o(i.xTaskGetTickCount)
    i.xTaskIncrementTick                     0x08008c4c   Section        0  tasks.o(i.xTaskIncrementTick)
    i.xTaskPriorityDisinherit                0x08008d00   Section        0  tasks.o(i.xTaskPriorityDisinherit)
    i.xTaskPriorityInherit                   0x08008d68   Section        0  tasks.o(i.xTaskPriorityInherit)
    i.xTaskRemoveFromEventList               0x08008df4   Section        0  tasks.o(i.xTaskRemoveFromEventList)
    i.xTaskResumeAll                         0x08008e5c   Section        0  tasks.o(i.xTaskResumeAll)
    i.xTimerCreateTimerTask                  0x08008f10   Section        0  timers.o(i.xTimerCreateTimerTask)
    i.xTimerGenericCommand                   0x08008f4c   Section        0  timers.o(i.xTimerGenericCommand)
    .constdata                               0x08008f9c   Section       40  bsp_log_manager.o(.constdata)
    default_config                           0x08008f9c   Data          24  bsp_log_manager.o(.constdata)
    .constdata                               0x08008fc4   Section       64  n32g45x_rcc.o(.constdata)
    s_ApbAhbPresTable                        0x08008fc4   Data          16  n32g45x_rcc.o(.constdata)
    s_AdcHclkPresTable                       0x08008fd4   Data          16  n32g45x_rcc.o(.constdata)
    s_AdcPllClkPresTable                     0x08008fe4   Data          32  n32g45x_rcc.o(.constdata)
    .constdata                               0x08009004   Section       24  eventrecorder.o(.constdata)
    __tagsym$$used                           0x08009004   Number         0  eventrecorder.o(.constdata)
    .conststring                             0x0800901c   Section      154  bsp_log_manager.o(.conststring)
    .ARM.__AT_0x10002714                     0x10002714   Section    51200  heap_4.o(.ARM.__AT_0x10002714)
    ucHeap                                   0x10002714   Data       51200  heap_4.o(.ARM.__AT_0x10002714)
    .data                                    0x20000000   Section        8  tsk_commu_receive.o(.data)
    s_commu_state                            0x20000000   Data           1  tsk_commu_receive.o(.data)
    s_receive_task_handle                    0x20000004   Data           4  tsk_commu_receive.o(.data)
    .data                                    0x20000008   Section       20  tsk_commu_send.o(.data)
    s_esp_state                              0x20000008   Data           1  tsk_commu_send.o(.data)
    s_send_queue                             0x2000000c   Data           4  tsk_commu_send.o(.data)
    s_send_mutex                             0x20000010   Data           4  tsk_commu_send.o(.data)
    s_send_task_handle                       0x20000014   Data           4  tsk_commu_send.o(.data)
    heartbeat_counter                        0x20000018   Data           4  tsk_commu_send.o(.data)
    .data                                    0x2000001c   Section       72  bsp_log_manager.o(.data)
    default_module_names                     0x2000001c   Data          32  bsp_log_manager.o(.data)
    level_strings                            0x2000003c   Data          20  bsp_log_manager.o(.data)
    level_colors                             0x20000050   Data          20  bsp_log_manager.o(.data)
    .data                                    0x20000064   Section       20  led.o(.data)
    net_state_backup                         0x20000064   Data           1  led.o(.data)
    net_state                                0x20000065   Data           1  led.o(.data)
    net_timer_init                           0x20000066   Data           1  led.o(.data)
    com_state_backup                         0x20000067   Data           1  led.o(.data)
    com_state                                0x20000068   Data           1  led.o(.data)
    com_timer_init                           0x20000069   Data           1  led.o(.data)
    net_flash_count                          0x2000006a   Data           2  led.o(.data)
    com_flash_count                          0x2000006c   Data           2  led.o(.data)
    net_start_time                           0x20000070   Data           4  led.o(.data)
    com_start_time                           0x20000074   Data           4  led.o(.data)
    .data                                    0x20000078   Section        4  system_n32g45x.o(.data)
    .data                                    0x2000007c   Section       64  tasks.o(.data)
    uxDeletedTasksWaitingCleanUp             0x20000080   Data           4  tasks.o(.data)
    uxCurrentNumberOfTasks                   0x20000084   Data           4  tasks.o(.data)
    xTickCount                               0x20000088   Data           4  tasks.o(.data)
    uxTopReadyPriority                       0x2000008c   Data           4  tasks.o(.data)
    xSchedulerRunning                        0x20000090   Data           4  tasks.o(.data)
    xPendedTicks                             0x20000094   Data           4  tasks.o(.data)
    xYieldPending                            0x20000098   Data           4  tasks.o(.data)
    xNumOfOverflows                          0x2000009c   Data           4  tasks.o(.data)
    uxTaskNumber                             0x200000a0   Data           4  tasks.o(.data)
    xNextTaskUnblockTime                     0x200000a4   Data           4  tasks.o(.data)
    xIdleTaskHandle                          0x200000a8   Data           4  tasks.o(.data)
    uxSchedulerSuspended                     0x200000b0   Data           4  tasks.o(.data)
    pxDelayedTaskList                        0x200000b4   Data           4  tasks.o(.data)
    pxOverflowDelayedTaskList                0x200000b8   Data           4  tasks.o(.data)
    .data                                    0x200000bc   Section       20  timers.o(.data)
    xTimerQueue                              0x200000bc   Data           4  timers.o(.data)
    xTimerTaskHandle                         0x200000c0   Data           4  timers.o(.data)
    xLastTime                                0x200000c4   Data           4  timers.o(.data)
    pxCurrentTimerList                       0x200000c8   Data           4  timers.o(.data)
    pxOverflowTimerList                      0x200000cc   Data           4  timers.o(.data)
    .data                                    0x200000d0   Section       32  heap_4.o(.data)
    pxEnd                                    0x200000d0   Data           4  heap_4.o(.data)
    xFreeBytesRemaining                      0x200000d4   Data           4  heap_4.o(.data)
    xMinimumEverFreeBytesRemaining           0x200000d8   Data           4  heap_4.o(.data)
    xNumberOfSuccessfulAllocations           0x200000dc   Data           4  heap_4.o(.data)
    xNumberOfSuccessfulFrees                 0x200000e0   Data           4  heap_4.o(.data)
    xBlockAllocatedBit                       0x200000e4   Data           4  heap_4.o(.data)
    xStart                                   0x200000e8   Data           8  heap_4.o(.data)
    .data                                    0x200000f0   Section        4  port.o(.data)
    uxCriticalNesting                        0x200000f0   Data           4  port.o(.data)
    .bss                                     0x200000f4   Section      388  tsk_commu_receive.o(.bss)
    s_rx_buffer                              0x200000f4   Data         256  tsk_commu_receive.o(.bss)
    s_current_message                        0x200001f4   Data         132  tsk_commu_receive.o(.bss)
    .bss                                     0x20000278   Section      456  bsp_log_manager.o(.bss)
    g_log_manager                            0x20000278   Data         456  bsp_log_manager.o(.bss)
    .bss                                     0x20000440   Section    11028  bsp_uart_ring_buffer.o(.bss)
    rs485_rx_buffer_storage                  0x20000440   Data        1024  bsp_uart_ring_buffer.o(.bss)
    rs485_tx_buffer_storage                  0x20000840   Data         512  bsp_uart_ring_buffer.o(.bss)
    lte_rx_buffer_storage                    0x20000a40   Data        5120  bsp_uart_ring_buffer.o(.bss)
    lte_tx_buffer_storage                    0x20001e40   Data        2560  bsp_uart_ring_buffer.o(.bss)
    log_rx_buffer_storage                    0x20002840   Data        1024  bsp_uart_ring_buffer.o(.bss)
    log_tx_buffer_storage                    0x20002c40   Data         512  bsp_uart_ring_buffer.o(.bss)
    uart_devices                             0x20002e40   Data         276  bsp_uart_ring_buffer.o(.bss)
    .bss                                     0x20002f54   Section       24  led.o(.bss)
    net_led_state                            0x20002f54   Data          12  led.o(.bss)
    com_led_state                            0x20002f60   Data          12  led.o(.bss)
    .bss                                     0x20002f6c   Section       64  queue.o(.bss)
    .bss                                     0x20002fac   Section      740  tasks.o(.bss)
    pxReadyTasksLists                        0x20002fac   Data         640  tasks.o(.bss)
    xDelayedTaskList1                        0x2000322c   Data          20  tasks.o(.bss)
    xDelayedTaskList2                        0x20003240   Data          20  tasks.o(.bss)
    xPendingReadyList                        0x20003254   Data          20  tasks.o(.bss)
    xTasksWaitingTermination                 0x20003268   Data          20  tasks.o(.bss)
    xSuspendedTaskList                       0x2000327c   Data          20  tasks.o(.bss)
    .bss                                     0x20003290   Section       40  timers.o(.bss)
    xActiveTimerList1                        0x20003290   Data          20  timers.o(.bss)
    xActiveTimerList2                        0x200032a4   Data          20  timers.o(.bss)
    STACK                                    0x200032b8   Section     5376  startup_n32g45x.o(STACK)
    .bss.noinit                              0x200047c0   Section     1188  eventrecorder.o(.bss.noinit)
    EventBuffer                              0x200047c0   Data        1024  eventrecorder.o(.bss.noinit)
    EventFilter                              0x20004bc0   Data         128  eventrecorder.o(.bss.noinit)
    EventStatus                              0x20004c40   Data          36  eventrecorder.o(.bss.noinit)

    Global Symbols

    Symbol Name                              Value     Ov Type        Size  Object(Section)

    BuildAttributes$$THM_ISAv4$E$P$D$K$B$S$7EM$VFPi3$EXTD16$VFPS$VFMA$PE$A:L22UL41UL21$X:L11$S22US41US21$IEEE1$IW$USESV6$~STKCKD$USESV7$~SHL$OSPACE$ROPI$EBA8$MICROLIB$REQ8$PRES8$EABIv2 0x00000000   Number         0  anon$$obj.o ABSOLUTE
    __ARM_use_no_argv                        0x00000000   Number         0  main.o ABSOLUTE
    _printf_a                                0x00000000   Number         0  stubs.o ABSOLUTE
    _printf_c                                0x00000000   Number         0  stubs.o ABSOLUTE
    _printf_charcount                        0x00000000   Number         0  stubs.o ABSOLUTE
    _printf_d                                0x00000000   Number         0  stubs.o ABSOLUTE
    _printf_e                                0x00000000   Number         0  stubs.o ABSOLUTE
    _printf_f                                0x00000000   Number         0  stubs.o ABSOLUTE
    _printf_flags                            0x00000000   Number         0  stubs.o ABSOLUTE
    _printf_fp_dec                           0x00000000   Number         0  stubs.o ABSOLUTE
    _printf_fp_hex                           0x00000000   Number         0  stubs.o ABSOLUTE
    _printf_g                                0x00000000   Number         0  stubs.o ABSOLUTE
    _printf_i                                0x00000000   Number         0  stubs.o ABSOLUTE
    _printf_int_dec                          0x00000000   Number         0  stubs.o ABSOLUTE
    _printf_l                                0x00000000   Number         0  stubs.o ABSOLUTE
    _printf_lc                               0x00000000   Number         0  stubs.o ABSOLUTE
    _printf_ll                               0x00000000   Number         0  stubs.o ABSOLUTE
    _printf_lld                              0x00000000   Number         0  stubs.o ABSOLUTE
    _printf_lli                              0x00000000   Number         0  stubs.o ABSOLUTE
    _printf_llo                              0x00000000   Number         0  stubs.o ABSOLUTE
    _printf_llu                              0x00000000   Number         0  stubs.o ABSOLUTE
    _printf_llx                              0x00000000   Number         0  stubs.o ABSOLUTE
    _printf_longlong_dec                     0x00000000   Number         0  stubs.o ABSOLUTE
    _printf_longlong_hex                     0x00000000   Number         0  stubs.o ABSOLUTE
    _printf_longlong_oct                     0x00000000   Number         0  stubs.o ABSOLUTE
    _printf_ls                               0x00000000   Number         0  stubs.o ABSOLUTE
    _printf_mbtowc                           0x00000000   Number         0  stubs.o ABSOLUTE
    _printf_n                                0x00000000   Number         0  stubs.o ABSOLUTE
    _printf_o                                0x00000000   Number         0  stubs.o ABSOLUTE
    _printf_p                                0x00000000   Number         0  stubs.o ABSOLUTE
    _printf_percent                          0x00000000   Number         0  stubs.o ABSOLUTE
    _printf_pre_padding                      0x00000000   Number         0  stubs.o ABSOLUTE
    _printf_return_value                     0x00000000   Number         0  stubs.o ABSOLUTE
    _printf_s                                0x00000000   Number         0  stubs.o ABSOLUTE
    _printf_sizespec                         0x00000000   Number         0  stubs.o ABSOLUTE
    _printf_str                              0x00000000   Number         0  stubs.o ABSOLUTE
    _printf_truncate_signed                  0x00000000   Number         0  stubs.o ABSOLUTE
    _printf_truncate_unsigned                0x00000000   Number         0  stubs.o ABSOLUTE
    _printf_u                                0x00000000   Number         0  stubs.o ABSOLUTE
    _printf_wc                               0x00000000   Number         0  stubs.o ABSOLUTE
    _printf_wctomb                           0x00000000   Number         0  stubs.o ABSOLUTE
    _printf_widthprec                        0x00000000   Number         0  stubs.o ABSOLUTE
    _printf_x                                0x00000000   Number         0  stubs.o ABSOLUTE
    __arm_fini_                               - Undefined Weak Reference
    __cpp_initialize__aeabi_                  - Undefined Weak Reference
    __cxa_finalize                            - Undefined Weak Reference
    __decompress                              - Undefined Weak Reference
    _clock_init                               - Undefined Weak Reference
    _microlib_exit                            - Undefined Weak Reference
    __Vectors_Size                           0x00000198   Number         0  startup_n32g45x.o ABSOLUTE
    __Vectors                                0x08004200   Data           4  startup_n32g45x.o(RESET)
    __Vectors_End                            0x08004398   Data           0  startup_n32g45x.o(RESET)
    __main                                   0x08004399   Thumb Code     0  entry.o(.ARM.Collect$$$$00000000)
    _main_stk                                0x08004399   Thumb Code     0  entry2.o(.ARM.Collect$$$$00000001)
    _main_scatterload                        0x0800439d   Thumb Code     0  entry5.o(.ARM.Collect$$$$00000004)
    __main_after_scatterload                 0x080043a1   Thumb Code     0  entry5.o(.ARM.Collect$$$$00000004)
    _main_clock                              0x080043a1   Thumb Code     0  entry7b.o(.ARM.Collect$$$$00000008)
    _main_cpp_init                           0x080043a1   Thumb Code     0  entry8b.o(.ARM.Collect$$$$0000000A)
    _main_init                               0x080043a1   Thumb Code     0  entry9a.o(.ARM.Collect$$$$0000000B)
    __rt_lib_shutdown_fini                   0x080043a9   Thumb Code     0  entry12b.o(.ARM.Collect$$$$0000000E)
    __rt_final_cpp                           0x080043ad   Thumb Code     0  entry10a.o(.ARM.Collect$$$$0000000F)
    __rt_final_exit                          0x080043ad   Thumb Code     0  entry11a.o(.ARM.Collect$$$$00000011)
    SVC_Handler                              0x080043b1   Thumb Code    28  port.o(.emb_text)
    __asm___6_port_c_39a90d8d__prvStartFirstTask 0x080043d1   Thumb Code    36  port.o(.emb_text)
    __asm___6_port_c_39a90d8d__prvEnableVFP  0x080043f9   Thumb Code    16  port.o(.emb_text)
    PendSV_Handler                           0x0800440d   Thumb Code    88  port.o(.emb_text)
    vPortGetIPSR                             0x08004469   Thumb Code     6  port.o(.emb_text)
    Reset_Handler                            0x08004471   Thumb Code     8  startup_n32g45x.o(.text)
    NMI_Handler                              0x08004479   Thumb Code     2  startup_n32g45x.o(.text)
    HardFault_Handler                        0x0800447b   Thumb Code     2  startup_n32g45x.o(.text)
    MemManage_Handler                        0x0800447d   Thumb Code     2  startup_n32g45x.o(.text)
    BusFault_Handler                         0x0800447f   Thumb Code     2  startup_n32g45x.o(.text)
    UsageFault_Handler                       0x08004481   Thumb Code     2  startup_n32g45x.o(.text)
    DebugMon_Handler                         0x08004485   Thumb Code     2  startup_n32g45x.o(.text)
    SysTick_Handler                          0x08004489   Thumb Code     2  startup_n32g45x.o(.text)
    ADC1_2_IRQHandler                        0x0800448b   Thumb Code     0  startup_n32g45x.o(.text)
    ADC3_4_IRQHandler                        0x0800448b   Thumb Code     0  startup_n32g45x.o(.text)
    CAN1_RX1_IRQHandler                      0x0800448b   Thumb Code     0  startup_n32g45x.o(.text)
    CAN1_SCE_IRQHandler                      0x0800448b   Thumb Code     0  startup_n32g45x.o(.text)
    CAN2_RX0_IRQHandler                      0x0800448b   Thumb Code     0  startup_n32g45x.o(.text)
    CAN2_RX1_IRQHandler                      0x0800448b   Thumb Code     0  startup_n32g45x.o(.text)
    CAN2_SCE_IRQHandler                      0x0800448b   Thumb Code     0  startup_n32g45x.o(.text)
    CAN2_TX_IRQHandler                       0x0800448b   Thumb Code     0  startup_n32g45x.o(.text)
    COMP7_IRQHandler                         0x0800448b   Thumb Code     0  startup_n32g45x.o(.text)
    COMP_1_2_3_IRQHandler                    0x0800448b   Thumb Code     0  startup_n32g45x.o(.text)
    COMP_4_5_6_IRQHandler                    0x0800448b   Thumb Code     0  startup_n32g45x.o(.text)
    DMA1_Channel1_IRQHandler                 0x0800448b   Thumb Code     0  startup_n32g45x.o(.text)
    DMA1_Channel2_IRQHandler                 0x0800448b   Thumb Code     0  startup_n32g45x.o(.text)
    DMA1_Channel3_IRQHandler                 0x0800448b   Thumb Code     0  startup_n32g45x.o(.text)
    DMA1_Channel4_IRQHandler                 0x0800448b   Thumb Code     0  startup_n32g45x.o(.text)
    DMA1_Channel5_IRQHandler                 0x0800448b   Thumb Code     0  startup_n32g45x.o(.text)
    DMA1_Channel6_IRQHandler                 0x0800448b   Thumb Code     0  startup_n32g45x.o(.text)
    DMA1_Channel7_IRQHandler                 0x0800448b   Thumb Code     0  startup_n32g45x.o(.text)
    DMA1_Channel8_IRQHandler                 0x0800448b   Thumb Code     0  startup_n32g45x.o(.text)
    DMA2_Channel1_IRQHandler                 0x0800448b   Thumb Code     0  startup_n32g45x.o(.text)
    DMA2_Channel2_IRQHandler                 0x0800448b   Thumb Code     0  startup_n32g45x.o(.text)
    DMA2_Channel3_IRQHandler                 0x0800448b   Thumb Code     0  startup_n32g45x.o(.text)
    DMA2_Channel4_IRQHandler                 0x0800448b   Thumb Code     0  startup_n32g45x.o(.text)
    DMA2_Channel5_IRQHandler                 0x0800448b   Thumb Code     0  startup_n32g45x.o(.text)
    DMA2_Channel6_IRQHandler                 0x0800448b   Thumb Code     0  startup_n32g45x.o(.text)
    DMA2_Channel7_IRQHandler                 0x0800448b   Thumb Code     0  startup_n32g45x.o(.text)
    DMA2_Channel8_IRQHandler                 0x0800448b   Thumb Code     0  startup_n32g45x.o(.text)
    DVP_IRQHandler                           0x0800448b   Thumb Code     0  startup_n32g45x.o(.text)
    ETH_IRQHandler                           0x0800448b   Thumb Code     0  startup_n32g45x.o(.text)
    ETH_WKUP_IRQHandler                      0x0800448b   Thumb Code     0  startup_n32g45x.o(.text)
    EXTI0_IRQHandler                         0x0800448b   Thumb Code     0  startup_n32g45x.o(.text)
    EXTI15_10_IRQHandler                     0x0800448b   Thumb Code     0  startup_n32g45x.o(.text)
    EXTI1_IRQHandler                         0x0800448b   Thumb Code     0  startup_n32g45x.o(.text)
    EXTI2_IRQHandler                         0x0800448b   Thumb Code     0  startup_n32g45x.o(.text)
    EXTI3_IRQHandler                         0x0800448b   Thumb Code     0  startup_n32g45x.o(.text)
    EXTI4_IRQHandler                         0x0800448b   Thumb Code     0  startup_n32g45x.o(.text)
    EXTI9_5_IRQHandler                       0x0800448b   Thumb Code     0  startup_n32g45x.o(.text)
    FLASH_IRQHandler                         0x0800448b   Thumb Code     0  startup_n32g45x.o(.text)
    I2C1_ER_IRQHandler                       0x0800448b   Thumb Code     0  startup_n32g45x.o(.text)
    I2C1_EV_IRQHandler                       0x0800448b   Thumb Code     0  startup_n32g45x.o(.text)
    I2C2_ER_IRQHandler                       0x0800448b   Thumb Code     0  startup_n32g45x.o(.text)
    I2C2_EV_IRQHandler                       0x0800448b   Thumb Code     0  startup_n32g45x.o(.text)
    I2C3_ER_IRQHandler                       0x0800448b   Thumb Code     0  startup_n32g45x.o(.text)
    I2C3_EV_IRQHandler                       0x0800448b   Thumb Code     0  startup_n32g45x.o(.text)
    I2C4_ER_IRQHandler                       0x0800448b   Thumb Code     0  startup_n32g45x.o(.text)
    I2C4_EV_IRQHandler                       0x0800448b   Thumb Code     0  startup_n32g45x.o(.text)
    MMU_IRQHandler                           0x0800448b   Thumb Code     0  startup_n32g45x.o(.text)
    PVD_IRQHandler                           0x0800448b   Thumb Code     0  startup_n32g45x.o(.text)
    QSPI_IRQHandler                          0x0800448b   Thumb Code     0  startup_n32g45x.o(.text)
    RCC_IRQHandler                           0x0800448b   Thumb Code     0  startup_n32g45x.o(.text)
    RSRAM_IRQHandler                         0x0800448b   Thumb Code     0  startup_n32g45x.o(.text)
    RTCAlarm_IRQHandler                      0x0800448b   Thumb Code     0  startup_n32g45x.o(.text)
    RTC_WKUP_IRQHandler                      0x0800448b   Thumb Code     0  startup_n32g45x.o(.text)
    SAC_IRQHandler                           0x0800448b   Thumb Code     0  startup_n32g45x.o(.text)
    SDIO_IRQHandler                          0x0800448b   Thumb Code     0  startup_n32g45x.o(.text)
    SPI1_IRQHandler                          0x0800448b   Thumb Code     0  startup_n32g45x.o(.text)
    SPI2_IRQHandler                          0x0800448b   Thumb Code     0  startup_n32g45x.o(.text)
    SPI3_IRQHandler                          0x0800448b   Thumb Code     0  startup_n32g45x.o(.text)
    TAMPER_IRQHandler                        0x0800448b   Thumb Code     0  startup_n32g45x.o(.text)
    TIM1_BRK_IRQHandler                      0x0800448b   Thumb Code     0  startup_n32g45x.o(.text)
    TIM1_CC_IRQHandler                       0x0800448b   Thumb Code     0  startup_n32g45x.o(.text)
    TIM1_TRG_COM_IRQHandler                  0x0800448b   Thumb Code     0  startup_n32g45x.o(.text)
    TIM1_UP_IRQHandler                       0x0800448b   Thumb Code     0  startup_n32g45x.o(.text)
    TIM2_IRQHandler                          0x0800448b   Thumb Code     0  startup_n32g45x.o(.text)
    TIM3_IRQHandler                          0x0800448b   Thumb Code     0  startup_n32g45x.o(.text)
    TIM4_IRQHandler                          0x0800448b   Thumb Code     0  startup_n32g45x.o(.text)
    TIM5_IRQHandler                          0x0800448b   Thumb Code     0  startup_n32g45x.o(.text)
    TIM6_IRQHandler                          0x0800448b   Thumb Code     0  startup_n32g45x.o(.text)
    TIM7_IRQHandler                          0x0800448b   Thumb Code     0  startup_n32g45x.o(.text)
    TIM8_BRK_IRQHandler                      0x0800448b   Thumb Code     0  startup_n32g45x.o(.text)
    TIM8_CC_IRQHandler                       0x0800448b   Thumb Code     0  startup_n32g45x.o(.text)
    TIM8_TRG_COM_IRQHandler                  0x0800448b   Thumb Code     0  startup_n32g45x.o(.text)
    TIM8_UP_IRQHandler                       0x0800448b   Thumb Code     0  startup_n32g45x.o(.text)
    TSC_IRQHandler                           0x0800448b   Thumb Code     0  startup_n32g45x.o(.text)
    UART6_IRQHandler                         0x0800448b   Thumb Code     0  startup_n32g45x.o(.text)
    UART7_IRQHandler                         0x0800448b   Thumb Code     0  startup_n32g45x.o(.text)
    USART1_IRQHandler                        0x0800448b   Thumb Code     0  startup_n32g45x.o(.text)
    USART2_IRQHandler                        0x0800448b   Thumb Code     0  startup_n32g45x.o(.text)
    USBWakeUp_IRQHandler                     0x0800448b   Thumb Code     0  startup_n32g45x.o(.text)
    USB_HP_CAN1_TX_IRQHandler                0x0800448b   Thumb Code     0  startup_n32g45x.o(.text)
    USB_LP_CAN1_RX0_IRQHandler               0x0800448b   Thumb Code     0  startup_n32g45x.o(.text)
    WWDG_IRQHandler                          0x0800448b   Thumb Code     0  startup_n32g45x.o(.text)
    __aeabi_memcpy                           0x08004495   Thumb Code    36  memcpya.o(.text)
    __aeabi_memcpy4                          0x08004495   Thumb Code     0  memcpya.o(.text)
    __aeabi_memcpy8                          0x08004495   Thumb Code     0  memcpya.o(.text)
    __aeabi_memset                           0x080044b9   Thumb Code    14  memseta.o(.text)
    __aeabi_memset4                          0x080044b9   Thumb Code     0  memseta.o(.text)
    __aeabi_memset8                          0x080044b9   Thumb Code     0  memseta.o(.text)
    __aeabi_memclr                           0x080044c7   Thumb Code     4  memseta.o(.text)
    __aeabi_memclr4                          0x080044c7   Thumb Code     0  memseta.o(.text)
    __aeabi_memclr8                          0x080044c7   Thumb Code     0  memseta.o(.text)
    _memset$wrapper                          0x080044cb   Thumb Code    18  memseta.o(.text)
    strstr                                   0x080044dd   Thumb Code    36  strstr.o(.text)
    strncpy                                  0x08004501   Thumb Code    24  strncpy.o(.text)
    strchr                                   0x08004519   Thumb Code    20  strchr.o(.text)
    strlen                                   0x0800452d   Thumb Code    14  strlen.o(.text)
    strncmp                                  0x0800453b   Thumb Code    30  strncmp.o(.text)
    strrchr                                  0x08004559   Thumb Code    22  strrchr.o(.text)
    __aeabi_uidiv                            0x0800456f   Thumb Code     0  uidiv.o(.text)
    __aeabi_uidivmod                         0x0800456f   Thumb Code    44  uidiv.o(.text)
    __aeabi_uldivmod                         0x0800459b   Thumb Code    98  uldiv.o(.text)
    __I$use$fp                               0x080045fd   Thumb Code     0  iusefp.o(.text)
    __aeabi_dadd                             0x080045fd   Thumb Code   322  dadd.o(.text)
    __aeabi_dsub                             0x0800473f   Thumb Code     6  dadd.o(.text)
    __aeabi_drsub                            0x08004745   Thumb Code     6  dadd.o(.text)
    __aeabi_dmul                             0x0800474b   Thumb Code   228  dmul.o(.text)
    __aeabi_ddiv                             0x0800482f   Thumb Code   222  ddiv.o(.text)
    __aeabi_d2ulz                            0x0800490d   Thumb Code    48  dfixul.o(.text)
    __aeabi_cdrcmple                         0x0800493d   Thumb Code    48  cdrcmple.o(.text)
    __scatterload                            0x0800496d   Thumb Code    28  init.o(.text)
    __scatterload_rt2                        0x0800496d   Thumb Code     0  init.o(.text)
    __aeabi_llsl                             0x08004991   Thumb Code    30  llshl.o(.text)
    _ll_shift_l                              0x08004991   Thumb Code     0  llshl.o(.text)
    __aeabi_llsr                             0x080049af   Thumb Code    32  llushr.o(.text)
    _ll_ushift_r                             0x080049af   Thumb Code     0  llushr.o(.text)
    __aeabi_lasr                             0x080049cf   Thumb Code    36  llsshr.o(.text)
    _ll_sshift_r                             0x080049cf   Thumb Code     0  llsshr.o(.text)
    _double_round                            0x080049f3   Thumb Code    30  depilogue.o(.text)
    _double_epilogue                         0x08004a11   Thumb Code   156  depilogue.o(.text)
    CommuReceive_Init                        0x08004aad   Thumb Code    68  tsk_commu_receive.o(i.CommuReceive_Init)
    CommuSend_ConnectWiFi                    0x08004b61   Thumb Code    94  tsk_commu_send.o(i.CommuSend_ConnectWiFi)
    CommuSend_EspAtCommand                   0x08004c1d   Thumb Code   134  tsk_commu_send.o(i.CommuSend_EspAtCommand)
    CommuSend_GetEspState                    0x08004cc9   Thumb Code     6  tsk_commu_send.o(i.CommuSend_GetEspState)
    CommuSend_Init                           0x08004cd5   Thumb Code   150  tsk_commu_send.o(i.CommuSend_Init)
    CommuSend_Rs485Data                      0x08004dfd   Thumb Code    94  tsk_commu_send.o(i.CommuSend_Rs485Data)
    Flash_Init                               0x08004e7d   Thumb Code   182  bsp_spiflash.o(i.Flash_Init)
    GPIO_ConfigPinRemap                      0x08004f3d   Thumb Code   258  n32g45x_gpio.o(i.GPIO_ConfigPinRemap)
    GPIO_InitPeripheral                      0x08005049   Thumb Code   162  n32g45x_gpio.o(i.GPIO_InitPeripheral)
    GPIO_ResetBits                           0x080050eb   Thumb Code     4  n32g45x_gpio.o(i.GPIO_ResetBits)
    GPIO_SetBits                             0x080050ef   Thumb Code     4  n32g45x_gpio.o(i.GPIO_SetBits)
    LED_Flash                                0x08005189   Thumb Code   252  led.o(i.LED_Flash)
    LED_Init                                 0x0800528d   Thumb Code   130  led.o(i.LED_Init)
    LogManager_GetLevelString                0x08005319   Thumb Code    16  bsp_log_manager.o(i.LogManager_GetLevelString)
    LogManager_GetModuleString               0x08005335   Thumb Code    22  bsp_log_manager.o(i.LogManager_GetModuleString)
    LogManager_GetStatistics                 0x08005355   Thumb Code    46  bsp_log_manager.o(i.LogManager_GetStatistics)
    LogManager_Init                          0x08005389   Thumb Code   152  bsp_log_manager.o(i.LogManager_Init)
    LogManager_IsLevelEnabled                0x08005455   Thumb Code    36  bsp_log_manager.o(i.LogManager_IsLevelEnabled)
    LogManager_Output                        0x0800547d   Thumb Code    16  bsp_log_manager.o(i.LogManager_Output)
    LogManager_OutputV                       0x0800548d   Thumb Code   500  bsp_log_manager.o(i.LogManager_OutputV)
    LogManager_PrintStatistics               0x080056e1   Thumb Code   228  bsp_log_manager.o(i.LogManager_PrintStatistics)
    LogManager_PrintSystemInfo               0x08005861   Thumb Code   190  bsp_log_manager.o(i.LogManager_PrintSystemInfo)
    NVIC_Init                                0x08005a09   Thumb Code    94  misc.o(i.NVIC_Init)
    NVIC_PriorityGroupConfig                 0x08005a6d   Thumb Code    10  misc.o(i.NVIC_PriorityGroupConfig)
    RCC_ConfigSysclk                         0x08005a81   Thumb Code    14  n32g45x_rcc.o(i.RCC_ConfigSysclk)
    RCC_EnableAPB1PeriphClk                  0x08005a95   Thumb Code    18  n32g45x_rcc.o(i.RCC_EnableAPB1PeriphClk)
    RCC_EnableAPB1PeriphReset                0x08005aad   Thumb Code    18  n32g45x_rcc.o(i.RCC_EnableAPB1PeriphReset)
    RCC_EnableAPB2PeriphClk                  0x08005ac5   Thumb Code    18  n32g45x_rcc.o(i.RCC_EnableAPB2PeriphClk)
    RCC_EnableAPB2PeriphReset                0x08005add   Thumb Code    18  n32g45x_rcc.o(i.RCC_EnableAPB2PeriphReset)
    RCC_GetClocksFreqValue                   0x08005af5   Thumb Code   166  n32g45x_rcc.o(i.RCC_GetClocksFreqValue)
    RCC_GetSysclkSrc                         0x08005bb1   Thumb Code    10  n32g45x_rcc.o(i.RCC_GetSysclkSrc)
    RingBuffer_Deinit                        0x08005bc1   Thumb Code    16  ring_buffer.o(i.RingBuffer_Deinit)
    RingBuffer_Init                          0x08005bd1   Thumb Code    32  ring_buffer.o(i.RingBuffer_Init)
    RingBuffer_Read                          0x08005bf1   Thumb Code    66  ring_buffer.o(i.RingBuffer_Read)
    RingBuffer_Write                         0x08005c33   Thumb Code    66  ring_buffer.o(i.RingBuffer_Write)
    RingBuffer_WriteFromISR                  0x08005c75   Thumb Code    66  ring_buffer.o(i.RingBuffer_WriteFromISR)
    SPI_Enable                               0x08005cb7   Thumb Code    20  n32g45x_spi.o(i.SPI_Enable)
    SPI_Init                                 0x08005ccb   Thumb Code    56  n32g45x_spi.o(i.SPI_Init)
    Serial_Driver_Init                       0x08005d05   Thumb Code   496  bsp_serial_driver.o(i.Serial_Driver_Init)
    SystemInit                               0x08005fcd   Thumb Code   216  system_n32g45x.o(i.SystemInit)
    UART4_IRQHandler                         0x080060cd   Thumb Code     6  bsp_uart_irq_handlers.o(i.UART4_IRQHandler)
    UART5_IRQHandler                         0x080060d3   Thumb Code     6  bsp_uart_irq_handlers.o(i.UART5_IRQHandler)
    UART_RingBuffer_GetAvailableBytes        0x080060d9   Thumb Code    20  bsp_uart_ring_buffer.o(i.UART_RingBuffer_GetAvailableBytes)
    UART_RingBuffer_IRQHandler               0x080060ed   Thumb Code   188  bsp_uart_ring_buffer.o(i.UART_RingBuffer_IRQHandler)
    UART_RingBuffer_Init                     0x080061ad   Thumb Code   282  bsp_uart_ring_buffer.o(i.UART_RingBuffer_Init)
    UART_RingBuffer_Receive                  0x080062e5   Thumb Code   108  bsp_uart_ring_buffer.o(i.UART_RingBuffer_Receive)
    UART_RingBuffer_Send                     0x08006351   Thumb Code   208  bsp_uart_ring_buffer.o(i.UART_RingBuffer_Send)
    UART_RingBuffer_SendString               0x08006425   Thumb Code    36  bsp_uart_ring_buffer.o(i.UART_RingBuffer_SendString)
    USART3_IRQHandler                        0x08006449   Thumb Code     6  bsp_uart_irq_handlers.o(i.USART3_IRQHandler)
    USART_ClrIntPendingBit                   0x0800644f   Thumb Code    12  n32g45x_usart.o(i.USART_ClrIntPendingBit)
    USART_ConfigInt                          0x0800645b   Thumb Code    48  n32g45x_usart.o(i.USART_ConfigInt)
    USART_DeInit                             0x0800648d   Thumb Code   140  n32g45x_usart.o(i.USART_DeInit)
    USART_Enable                             0x08006535   Thumb Code    20  n32g45x_usart.o(i.USART_Enable)
    USART_GetFlagStatus                      0x08006549   Thumb Code    14  n32g45x_usart.o(i.USART_GetFlagStatus)
    USART_GetIntStatus                       0x08006557   Thumb Code    62  n32g45x_usart.o(i.USART_GetIntStatus)
    USART_Init                               0x08006595   Thumb Code   162  n32g45x_usart.o(i.USART_Init)
    USART_ReceiveData                        0x08006645   Thumb Code     8  n32g45x_usart.o(i.USART_ReceiveData)
    USART_SendData                           0x0800664d   Thumb Code     8  n32g45x_usart.o(i.USART_SendData)
    __0snprintf                              0x08006655   Thumb Code    48  printfa.o(i.__0snprintf)
    __1snprintf                              0x08006655   Thumb Code     0  printfa.o(i.__0snprintf)
    __2snprintf                              0x08006655   Thumb Code     0  printfa.o(i.__0snprintf)
    __c89snprintf                            0x08006655   Thumb Code     0  printfa.o(i.__0snprintf)
    snprintf                                 0x08006655   Thumb Code     0  printfa.o(i.__0snprintf)
    __0vsnprintf                             0x08006689   Thumb Code    46  printfa.o(i.__0vsnprintf)
    __1vsnprintf                             0x08006689   Thumb Code     0  printfa.o(i.__0vsnprintf)
    __2vsnprintf                             0x08006689   Thumb Code     0  printfa.o(i.__0vsnprintf)
    __c89vsnprintf                           0x08006689   Thumb Code     0  printfa.o(i.__0vsnprintf)
    vsnprintf                                0x08006689   Thumb Code     0  printfa.o(i.__0vsnprintf)
    __scatterload_copy                       0x080066bd   Thumb Code    14  handlers.o(i.__scatterload_copy)
    __scatterload_null                       0x080066cb   Thumb Code     2  handlers.o(i.__scatterload_null)
    __scatterload_zeroinit                   0x080066cd   Thumb Code    14  handlers.o(i.__scatterload_zeroinit)
    bsp_debug_port_remap_swd_only            0x08006f7d   Thumb Code    22  bsp_serial_driver.o(i.bsp_debug_port_remap_swd_only)
    hardware_init                            0x080071b9   Thumb Code    44  main.o(i.hardware_init)
    main                                     0x08007205   Thumb Code   124  main.o(i.main)
    pvPortMalloc                             0x08007f3d   Thumb Code   170  heap_4.o(i.pvPortMalloc)
    pvTaskIncrementMutexHeldCount            0x08007fed   Thumb Code    18  tasks.o(i.pvTaskIncrementMutexHeldCount)
    pxPortInitialiseStack                    0x08008005   Thumb Code    40  port.o(i.pxPortInitialiseStack)
    uxListRemove                             0x08008129   Thumb Code    38  list.o(i.uxListRemove)
    vCommuReceiveTask                        0x08008151   Thumb Code    38  tsk_commu_receive.o(i.vCommuReceiveTask)
    vCommuSendTask                           0x0800819d   Thumb Code    56  tsk_commu_send.o(i.vCommuSendTask)
    vListInitialise                          0x08008205   Thumb Code    22  list.o(i.vListInitialise)
    vListInitialiseItem                      0x0800821b   Thumb Code     6  list.o(i.vListInitialiseItem)
    vListInsert                              0x08008221   Thumb Code    48  list.o(i.vListInsert)
    vListInsertEnd                           0x08008251   Thumb Code    24  list.o(i.vListInsertEnd)
    vPortEnterCritical                       0x08008269   Thumb Code    24  port.o(i.vPortEnterCritical)
    vPortExitCritical                        0x08008285   Thumb Code    16  port.o(i.vPortExitCritical)
    vPortFree                                0x08008299   Thumb Code    64  heap_4.o(i.vPortFree)
    vPortSetupTimerInterrupt                 0x080082dd   Thumb Code    32  port.o(i.vPortSetupTimerInterrupt)
    vQueueAddToRegistry                      0x08008301   Thumb Code    34  queue.o(i.vQueueAddToRegistry)
    vQueueDelete                             0x08008329   Thumb Code    18  queue.o(i.vQueueDelete)
    vQueueUnregisterQueue                    0x0800833d   Thumb Code    36  queue.o(i.vQueueUnregisterQueue)
    vQueueWaitForMessageRestricted           0x08008365   Thumb Code    68  queue.o(i.vQueueWaitForMessageRestricted)
    vTaskDelay                               0x080083a9   Thumb Code    44  tasks.o(i.vTaskDelay)
    vTaskInternalSetTimeOutState             0x080083d9   Thumb Code    12  tasks.o(i.vTaskInternalSetTimeOutState)
    vTaskMissedYield                         0x080083e9   Thumb Code     8  tasks.o(i.vTaskMissedYield)
    vTaskPlaceOnEventList                    0x080083f5   Thumb Code    26  tasks.o(i.vTaskPlaceOnEventList)
    vTaskPlaceOnEventListRestricted          0x08008415   Thumb Code    34  tasks.o(i.vTaskPlaceOnEventListRestricted)
    vTaskPriorityDisinheritAfterTimeout      0x0800843d   Thumb Code   112  tasks.o(i.vTaskPriorityDisinheritAfterTimeout)
    vTaskStartScheduler                      0x080084b5   Thumb Code    72  tasks.o(i.vTaskStartScheduler)
    vTaskSuspendAll                          0x0800850d   Thumb Code    10  tasks.o(i.vTaskSuspendAll)
    vTaskSwitchContext                       0x0800851d   Thumb Code    60  tasks.o(i.vTaskSwitchContext)
    xPortGetFreeHeapSize                     0x08008635   Thumb Code     6  heap_4.o(i.xPortGetFreeHeapSize)
    xPortGetMinimumEverFreeHeapSize          0x08008641   Thumb Code     6  heap_4.o(i.xPortGetMinimumEverFreeHeapSize)
    xPortStartScheduler                      0x0800864d   Thumb Code    52  port.o(i.xPortStartScheduler)
    xQueueCreateMutex                        0x0800868d   Thumb Code    36  queue.o(i.xQueueCreateMutex)
    xQueueGenericCreate                      0x080086b1   Thumb Code    60  queue.o(i.xQueueGenericCreate)
    xQueueGenericReset                       0x080086ed   Thumb Code   112  queue.o(i.xQueueGenericReset)
    xQueueGenericSend                        0x08008761   Thumb Code   272  queue.o(i.xQueueGenericSend)
    xQueueGenericSendFromISR                 0x08008875   Thumb Code   134  queue.o(i.xQueueGenericSendFromISR)
    xQueueGiveFromISR                        0x080088fb   Thumb Code    96  queue.o(i.xQueueGiveFromISR)
    xQueueReceive                            0x0800895d   Thumb Code   236  queue.o(i.xQueueReceive)
    xQueueSemaphoreTake                      0x08008a4d   Thumb Code   292  queue.o(i.xQueueSemaphoreTake)
    xTaskCheckForTimeOut                     0x08008b75   Thumb Code    82  tasks.o(i.xTaskCheckForTimeOut)
    xTaskCreate                              0x08008bcd   Thumb Code    86  tasks.o(i.xTaskCreate)
    xTaskGetSchedulerState                   0x08008c25   Thumb Code    22  tasks.o(i.xTaskGetSchedulerState)
    xTaskGetTickCount                        0x08008c41   Thumb Code     6  tasks.o(i.xTaskGetTickCount)
    xTaskIncrementTick                       0x08008c4d   Thumb Code   172  tasks.o(i.xTaskIncrementTick)
    xTaskPriorityDisinherit                  0x08008d01   Thumb Code    94  tasks.o(i.xTaskPriorityDisinherit)
    xTaskPriorityInherit                     0x08008d69   Thumb Code   130  tasks.o(i.xTaskPriorityInherit)
    xTaskRemoveFromEventList                 0x08008df5   Thumb Code    90  tasks.o(i.xTaskRemoveFromEventList)
    xTaskResumeAll                           0x08008e5d   Thumb Code   166  tasks.o(i.xTaskResumeAll)
    xTimerCreateTimerTask                    0x08008f11   Thumb Code    44  timers.o(i.xTimerCreateTimerTask)
    xTimerGenericCommand                     0x08008f4d   Thumb Code    74  timers.o(i.xTimerGenericCommand)
    EventRecorderInfo                        0x08009004   Data          24  eventrecorder.o(.constdata)
    Region$$Table$$Base                      0x080090b8   Number         0  anon$$obj.o(Region$$Table)
    Region$$Table$$Limit                     0x080090d8   Number         0  anon$$obj.o(Region$$Table)
    SystemCoreClock                          0x20000078   Data           4  system_n32g45x.o(.data)
    pxCurrentTCB                             0x2000007c   Data           4  tasks.o(.data)
    uxTopUsedPriority                        0x200000ac   Data           4  tasks.o(.data)
    xQueueRegistry                           0x20002f6c   Data          64  queue.o(.bss)
    __initial_sp                             0x200047b8   Data           0  startup_n32g45x.o(STACK)



==============================================================================

Memory Map of the image

  Image Entry point : 0x08004399

  Load Region LR_IROM1 (Base: 0x08004200, Size: 0x00004fcc, Max: 0x00200000, ABSOLUTE)

    Execution Region ER_IROM1 (Exec base: 0x08004200, Load base: 0x08004200, Size: 0x00004ed8, Max: 0x00200000, ABSOLUTE)

    Exec Addr    Load Addr    Size         Type   Attr      Idx    E Section Name        Object

    0x08004200   0x08004200   0x00000198   Data   RO         1158    RESET               startup_n32g45x.o
    0x08004398   0x08004398   0x00000000   Code   RO         7138  * .ARM.Collect$$$$00000000  mc_w.l(entry.o)
    0x08004398   0x08004398   0x00000004   Code   RO         7430    .ARM.Collect$$$$00000001  mc_w.l(entry2.o)
    0x0800439c   0x0800439c   0x00000004   Code   RO         7433    .ARM.Collect$$$$00000004  mc_w.l(entry5.o)
    0x080043a0   0x080043a0   0x00000000   Code   RO         7435    .ARM.Collect$$$$00000008  mc_w.l(entry7b.o)
    0x080043a0   0x080043a0   0x00000000   Code   RO         7437    .ARM.Collect$$$$0000000A  mc_w.l(entry8b.o)
    0x080043a0   0x080043a0   0x00000008   Code   RO         7438    .ARM.Collect$$$$0000000B  mc_w.l(entry9a.o)
    0x080043a8   0x080043a8   0x00000004   Code   RO         7445    .ARM.Collect$$$$0000000E  mc_w.l(entry12b.o)
    0x080043ac   0x080043ac   0x00000000   Code   RO         7440    .ARM.Collect$$$$0000000F  mc_w.l(entry10a.o)
    0x080043ac   0x080043ac   0x00000000   Code   RO         7442    .ARM.Collect$$$$00000011  mc_w.l(entry11a.o)
    0x080043ac   0x080043ac   0x00000004   Code   RO         7431    .ARM.Collect$$$$00002712  mc_w.l(entry2.o)
    0x080043b0   0x080043b0   0x000000be   Code   RO         2295    .emb_text           port.o
    0x0800446e   0x0800446e   0x00000002   PAD
    0x08004470   0x08004470   0x00000024   Code   RO         1159    .text               startup_n32g45x.o
    0x08004494   0x08004494   0x00000024   Code   RO         7147    .text               mc_w.l(memcpya.o)
    0x080044b8   0x080044b8   0x00000024   Code   RO         7149    .text               mc_w.l(memseta.o)
    0x080044dc   0x080044dc   0x00000024   Code   RO         7151    .text               mc_w.l(strstr.o)
    0x08004500   0x08004500   0x00000018   Code   RO         7153    .text               mc_w.l(strncpy.o)
    0x08004518   0x08004518   0x00000014   Code   RO         7155    .text               mc_w.l(strchr.o)
    0x0800452c   0x0800452c   0x0000000e   Code   RO         7157    .text               mc_w.l(strlen.o)
    0x0800453a   0x0800453a   0x0000001e   Code   RO         7163    .text               mc_w.l(strncmp.o)
    0x08004558   0x08004558   0x00000016   Code   RO         7165    .text               mc_w.l(strrchr.o)
    0x0800456e   0x0800456e   0x0000002c   Code   RO         7446    .text               mc_w.l(uidiv.o)
    0x0800459a   0x0800459a   0x00000062   Code   RO         7448    .text               mc_w.l(uldiv.o)
    0x080045fc   0x080045fc   0x00000000   Code   RO         7450    .text               mc_w.l(iusefp.o)
    0x080045fc   0x080045fc   0x0000014e   Code   RO         7451    .text               mf_w.l(dadd.o)
    0x0800474a   0x0800474a   0x000000e4   Code   RO         7453    .text               mf_w.l(dmul.o)
    0x0800482e   0x0800482e   0x000000de   Code   RO         7455    .text               mf_w.l(ddiv.o)
    0x0800490c   0x0800490c   0x00000030   Code   RO         7457    .text               mf_w.l(dfixul.o)
    0x0800493c   0x0800493c   0x00000030   Code   RO         7459    .text               mf_w.l(cdrcmple.o)
    0x0800496c   0x0800496c   0x00000024   Code   RO         7461    .text               mc_w.l(init.o)
    0x08004990   0x08004990   0x0000001e   Code   RO         7463    .text               mc_w.l(llshl.o)
    0x080049ae   0x080049ae   0x00000020   Code   RO         7465    .text               mc_w.l(llushr.o)
    0x080049ce   0x080049ce   0x00000024   Code   RO         7467    .text               mc_w.l(llsshr.o)
    0x080049f2   0x080049f2   0x000000ba   Code   RO         7469    .text               mf_w.l(depilogue.o)
    0x08004aac   0x08004aac   0x000000b4   Code   RO          229    i.CommuReceive_Init  tsk_commu_receive.o
    0x08004b60   0x08004b60   0x000000bc   Code   RO          308    i.CommuSend_ConnectWiFi  tsk_commu_send.o
    0x08004c1c   0x08004c1c   0x000000ac   Code   RO          309    i.CommuSend_EspAtCommand  tsk_commu_send.o
    0x08004cc8   0x08004cc8   0x0000000c   Code   RO          310    i.CommuSend_GetEspState  tsk_commu_send.o
    0x08004cd4   0x08004cd4   0x00000128   Code   RO          311    i.CommuSend_Init    tsk_commu_send.o
    0x08004dfc   0x08004dfc   0x00000080   Code   RO          312    i.CommuSend_Rs485Data  tsk_commu_send.o
    0x08004e7c   0x08004e7c   0x000000c0   Code   RO          765    i.Flash_Init        bsp_spiflash.o
    0x08004f3c   0x08004f3c   0x0000010c   Code   RO         4341    i.GPIO_ConfigPinRemap  n32g45x_gpio.o
    0x08005048   0x08005048   0x000000a2   Code   RO         4345    i.GPIO_InitPeripheral  n32g45x_gpio.o
    0x080050ea   0x080050ea   0x00000004   Code   RO         4351    i.GPIO_ResetBits    n32g45x_gpio.o
    0x080050ee   0x080050ee   0x00000004   Code   RO         4352    i.GPIO_SetBits      n32g45x_gpio.o
    0x080050f2   0x080050f2   0x00000002   PAD
    0x080050f4   0x080050f4   0x00000094   Code   RO          977    i.LED_Control       led.o
    0x08005188   0x08005188   0x00000104   Code   RO          978    i.LED_Flash         led.o
    0x0800528c   0x0800528c   0x0000008c   Code   RO          980    i.LED_Init          led.o
    0x08005318   0x08005318   0x0000001c   Code   RO          542    i.LogManager_GetLevelString  bsp_log_manager.o
    0x08005334   0x08005334   0x00000020   Code   RO          544    i.LogManager_GetModuleString  bsp_log_manager.o
    0x08005354   0x08005354   0x00000034   Code   RO          545    i.LogManager_GetStatistics  bsp_log_manager.o
    0x08005388   0x08005388   0x000000cc   Code   RO          547    i.LogManager_Init   bsp_log_manager.o
    0x08005454   0x08005454   0x00000028   Code   RO          548    i.LogManager_IsLevelEnabled  bsp_log_manager.o
    0x0800547c   0x0800547c   0x00000010   Code   RO          549    i.LogManager_Output  bsp_log_manager.o
    0x0800548c   0x0800548c   0x00000254   Code   RO          550    i.LogManager_OutputV  bsp_log_manager.o
    0x080056e0   0x080056e0   0x00000180   Code   RO          551    i.LogManager_PrintStatistics  bsp_log_manager.o
    0x08005860   0x08005860   0x000001a8   Code   RO          552    i.LogManager_PrintSystemInfo  bsp_log_manager.o
    0x08005a08   0x08005a08   0x00000064   Code   RO         2369    i.NVIC_Init         misc.o
    0x08005a6c   0x08005a6c   0x00000014   Code   RO         2370    i.NVIC_PriorityGroupConfig  misc.o
    0x08005a80   0x08005a80   0x00000014   Code   RO         5089    i.RCC_ConfigSysclk  n32g45x_rcc.o
    0x08005a94   0x08005a94   0x00000018   Code   RO         5096    i.RCC_EnableAPB1PeriphClk  n32g45x_rcc.o
    0x08005aac   0x08005aac   0x00000018   Code   RO         5097    i.RCC_EnableAPB1PeriphReset  n32g45x_rcc.o
    0x08005ac4   0x08005ac4   0x00000018   Code   RO         5098    i.RCC_EnableAPB2PeriphClk  n32g45x_rcc.o
    0x08005adc   0x08005adc   0x00000018   Code   RO         5099    i.RCC_EnableAPB2PeriphReset  n32g45x_rcc.o
    0x08005af4   0x08005af4   0x000000bc   Code   RO         5108    i.RCC_GetClocksFreqValue  n32g45x_rcc.o
    0x08005bb0   0x08005bb0   0x00000010   Code   RO         5112    i.RCC_GetSysclkSrc  n32g45x_rcc.o
    0x08005bc0   0x08005bc0   0x00000010   Code   RO         1040    i.RingBuffer_Deinit  ring_buffer.o
    0x08005bd0   0x08005bd0   0x00000020   Code   RO         1042    i.RingBuffer_Init   ring_buffer.o
    0x08005bf0   0x08005bf0   0x00000042   Code   RO         1047    i.RingBuffer_Read   ring_buffer.o
    0x08005c32   0x08005c32   0x00000042   Code   RO         1049    i.RingBuffer_Write  ring_buffer.o
    0x08005c74   0x08005c74   0x00000042   Code   RO         1050    i.RingBuffer_WriteFromISR  ring_buffer.o
    0x08005cb6   0x08005cb6   0x00000014   Code   RO         5827    i.SPI_Enable        n32g45x_spi.o
    0x08005cca   0x08005cca   0x00000038   Code   RO         5840    i.SPI_Init          n32g45x_spi.o
    0x08005d02   0x08005d02   0x00000002   PAD
    0x08005d04   0x08005d04   0x00000208   Code   RO          711    i.Serial_Driver_Init  bsp_serial_driver.o
    0x08005f0c   0x08005f0c   0x000000c0   Code   RO         1120    i.SetSysClock       system_n32g45x.o
    0x08005fcc   0x08005fcc   0x00000100   Code   RO         1122    i.SystemInit        system_n32g45x.o
    0x080060cc   0x080060cc   0x00000006   Code   RO          850    i.UART4_IRQHandler  bsp_uart_irq_handlers.o
    0x080060d2   0x080060d2   0x00000006   Code   RO          851    i.UART5_IRQHandler  bsp_uart_irq_handlers.o
    0x080060d8   0x080060d8   0x00000014   Code   RO          889    i.UART_RingBuffer_GetAvailableBytes  bsp_uart_ring_buffer.o
    0x080060ec   0x080060ec   0x000000c0   Code   RO          890    i.UART_RingBuffer_IRQHandler  bsp_uart_ring_buffer.o
    0x080061ac   0x080061ac   0x00000138   Code   RO          891    i.UART_RingBuffer_Init  bsp_uart_ring_buffer.o
    0x080062e4   0x080062e4   0x0000006c   Code   RO          894    i.UART_RingBuffer_Receive  bsp_uart_ring_buffer.o
    0x08006350   0x08006350   0x000000d4   Code   RO          895    i.UART_RingBuffer_Send  bsp_uart_ring_buffer.o
    0x08006424   0x08006424   0x00000024   Code   RO          896    i.UART_RingBuffer_SendString  bsp_uart_ring_buffer.o
    0x08006448   0x08006448   0x00000006   Code   RO          852    i.USART3_IRQHandler  bsp_uart_irq_handlers.o
    0x0800644e   0x0800644e   0x0000000c   Code   RO         6724    i.USART_ClrIntPendingBit  n32g45x_usart.o
    0x0800645a   0x0800645a   0x00000030   Code   RO         6725    i.USART_ConfigInt   n32g45x_usart.o
    0x0800648a   0x0800648a   0x00000002   PAD
    0x0800648c   0x0800648c   0x000000a8   Code   RO         6729    i.USART_DeInit      n32g45x_usart.o
    0x08006534   0x08006534   0x00000014   Code   RO         6730    i.USART_Enable      n32g45x_usart.o
    0x08006548   0x08006548   0x0000000e   Code   RO         6737    i.USART_GetFlagStatus  n32g45x_usart.o
    0x08006556   0x08006556   0x0000003e   Code   RO         6738    i.USART_GetIntStatus  n32g45x_usart.o
    0x08006594   0x08006594   0x000000b0   Code   RO         6739    i.USART_Init        n32g45x_usart.o
    0x08006644   0x08006644   0x00000008   Code   RO         6740    i.USART_ReceiveData  n32g45x_usart.o
    0x0800664c   0x0800664c   0x00000008   Code   RO         6742    i.USART_SendData    n32g45x_usart.o
    0x08006654   0x08006654   0x00000034   Code   RO         7403    i.__0snprintf       mc_w.l(printfa.o)
    0x08006688   0x08006688   0x00000034   Code   RO         7407    i.__0vsnprintf      mc_w.l(printfa.o)
    0x080066bc   0x080066bc   0x0000000e   Code   RO         7473    i.__scatterload_copy  mc_w.l(handlers.o)
    0x080066ca   0x080066ca   0x00000002   Code   RO         7474    i.__scatterload_null  mc_w.l(handlers.o)
    0x080066cc   0x080066cc   0x0000000e   Code   RO         7475    i.__scatterload_zeroinit  mc_w.l(handlers.o)
    0x080066da   0x080066da   0x00000002   PAD
    0x080066dc   0x080066dc   0x00000184   Code   RO         7409    i._fp_digits        mc_w.l(printfa.o)
    0x08006860   0x08006860   0x000006b4   Code   RO         7410    i._printf_core      mc_w.l(printfa.o)
    0x08006f14   0x08006f14   0x00000024   Code   RO         7411    i._printf_post_padding  mc_w.l(printfa.o)
    0x08006f38   0x08006f38   0x0000002e   Code   RO         7412    i._printf_pre_padding  mc_w.l(printfa.o)
    0x08006f66   0x08006f66   0x00000016   Code   RO         7413    i._snputc           mc_w.l(printfa.o)
    0x08006f7c   0x08006f7c   0x0000001c   Code   RO          713    i.bsp_debug_port_remap_swd_only  bsp_serial_driver.o
    0x08006f98   0x08006f98   0x000000f8   Code   RO          313    i.esp_init_sequence  tsk_commu_send.o
    0x08007090   0x08007090   0x0000001c   Code   RO          897    i.get_uart_device   bsp_uart_ring_buffer.o
    0x080070ac   0x080070ac   0x0000010c   Code   RO          230    i.handle_received_message  tsk_commu_receive.o
    0x080071b8   0x080071b8   0x0000002c   Code   RO            4    i.hardware_init     main.o
    0x080071e4   0x080071e4   0x00000020   Code   RO          557    i.lock_log_manager  bsp_log_manager.o
    0x08007204   0x08007204   0x000000f4   Code   RO            5    i.main              main.o
    0x080072f8   0x080072f8   0x00000298   Code   RO          231    i.parse_command     tsk_commu_receive.o
    0x08007590   0x08007590   0x000001b4   Code   RO          314    i.process_send_message  tsk_commu_send.o
    0x08007744   0x08007744   0x000000bc   Code   RO          232    i.process_uart_data  tsk_commu_receive.o
    0x08007800   0x08007800   0x00000070   Code   RO         1720    i.prvAddCurrentTaskToDelayedList  tasks.o
    0x08007870   0x08007870   0x000000d0   Code   RO         1721    i.prvAddNewTaskToReadyList  tasks.o
    0x08007940   0x08007940   0x00000050   Code   RO         2098    i.prvCheckForValidListAndQueue  timers.o
    0x08007990   0x08007990   0x00000026   Code   RO         1328    i.prvCopyDataFromQueue  queue.o
    0x080079b6   0x080079b6   0x0000006c   Code   RO         1329    i.prvCopyDataToQueue  queue.o
    0x08007a22   0x08007a22   0x00000014   Code   RO         1722    i.prvDeleteTCB      tasks.o
    0x08007a36   0x08007a36   0x00000002   PAD
    0x08007a38   0x08007a38   0x0000004c   Code   RO         2240    i.prvHeapInit       heap_4.o
    0x08007a84   0x08007a84   0x00000060   Code   RO         1723    i.prvIdleTask       tasks.o
    0x08007ae4   0x08007ae4   0x0000009c   Code   RO         1724    i.prvInitialiseNewTask  tasks.o
    0x08007b80   0x08007b80   0x0000004c   Code   RO         2241    i.prvInsertBlockIntoFreeList  heap_4.o
    0x08007bcc   0x08007bcc   0x00000038   Code   RO         2099    i.prvInsertTimerInActiveList  timers.o
    0x08007c04   0x08007c04   0x0000001c   Code   RO         1330    i.prvIsQueueEmpty   queue.o
    0x08007c20   0x08007c20   0x00000044   Code   RO         1331    i.prvNotifyQueueSetContainer  queue.o
    0x08007c64   0x08007c64   0x000000dc   Code   RO         2100    i.prvProcessReceivedCommands  timers.o
    0x08007d40   0x08007d40   0x000000b0   Code   RO         2101    i.prvProcessTimerOrBlockTask  timers.o
    0x08007df0   0x08007df0   0x0000001c   Code   RO         1726    i.prvResetNextTaskUnblockTime  tasks.o
    0x08007e0c   0x08007e0c   0x00000028   Code   RO         2102    i.prvSampleTimeNow  timers.o
    0x08007e34   0x08007e34   0x0000005c   Code   RO         2103    i.prvSwitchTimerLists  timers.o
    0x08007e90   0x08007e90   0x00000010   Code   RO         2296    i.prvTaskExitError  port.o
    0x08007ea0   0x08007ea0   0x00000024   Code   RO         2104    i.prvTimerTask      timers.o
    0x08007ec4   0x08007ec4   0x00000076   Code   RO         1332    i.prvUnlockQueue    queue.o
    0x08007f3a   0x08007f3a   0x00000002   PAD
    0x08007f3c   0x08007f3c   0x000000b0   Code   RO         2242    i.pvPortMalloc      heap_4.o
    0x08007fec   0x08007fec   0x00000018   Code   RO         1729    i.pvTaskIncrementMutexHeldCount  tasks.o
    0x08008004   0x08008004   0x0000002c   Code   RO         2297    i.pxPortInitialiseStack  port.o
    0x08008030   0x08008030   0x000000a8   Code   RO          315    i.send_esp_at_command  tsk_commu_send.o
    0x080080d8   0x080080d8   0x00000034   Code   RO          316    i.send_heartbeat_data  tsk_commu_send.o
    0x0800810c   0x0800810c   0x0000001c   Code   RO          558    i.unlock_log_manager  bsp_log_manager.o
    0x08008128   0x08008128   0x00000026   Code   RO         1288    i.uxListRemove      list.o
    0x0800814e   0x0800814e   0x00000002   PAD
    0x08008150   0x08008150   0x0000004c   Code   RO          233    i.vCommuReceiveTask  tsk_commu_receive.o
    0x0800819c   0x0800819c   0x0000005c   Code   RO          317    i.vCommuSendTask    tsk_commu_send.o
    0x080081f8   0x080081f8   0x0000000c   Code   RO            6    i.vLedTask          main.o
    0x08008204   0x08008204   0x00000016   Code   RO         1289    i.vListInitialise   list.o
    0x0800821a   0x0800821a   0x00000006   Code   RO         1290    i.vListInitialiseItem  list.o
    0x08008220   0x08008220   0x00000030   Code   RO         1291    i.vListInsert       list.o
    0x08008250   0x08008250   0x00000018   Code   RO         1292    i.vListInsertEnd    list.o
    0x08008268   0x08008268   0x0000001c   Code   RO         2299    i.vPortEnterCritical  port.o
    0x08008284   0x08008284   0x00000014   Code   RO         2300    i.vPortExitCritical  port.o
    0x08008298   0x08008298   0x00000044   Code   RO         2243    i.vPortFree         heap_4.o
    0x080082dc   0x080082dc   0x00000024   Code   RO         2301    i.vPortSetupTimerInterrupt  port.o
    0x08008300   0x08008300   0x00000028   Code   RO         1338    i.vQueueAddToRegistry  queue.o
    0x08008328   0x08008328   0x00000012   Code   RO         1339    i.vQueueDelete      queue.o
    0x0800833a   0x0800833a   0x00000002   PAD
    0x0800833c   0x0800833c   0x00000028   Code   RO         1341    i.vQueueUnregisterQueue  queue.o
    0x08008364   0x08008364   0x00000044   Code   RO         1342    i.vQueueWaitForMessageRestricted  queue.o
    0x080083a8   0x080083a8   0x00000030   Code   RO         1739    i.vTaskDelay        tasks.o
    0x080083d8   0x080083d8   0x00000010   Code   RO         1744    i.vTaskInternalSetTimeOutState  tasks.o
    0x080083e8   0x080083e8   0x0000000c   Code   RO         1746    i.vTaskMissedYield  tasks.o
    0x080083f4   0x080083f4   0x00000020   Code   RO         1747    i.vTaskPlaceOnEventList  tasks.o
    0x08008414   0x08008414   0x00000028   Code   RO         1748    i.vTaskPlaceOnEventListRestricted  tasks.o
    0x0800843c   0x0800843c   0x00000078   Code   RO         1750    i.vTaskPriorityDisinheritAfterTimeout  tasks.o
    0x080084b4   0x080084b4   0x00000058   Code   RO         1756    i.vTaskStartScheduler  tasks.o
    0x0800850c   0x0800850c   0x00000010   Code   RO         1758    i.vTaskSuspendAll   tasks.o
    0x0800851c   0x0800851c   0x00000044   Code   RO         1759    i.vTaskSwitchContext  tasks.o
    0x08008560   0x08008560   0x000000d4   Code   RO          318    i.wait_for_response  tsk_commu_send.o
    0x08008634   0x08008634   0x0000000c   Code   RO         2246    i.xPortGetFreeHeapSize  heap_4.o
    0x08008640   0x08008640   0x0000000c   Code   RO         2247    i.xPortGetMinimumEverFreeHeapSize  heap_4.o
    0x0800864c   0x0800864c   0x00000040   Code   RO         2302    i.xPortStartScheduler  port.o
    0x0800868c   0x0800868c   0x00000024   Code   RO         1345    i.xQueueCreateMutex  queue.o
    0x080086b0   0x080086b0   0x0000003c   Code   RO         1347    i.xQueueGenericCreate  queue.o
    0x080086ec   0x080086ec   0x00000074   Code   RO         1348    i.xQueueGenericReset  queue.o
    0x08008760   0x08008760   0x00000114   Code   RO         1349    i.xQueueGenericSend  queue.o
    0x08008874   0x08008874   0x00000086   Code   RO         1350    i.xQueueGenericSendFromISR  queue.o
    0x080088fa   0x080088fa   0x00000060   Code   RO         1351    i.xQueueGiveFromISR  queue.o
    0x0800895a   0x0800895a   0x00000002   PAD
    0x0800895c   0x0800895c   0x000000f0   Code   RO         1357    i.xQueueReceive     queue.o
    0x08008a4c   0x08008a4c   0x00000128   Code   RO         1362    i.xQueueSemaphoreTake  queue.o
    0x08008b74   0x08008b74   0x00000058   Code   RO         1761    i.xTaskCheckForTimeOut  tasks.o
    0x08008bcc   0x08008bcc   0x00000056   Code   RO         1762    i.xTaskCreate       tasks.o
    0x08008c22   0x08008c22   0x00000002   PAD
    0x08008c24   0x08008c24   0x0000001c   Code   RO         1769    i.xTaskGetSchedulerState  tasks.o
    0x08008c40   0x08008c40   0x0000000c   Code   RO         1770    i.xTaskGetTickCount  tasks.o
    0x08008c4c   0x08008c4c   0x000000b4   Code   RO         1772    i.xTaskIncrementTick  tasks.o
    0x08008d00   0x08008d00   0x00000068   Code   RO         1773    i.xTaskPriorityDisinherit  tasks.o
    0x08008d68   0x08008d68   0x0000008c   Code   RO         1774    i.xTaskPriorityInherit  tasks.o
    0x08008df4   0x08008df4   0x00000068   Code   RO         1775    i.xTaskRemoveFromEventList  tasks.o
    0x08008e5c   0x08008e5c   0x000000b4   Code   RO         1776    i.xTaskResumeAll    tasks.o
    0x08008f10   0x08008f10   0x0000003c   Code   RO         2112    i.xTimerCreateTimerTask  timers.o
    0x08008f4c   0x08008f4c   0x00000050   Code   RO         2113    i.xTimerGenericCommand  timers.o
    0x08008f9c   0x08008f9c   0x00000028   Data   RO          560    .constdata          bsp_log_manager.o
    0x08008fc4   0x08008fc4   0x00000040   Data   RO         5115    .constdata          n32g45x_rcc.o
    0x08009004   0x08009004   0x00000018   Data   RO         6984    .constdata          eventrecorder.o
    0x0800901c   0x0800901c   0x0000009a   Data   RO          561    .conststring        bsp_log_manager.o
    0x080090b6   0x080090b6   0x00000002   PAD
    0x080090b8   0x080090b8   0x00000020   Data   RO         7471    Region$$Table       anon$$obj.o


    Execution Region RW_IRAM1 (Exec base: 0x20000000, Load base: 0x080090d8, Size: 0x000047b8, Max: 0x00070000, ABSOLUTE)

    Exec Addr    Load Addr    Size         Type   Attr      Idx    E Section Name        Object

    0x20000000   0x080090d8   0x00000008   Data   RW          235    .data               tsk_commu_receive.o
    0x20000008   0x080090e0   0x00000014   Data   RW          319    .data               tsk_commu_send.o
    0x2000001c   0x080090f4   0x00000048   Data   RW          562    .data               bsp_log_manager.o
    0x20000064   0x0800913c   0x00000014   Data   RW          985    .data               led.o
    0x20000078   0x08009150   0x00000004   Data   RW         1124    .data               system_n32g45x.o
    0x2000007c   0x08009154   0x00000040   Data   RW         1779    .data               tasks.o
    0x200000bc   0x08009194   0x00000014   Data   RW         2121    .data               timers.o
    0x200000d0   0x080091a8   0x00000020   Data   RW         2249    .data               heap_4.o
    0x200000f0   0x080091c8   0x00000004   Data   RW         2304    .data               port.o
    0x200000f4        -       0x00000184   Zero   RW          234    .bss                tsk_commu_receive.o
    0x20000278        -       0x000001c8   Zero   RW          559    .bss                bsp_log_manager.o
    0x20000440        -       0x00002b14   Zero   RW          898    .bss                bsp_uart_ring_buffer.o
    0x20002f54        -       0x00000018   Zero   RW          984    .bss                led.o
    0x20002f6c        -       0x00000040   Zero   RW         1364    .bss                queue.o
    0x20002fac        -       0x000002e4   Zero   RW         1778    .bss                tasks.o
    0x20003290        -       0x00000028   Zero   RW         2120    .bss                timers.o
    0x200032b8        -       0x00001500   Zero   RW         1156    STACK               startup_n32g45x.o


    Execution Region ZI_RAM_UNINIT (Exec base: 0x200047b8, Load base: 0x080091cc, Size: 0x000004ac, Max: 0xffffffff, ABSOLUTE, UNINIT)

    Exec Addr    Load Addr    Size         Type   Attr      Idx    E Section Name        Object

    0x200047b8   0x080091cc   0x00000008   PAD
    0x200047c0        -       0x000004a4   Zero   RW         6983    .bss.noinit         eventrecorder.o



  Load Region LR$$.ARM.__AT_0x10002714 (Base: 0x10002714, Size: 0x00000000, Max: 0x0000c800, ABSOLUTE)

    Execution Region ER$$.ARM.__AT_0x10002714 (Exec base: 0x10002714, Load base: 0x10002714, Size: 0x0000c800, Max: 0x0000c800, ABSOLUTE, UNINIT)

    Exec Addr    Load Addr    Size         Type   Attr      Idx    E Section Name        Object

    0x10002714        -       0x0000c800   Zero   RW         2248    .ARM.__AT_0x10002714  heap_4.o


==============================================================================

Image component sizes


      Code (inc. data)   RO Data    RW Data    ZI Data      Debug   Object Name

      1836        582        194         72        456      21560   bsp_log_manager.o
       548         30          0          0          0       2625   bsp_serial_driver.o
       192         10          0          0          0       1546   bsp_spiflash.o
        18          0          0          0          0       1498   bsp_uart_irq_handlers.o
       908         42          0          0      11028       7850   bsp_uart_ring_buffer.o
         0          0          0          0          0      13472   event_groups.o
         0          0         24          0       1188       4309   eventrecorder.o
       420         36          0         32      51200       5264   heap_4.o
       548         38          0         20         24       4807   led.o
       138          0          0          0          0       3406   list.o
       300        120          0          0          0     383086   main.o
       120         16          0          0          0       1823   misc.o
       438         10          0          0          0       4752   n32g45x_gpio.o
       320         58         64          0          0       8515   n32g45x_rcc.o
        76          0          0          0          0       2496   n32g45x_spi.o
       516         42          0          0          0       8278   n32g45x_usart.o
       398         44          0          4          0       9006   port.o
      1780         26          0          0         64      19955   queue.o
       246          0          0          0          0       4198   ring_buffer.o
        36          8        408          0       5376        876   startup_n32g45x.o
       448         64          0          4          0       2581   system_n32g45x.o
      2006        186          0         64        740      32703   tasks.o
       840         84          0         20         40      11135   timers.o
      1376        706          0          8        388       6864   tsk_commu_receive.o
      2004        846          0         20          0       9801   tsk_commu_send.o

    ----------------------------------------------------------------------
     15532       2948        724        244      70512     572406   Object Totals
         0          0         32          0          0          0   (incl. Generated)
        20          0          2          0          8          0   (incl. Padding)

    ----------------------------------------------------------------------

      Code (inc. data)   RO Data    RW Data    ZI Data      Debug   Library Member Name

         0          0          0          0          0          0   entry.o
         0          0          0          0          0          0   entry10a.o
         0          0          0          0          0          0   entry11a.o
         4          0          0          0          0          0   entry12b.o
         8          4          0          0          0          0   entry2.o
         4          0          0          0          0          0   entry5.o
         0          0          0          0          0          0   entry7b.o
         0          0          0          0          0          0   entry8b.o
         8          4          0          0          0          0   entry9a.o
        30          0          0          0          0          0   handlers.o
        36          8          0          0          0         68   init.o
         0          0          0          0          0          0   iusefp.o
        30          0          0          0          0         68   llshl.o
        36          0          0          0          0         68   llsshr.o
        32          0          0          0          0         68   llushr.o
        36          0          0          0          0         68   memcpya.o
        36          0          0          0          0        108   memseta.o
      2312         90          0          0          0        616   printfa.o
        20          0          0          0          0         68   strchr.o
        14          0          0          0          0         68   strlen.o
        30          0          0          0          0         80   strncmp.o
        24          0          0          0          0         76   strncpy.o
        22          0          0          0          0         68   strrchr.o
        36          0          0          0          0         80   strstr.o
        44          0          0          0          0         80   uidiv.o
        98          0          0          0          0         92   uldiv.o
        48          0          0          0          0         68   cdrcmple.o
       334          0          0          0          0        148   dadd.o
       222          0          0          0          0        100   ddiv.o
       186          0          0          0          0        176   depilogue.o
        48          0          0          0          0         68   dfixul.o
       228          0          0          0          0         96   dmul.o

    ----------------------------------------------------------------------
      3928        106          0          0          0       2332   Library Totals
         2          0          0          0          0          0   (incl. Padding)

    ----------------------------------------------------------------------

      Code (inc. data)   RO Data    RW Data    ZI Data      Debug   Library Name

      2860        106          0          0          0       1676   mc_w.l
      1066          0          0          0          0        656   mf_w.l

    ----------------------------------------------------------------------
      3928        106          0          0          0       2332   Library Totals

    ----------------------------------------------------------------------

==============================================================================


      Code (inc. data)   RO Data    RW Data    ZI Data      Debug   

     19460       3054        724        244      70512     559694   Grand Totals
     19460       3054        724        244      70512     559694   ELF Image Totals
     19460       3054        724        244          0          0   ROM Totals

==============================================================================

    Total RO  Size (Code + RO Data)                20184 (  19.71kB)
    Total RW  Size (RW Data + ZI Data)             70756 (  69.10kB)
    Total ROM Size (Code + RO Data + RW Data)      20428 (  19.95kB)

==============================================================================

