Component: ARM Compiler 5.06 update 7 (build 960) Tool: armlink [4d3601]

==============================================================================

Section Cross References

    bootflashcode.o(i.BOOT_FLASH_EraseOnePage) refers to bootflashcode.o(i.BOOT_FLASH_WaitForLastOpt) for BOOT_FLASH_WaitForLastOpt
    bootflashcode.o(i.BOOT_FLASH_ProgramWord) refers to bootflashcode.o(i.BOOT_FLASH_WaitForLastOpt) for BOOT_FLASH_WaitForLastOpt
    bootflashcode.o(i.BOOT_FLASH_WaitForLastOpt) refers to bootflashcode.o(i.BOOT_FLASH_GetSTS) for BOOT_FLASH_GetSTS
    bootflashcode.o(i.CRC16_2) refers to bootloader.o(.constdata) for wCRCTableAbs
    bootflashcode.o(i.sBootFLASH_Program) refers to bootflashcode.o(i.BOOT_FLASH_ProgramWord) for BOOT_FLASH_ProgramWord
    bootflashcode.o(i.sBootFlashEraseSectors) refers to bootflashcode.o(i.BOOT_FLASH_EraseOnePage) for BOOT_FLASH_EraseOnePage
    bootflashcode.o(i.sBootMatchFirmware) refers to bootflashcode.o(i.sBootStrncmp) for sBootStrncmp
    bootflashcode.o(i.sBootMatchFirmwareType) refers to bootflashcode.o(i.sBootStrncmp) for sBootStrncmp
    bootflashcode.o(i.sBootReplceAppMask) refers to bootloader.o(i.sAppOkMark) for sAppOkMark
    bootflashcode.o(i.sFlashFirmPackOperate) refers to bootflashcode.o(i.sBootFlashEraseSectors) for sBootFlashEraseSectors
    bootflashcode.o(i.sFlashFirmPackOperate) refers to bootflashcode.o(i.sBootCiphertext2Plaintext) for sBootCiphertext2Plaintext
    bootflashcode.o(i.sFlashFirmPackOperate) refers to bootflashcode.o(i.sBootReplceAppMask) for sBootReplceAppMask
    bootflashcode.o(i.sFlashFirmPackOperate) refers to bootflashcode.o(i.sBootFLASH_Program) for sBootFLASH_Program
    bootflashcode.o(i.sLocalUpdateSpiFlashFirmPackOperate) refers to bootflashcode.o(i.sBootCiphertext2Plaintext) for sBootCiphertext2Plaintext
    bootflashcode.o(i.sLocalUpdateSpiFlashFirmPackOperate) refers to bootflashcode.o(i.sBootReplceAppMask) for sBootReplceAppMask
    bootflashcode.o(i.sLocalUpdateSpiFlashFirmPackOperate) refers to bootflashcode.o(i.sBootFLASH_Program) for sBootFLASH_Program
    bootloader.o(i.BootSystemInit) refers to bootloader.o(i.BootSetSysClock) for BootSetSysClock
    bootloader.o(i.sAppOkMark) refers to bootloader.o(.data) for .data
    bootloader.o(i.sBootLoaderStart) refers to bootloaderasmfuncs_keil.o(.text) for sClearReverseRam
    bootloader.o(i.sBootLoaderStart) refers to bootloader.o(i.sDoIarcmain) for sDoIarcmain
    bootloader.o(i.sDoIarcmain) refers to main.o(i.main) for main
    bootloader.o(i.sResetEntry) refers to bootloaderasmfuncs_keil.o(.text) for sResetSP
    bootloader.o(i.sResetEntry) refers to bootloader.o(i.sBootLoaderStart) for sBootLoaderStart
    bootloader.o(.constdata) refers to bootloader.o(.firmware_info) for bFirmwareTypeStr
    bootloader.o(.constdata) refers to bootloader.o(.firmware_info) for bBootFirmwareStr
    bootloader.o(.constdata) refers to bootloader.o(i.sBootLoaderStart) for sBootLoaderStart
    bootloader.o(.constdata) refers to bootuartcode.o(i.sBootIcpCmdAnalysis) for sBootIcpCmdAnalysis
    bootloader.o(.constdata) refers to bootuartcode.o(i.sBootSubsetICPCmdAnalysis) for sBootSubsetICPCmdAnalysis
    bootloader.o(.constdata) refers to bootuartcode.o(i.sCheckToTransparentCmd) for sCheckToTransparentCmd
    bootloader.o(.constdata) refers to bootuartcode.o(i.sCheckToResponseCmd) for sCheckToResponseCmd
    bootloaderapp.o(i.AppDeviceTreeInit) refers to bootloader.o(.firmware_info) for bFirmwareTypeStr
    bootloaderapp.o(i.AppDeviceTreeInit) refers to bootloader.o(.firmware_info) for bFrimwareVerStr
    bootloaderapp.o(i.AppDeviceTreeInit) refers to bootloader.o(.firmware_info) for bBootFirmwareStr
    bootloaderapp.o(i.UpdateUARTInfoinit) refers to memseta.o(.text) for __aeabi_memclr
    bootloaderapp.o(i.app_version_type_check) refers to bootloaderapp.o(i.LOG_PRINTF) for LOG_PRINTF
    bootloaderapp.o(i.app_version_type_check) refers to bootloader.o(.firmware_info) for bBootFirmwareStr
    bootloaderapp.o(i.boot_cmd_handle) refers to bootloaderapp.o(i.check_crc16) for check_crc16
    bootloaderapp.o(i.boot_cmd_handle) refers to bootloaderapp.o(i.LOG_PRINTF) for LOG_PRINTF
    bootloaderapp.o(i.boot_cmd_handle) refers to heap_4.o(i.pvPortMalloc) for pvPortMalloc
    bootloaderapp.o(i.boot_cmd_handle) refers to memseta.o(.text) for __aeabi_memclr
    bootloaderapp.o(i.boot_cmd_handle) refers to bootloaderapp.o(i.rs485_updata_self_config) for rs485_updata_self_config
    bootloaderapp.o(i.boot_cmd_handle) refers to bootloaderapp.o(i.rs485_updata_self_code) for rs485_updata_self_code
    bootloaderapp.o(i.boot_cmd_handle) refers to bootloaderapp.o(i.updata_data_check_all) for updata_data_check_all
    bootloaderapp.o(i.boot_cmd_handle) refers to tasks.o(i.vTaskDelay) for vTaskDelay
    bootloaderapp.o(i.boot_cmd_handle) refers to heap_4.o(i.vPortFree) for vPortFree
    bootloaderapp.o(i.boot_cmd_handle) refers to bootloaderapp.o(.bss) for .bss
[...]
    s_data_mutex                             0x20000040   Data           4  tsk_4g_init.o(.data)
    s_4g_data_queue                          0x20000044   Data           4  tsk_4g_init.o(.data)
    s_uart_mutex                             0x20000048   Data           4  tsk_4g_init.o(.data)
    s_tcp_event_callback                     0x2000004c   Data           4  tsk_4g_init.o(.data)
    s_tcp_user_data                          0x20000050   Data           4  tsk_4g_init.o(.data)
    s_tcp_retry_interval                     0x20000054   Data           4  tsk_4g_init.o(.data)
    s_tcp_connect_time                       0x20000058   Data           4  tsk_4g_init.o(.data)
    s_tcp_monitor_task                       0x2000005c   Data           4  tsk_4g_init.o(.data)
    s_device_register_callback               0x20000060   Data           4  tsk_4g_init.o(.data)
    s_device_register_user_data              0x20000064   Data           4  tsk_4g_init.o(.data)
    s_register_mutex                         0x20000068   Data           4  tsk_4g_init.o(.data)
    s_device_register_task                   0x2000006c   Data           4  tsk_4g_init.o(.data)
    s_realtime_data_task                     0x20000070   Data           4  tsk_4g_init.o(.data)
    s_register_start_time                    0x20000074   Data           4  tsk_4g_init.o(.data)
    .data                                    0x20000078   Section       24  bsp_log_manager.o(.data)
    boot_sequence                            0x20000078   Data           4  bsp_log_manager.o(.data)
    level_colors                             0x2000007c   Data          20  bsp_log_manager.o(.data)
    .data                                    0x20000090   Section       20  led.o(.data)
    net_state_backup                         0x20000090   Data           1  led.o(.data)
    net_state                                0x20000091   Data           1  led.o(.data)
    net_timer_init                           0x20000092   Data           1  led.o(.data)
    com_state_backup                         0x20000093   Data           1  led.o(.data)
    com_state                                0x20000094   Data           1  led.o(.data)
    com_timer_init                           0x20000095   Data           1  led.o(.data)
    net_flash_count                          0x20000096   Data           2  led.o(.data)
    com_flash_count                          0x20000098   Data           2  led.o(.data)
    net_start_time                           0x2000009c   Data           4  led.o(.data)
    com_start_time                           0x200000a0   Data           4  led.o(.data)
    .data                                    0x200000a4   Section        4  system_n32g45x.o(.data)
    .data                                    0x200000a8   Section       64  tasks.o(.data)
    uxDeletedTasksWaitingCleanUp             0x200000ac   Data           4  tasks.o(.data)
    uxCurrentNumberOfTasks                   0x200000b0   Data           4  tasks.o(.data)
    xTickCount                               0x200000b4   Data           4  tasks.o(.data)
    uxTopReadyPriority                       0x200000b8   Data           4  tasks.o(.data)
    xSchedulerRunning                        0x200000bc   Data           4  tasks.o(.data)
    xPendedTicks                             0x200000c0   Data           4  tasks.o(.data)
    xYieldPending                            0x200000c4   Data           4  tasks.o(.data)
    xNumOfOverflows                          0x200000c8   Data           4  tasks.o(.data)
    uxTaskNumber                             0x200000cc   Data           4  tasks.o(.data)
    xNextTaskUnblockTime                     0x200000d0   Data           4  tasks.o(.data)
    xIdleTaskHandle                          0x200000d4   Data           4  tasks.o(.data)
    uxSchedulerSuspended                     0x200000dc   Data           4  tasks.o(.data)
    pxDelayedTaskList                        0x200000e0   Data           4  tasks.o(.data)
    pxOverflowDelayedTaskList                0x200000e4   Data           4  tasks.o(.data)
    .data                                    0x200000e8   Section       20  timers.o(.data)
    xTimerQueue                              0x200000e8   Data           4  timers.o(.data)
    xTimerTaskHandle                         0x200000ec   Data           4  timers.o(.data)
    xLastTime                                0x200000f0   Data           4  timers.o(.data)
    pxCurrentTimerList                       0x200000f4   Data           4  timers.o(.data)
    pxOverflowTimerList                      0x200000f8   Data           4  timers.o(.data)
    .data                                    0x200000fc   Section       32  heap_4.o(.data)
    pxEnd                                    0x200000fc   Data           4  heap_4.o(.data)
    xFreeBytesRemaining                      0x20000100   Data           4  heap_4.o(.data)
    xMinimumEverFreeBytesRemaining           0x20000104   Data           4  heap_4.o(.data)
    xNumberOfSuccessfulAllocations           0x20000108   Data           4  heap_4.o(.data)
    xNumberOfSuccessfulFrees                 0x2000010c   Data           4  heap_4.o(.data)
    xBlockAllocatedBit                       0x20000110   Data           4  heap_4.o(.data)
    xStart                                   0x20000114   Data           8  heap_4.o(.data)
    .data                                    0x2000011c   Section       12  port.o(.data)
    ucMaxSysCallPriority                     0x2000011c   Data           1  port.o(.data)
    uxCriticalNesting                        0x20000120   Data           4  port.o(.data)
    ulMaxPRIGROUPValue                       0x20000124   Data           4  port.o(.data)
    .data                                    0x20000128   Section        1  eventrecorder.o(.data)
    TS_OverflowLock                          0x20000128   Data           1  eventrecorder.o(.data)
    .data                                    0x2000012c   Section       12  retarget_io.o(.data)
    index                                    0x2000012c   Data           4  retarget_io.o(.data)
    buffer                                   0x20000130   Data           8  retarget_io.o(.data)
    .data                                    0x20000138   Section        4  stdout.o(.data)
    .data                                    0x2000013c   Section        4  errno.o(.data)
    _errno                                   0x2000013c   Data           4  errno.o(.data)
    .bss                                     0x20000140   Section      388  tsk_commu_receive.o(.bss)
    s_rx_buffer                              0x20000140   Data         256  tsk_commu_receive.o(.bss)
    s_current_message                        0x20000240   Data         132  tsk_commu_receive.o(.bss)
    .bss                                     0x200002c4   Section      548  tsk_4g_init.o(.bss)
    s_init_config                            0x200002c4   Data         124  tsk_4g_init.o(.bss)
    s_tcp_config                             0x20000484   Data          52  tsk_4g_init.o(.bss)
    s_device_register_data                   0x200004b8   Data          48  tsk_4g_init.o(.bss)
    .bss                                     0x200004e8   Section      456  bsp_log_manager.o(.bss)
    g_log_manager                            0x200004e8   Data         456  bsp_log_manager.o(.bss)
    .bss                                     0x200006b0   Section    11028  bsp_uart_ring_buffer.o(.bss)
    rs485_rx_buffer_storage                  0x200006b0   Data        1024  bsp_uart_ring_buffer.o(.bss)
    rs485_tx_buffer_storage                  0x20000ab0   Data         512  bsp_uart_ring_buffer.o(.bss)
    lte_rx_buffer_storage                    0x20000cb0   Data        5120  bsp_uart_ring_buffer.o(.bss)
    lte_tx_buffer_storage                    0x200020b0   Data        2560  bsp_uart_ring_buffer.o(.bss)
    log_rx_buffer_storage                    0x20002ab0   Data        1024  bsp_uart_ring_buffer.o(.bss)
    log_tx_buffer_storage                    0x20002eb0   Data         512  bsp_uart_ring_buffer.o(.bss)
    uart_devices                             0x200030b0   Data         276  bsp_uart_ring_buffer.o(.bss)
    .bss                                     0x200031c4   Section       24  led.o(.bss)
    net_led_state                            0x200031c4   Data          12  led.o(.bss)
    com_led_state                            0x200031d0   Data          12  led.o(.bss)
    .bss                                     0x200031dc   Section       64  queue.o(.bss)
    .bss                                     0x2000321c   Section      740  tasks.o(.bss)
    pxReadyTasksLists                        0x2000321c   Data         640  tasks.o(.bss)
    xDelayedTaskList1                        0x2000349c   Data          20  tasks.o(.bss)
    xDelayedTaskList2                        0x200034b0   Data          20  tasks.o(.bss)
    xPendingReadyList                        0x200034c4   Data          20  tasks.o(.bss)
    xTasksWaitingTermination                 0x200034d8   Data          20  tasks.o(.bss)
    xSuspendedTaskList                       0x200034ec   Data          20  tasks.o(.bss)
    .bss                                     0x20003500   Section       40  timers.o(.bss)
    xActiveTimerList1                        0x20003500   Data          20  timers.o(.bss)
    xActiveTimerList2                        0x20003514   Data          20  timers.o(.bss)
    STACK                                    0x20003528   Section     5376  startup_n32g45x.o(STACK)
    .bss.noinit                              0x20004a40   Section     1188  eventrecorder.o(.bss.noinit)
    EventBuffer                              0x20004a40   Data        1024  eventrecorder.o(.bss.noinit)
    EventFilter                              0x20004e40   Data         128  eventrecorder.o(.bss.noinit)
    EventStatus                              0x20004ec0   Data          36  eventrecorder.o(.bss.noinit)

    Global Symbols

    Symbol Name                              Value     Ov Type        Size  Object(Section)

    BuildAttributes$$THM_ISAv4$E$P$D$K$B$S$7EM$VFPi3$EXTD16$VFPS$VFMA$PE$A:L22UL41UL21$X:L11$S22US41US21$IEEE1$IW$USESV6$~STKCKD$USESV7$~SHL$OSPACE$ROPI$EBA8$MICROLIB$REQ8$PRES8$EABIv2 0x00000000   Number         0  anon$$obj.o ABSOLUTE
    __ARM_use_no_argv                        0x00000000   Number         0  main.o ABSOLUTE
    _printf_a                                0x00000000   Number         0  stubs.o ABSOLUTE
    _printf_c                                0x00000000   Number         0  stubs.o ABSOLUTE
    _printf_charcount                        0x00000000   Number         0  stubs.o ABSOLUTE
    _printf_d                                0x00000000   Number         0  stubs.o ABSOLUTE
    _printf_e                                0x00000000   Number         0  stubs.o ABSOLUTE
    _printf_f                                0x00000000   Number         0  stubs.o ABSOLUTE
    _printf_flags                            0x00000000   Number         0  stubs.o ABSOLUTE
    _printf_fp_dec                           0x00000000   Number         0  stubs.o ABSOLUTE
    _printf_fp_hex                           0x00000000   Number         0  stubs.o ABSOLUTE
    _printf_g                                0x00000000   Number         0  stubs.o ABSOLUTE
    _printf_i                                0x00000000   Number         0  stubs.o ABSOLUTE
    _printf_int_dec                          0x00000000   Number         0  stubs.o ABSOLUTE
    _printf_l                                0x00000000   Number         0  stubs.o ABSOLUTE
    _printf_lc                               0x00000000   Number         0  stubs.o ABSOLUTE
    _printf_ll                               0x00000000   Number         0  stubs.o ABSOLUTE
    _printf_lld                              0x00000000   Number         0  stubs.o ABSOLUTE
    _printf_lli                              0x00000000   Number         0  stubs.o ABSOLUTE
    _printf_llo                              0x00000000   Number         0  stubs.o ABSOLUTE
    _printf_llu                              0x00000000   Number         0  stubs.o ABSOLUTE
    _printf_llx                              0x00000000   Number         0  stubs.o ABSOLUTE
    _printf_longlong_dec                     0x00000000   Number         0  stubs.o ABSOLUTE
    _printf_longlong_hex                     0x00000000   Number         0  stubs.o ABSOLUTE
    _printf_longlong_oct                     0x00000000   Number         0  stubs.o ABSOLUTE
    _printf_ls                               0x00000000   Number         0  stubs.o ABSOLUTE
    _printf_mbtowc                           0x00000000   Number         0  stubs.o ABSOLUTE
    _printf_n                                0x00000000   Number         0  stubs.o ABSOLUTE
    _printf_o                                0x00000000   Number         0  stubs.o ABSOLUTE
    _printf_p                                0x00000000   Number         0  stubs.o ABSOLUTE
    _printf_percent                          0x00000000   Number         0  stubs.o ABSOLUTE
    _printf_pre_padding                      0x00000000   Number         0  stubs.o ABSOLUTE
    _printf_return_value                     0x00000000   Number         0  stubs.o ABSOLUTE
    _printf_s                                0x00000000   Number         0  stubs.o ABSOLUTE
    _printf_sizespec                         0x00000000   Number         0  stubs.o ABSOLUTE
    _printf_str                              0x00000000   Number         0  stubs.o ABSOLUTE
    _printf_truncate_signed                  0x00000000   Number         0  stubs.o ABSOLUTE
    _printf_truncate_unsigned                0x00000000   Number         0  stubs.o ABSOLUTE
    _printf_u                                0x00000000   Number         0  stubs.o ABSOLUTE
    _printf_wc                               0x00000000   Number         0  stubs.o ABSOLUTE
    _printf_wctomb                           0x00000000   Number         0  stubs.o ABSOLUTE
    _printf_widthprec                        0x00000000   Number         0  stubs.o ABSOLUTE
    _printf_x                                0x00000000   Number         0  stubs.o ABSOLUTE
    __arm_fini_                               - Undefined Weak Reference
    __cpp_initialize__aeabi_                  - Undefined Weak Reference
    __cxa_finalize                            - Undefined Weak Reference
    _clock_init                               - Undefined Weak Reference
    _microlib_exit                            - Undefined Weak Reference
    _scanf_longlong                           - Undefined Weak Reference
    _scanf_real                               - Undefined Weak Reference
    _scanf_string                             - Undefined Weak Reference
    __Vectors_Size                           0x00000198   Number         0  startup_n32g45x.o ABSOLUTE
    __Vectors                                0x08000000   Data           4  startup_n32g45x.o(RESET)
    __Vectors_End                            0x08000198   Data           0  startup_n32g45x.o(RESET)
    __main                                   0x08000199   Thumb Code     0  entry.o(.ARM.Collect$$$$00000000)
    _main_stk                                0x08000199   Thumb Code     0  entry2.o(.ARM.Collect$$$$00000001)
    _main_scatterload                        0x0800019d   Thumb Code     0  entry5.o(.ARM.Collect$$$$00000004)
    __main_after_scatterload                 0x080001a1   Thumb Code     0  entry5.o(.ARM.Collect$$$$00000004)
    _main_clock                              0x080001a1   Thumb Code     0  entry7b.o(.ARM.Collect$$$$00000008)
    _main_cpp_init                           0x080001a1   Thumb Code     0  entry8b.o(.ARM.Collect$$$$0000000A)
    _main_init                               0x080001a1   Thumb Code     0  entry9a.o(.ARM.Collect$$$$0000000B)
    __rt_lib_shutdown_fini                   0x080001a9   Thumb Code     0  entry12b.o(.ARM.Collect$$$$0000000E)
    __rt_final_cpp                           0x080001ad   Thumb Code     0  entry10a.o(.ARM.Collect$$$$0000000F)
    __rt_final_exit                          0x080001ad   Thumb Code     0  entry11a.o(.ARM.Collect$$$$00000011)
    SVC_Handler                              0x080001b1   Thumb Code    28  port.o(.emb_text)
    __asm___6_port_c_39a90d8d__prvStartFirstTask 0x080001d1   Thumb Code    36  port.o(.emb_text)
    __asm___6_port_c_39a90d8d__prvEnableVFP  0x080001f9   Thumb Code    16  port.o(.emb_text)
    PendSV_Handler                           0x0800020d   Thumb Code    88  port.o(.emb_text)
    vPortGetIPSR                             0x08000269   Thumb Code     6  port.o(.emb_text)
    __asm___15_EventRecorder_c_e8d3082c__atomic_inc8 0x08000271   Thumb Code    18  eventrecorder.o(.emb_text)
    __asm___15_EventRecorder_c_e8d3082c__atomic_inc32 0x08000283   Thumb Code    18  eventrecorder.o(.emb_text)
    __asm___15_EventRecorder_c_e8d3082c__atomic_wr8 0x08000295   Thumb Code    16  eventrecorder.o(.emb_text)
    __asm___15_EventRecorder_c_e8d3082c__atomic_wr32 0x080002a5   Thumb Code    16  eventrecorder.o(.emb_text)
    __asm___15_EventRecorder_c_e8d3082c__LockRecord 0x080002b5   Thumb Code    34  eventrecorder.o(.emb_text)
    __asm___15_EventRecorder_c_e8d3082c__UnlockRecord 0x080002d7   Thumb Code    30  eventrecorder.o(.emb_text)
    Reset_Handler                            0x080002f5   Thumb Code    54  bootloaderasmfuncs_keil.o(.text)
    sResetSP                                 0x0800032b   Thumb Code     6  bootloaderasmfuncs_keil.o(.text)
    sClearUserRam                            0x08000331   Thumb Code    24  bootloaderasmfuncs_keil.o(.text)
    sClearReverseRam                         0x08000349   Thumb Code    22  bootloaderasmfuncs_keil.o(.text)
    sAsmTest                                 0x0800035f   Thumb Code     4  bootloaderasmfuncs_keil.o(.text)
    ADC1_2_IRQHandler                        0x0800038f   Thumb Code     0  startup_n32g45x.o(.text)
    ADC3_4_IRQHandler                        0x0800038f   Thumb Code     0  startup_n32g45x.o(.text)
    CAN1_RX1_IRQHandler                      0x0800038f   Thumb Code     0  startup_n32g45x.o(.text)
    CAN1_SCE_IRQHandler                      0x0800038f   Thumb Code     0  startup_n32g45x.o(.text)
    CAN2_RX0_IRQHandler                      0x0800038f   Thumb Code     0  startup_n32g45x.o(.text)
    CAN2_RX1_IRQHandler                      0x0800038f   Thumb Code     0  startup_n32g45x.o(.text)
    CAN2_SCE_IRQHandler                      0x0800038f   Thumb Code     0  startup_n32g45x.o(.text)
    CAN2_TX_IRQHandler                       0x0800038f   Thumb Code     0  startup_n32g45x.o(.text)
    COMP7_IRQHandler                         0x0800038f   Thumb Code     0  startup_n32g45x.o(.text)
    COMP_1_2_3_IRQHandler                    0x0800038f   Thumb Code     0  startup_n32g45x.o(.text)
    COMP_4_5_6_IRQHandler                    0x0800038f   Thumb Code     0  startup_n32g45x.o(.text)
    DMA1_Channel1_IRQHandler                 0x0800038f   Thumb Code     0  startup_n32g45x.o(.text)
    DMA1_Channel2_IRQHandler                 0x0800038f   Thumb Code     0  startup_n32g45x.o(.text)
    DMA1_Channel3_IRQHandler                 0x0800038f   Thumb Code     0  startup_n32g45x.o(.text)
    DMA1_Channel4_IRQHandler                 0x0800038f   Thumb Code     0  startup_n32g45x.o(.text)
    DMA1_Channel5_IRQHandler                 0x0800038f   Thumb Code     0  startup_n32g45x.o(.text)
    DMA1_Channel6_IRQHandler                 0x0800038f   Thumb Code     0  startup_n32g45x.o(.text)
    DMA1_Channel7_IRQHandler                 0x0800038f   Thumb Code     0  startup_n32g45x.o(.text)
    DMA1_Channel8_IRQHandler                 0x0800038f   Thumb Code     0  startup_n32g45x.o(.text)
    DMA2_Channel1_IRQHandler                 0x0800038f   Thumb Code     0  startup_n32g45x.o(.text)
    DMA2_Channel2_IRQHandler                 0x0800038f   Thumb Code     0  startup_n32g45x.o(.text)
    DMA2_Channel3_IRQHandler                 0x0800038f   Thumb Code     0  startup_n32g45x.o(.text)
    DMA2_Channel4_IRQHandler                 0x0800038f   Thumb Code     0  startup_n32g45x.o(.text)
    DMA2_Channel5_IRQHandler                 0x0800038f   Thumb Code     0  startup_n32g45x.o(.text)
    DMA2_Channel6_IRQHandler                 0x0800038f   Thumb Code     0  startup_n32g45x.o(.text)
    DMA2_Channel7_IRQHandler                 0x0800038f   Thumb Code     0  startup_n32g45x.o(.text)
    DMA2_Channel8_IRQHandler                 0x0800038f   Thumb Code     0  startup_n32g45x.o(.text)
    DVP_IRQHandler                           0x0800038f   Thumb Code     0  startup_n32g45x.o(.text)
    ETH_IRQHandler                           0x0800038f   Thumb Code     0  startup_n32g45x.o(.text)
    ETH_WKUP_IRQHandler                      0x0800038f   Thumb Code     0  startup_n32g45x.o(.text)
    EXTI0_IRQHandler                         0x0800038f   Thumb Code     0  startup_n32g45x.o(.text)
    EXTI15_10_IRQHandler                     0x0800038f   Thumb Code     0  startup_n32g45x.o(.text)
    EXTI1_IRQHandler                         0x0800038f   Thumb Code     0  startup_n32g45x.o(.text)
    EXTI2_IRQHandler                         0x0800038f   Thumb Code     0  startup_n32g45x.o(.text)
    EXTI3_IRQHandler                         0x0800038f   Thumb Code     0  startup_n32g45x.o(.text)
    EXTI4_IRQHandler                         0x0800038f   Thumb Code     0  startup_n32g45x.o(.text)
    EXTI9_5_IRQHandler                       0x0800038f   Thumb Code     0  startup_n32g45x.o(.text)
    FLASH_IRQHandler                         0x0800038f   Thumb Code     0  startup_n32g45x.o(.text)
    I2C1_ER_IRQHandler                       0x0800038f   Thumb Code     0  startup_n32g45x.o(.text)
    I2C1_EV_IRQHandler                       0x0800038f   Thumb Code     0  startup_n32g45x.o(.text)
    I2C2_ER_IRQHandler                       0x0800038f   Thumb Code     0  startup_n32g45x.o(.text)
    I2C2_EV_IRQHandler                       0x0800038f   Thumb Code     0  startup_n32g45x.o(.text)
    I2C3_ER_IRQHandler                       0x0800038f   Thumb Code     0  startup_n32g45x.o(.text)
    I2C3_EV_IRQHandler                       0x0800038f   Thumb Code     0  startup_n32g45x.o(.text)
    I2C4_ER_IRQHandler                       0x0800038f   Thumb Code     0  startup_n32g45x.o(.text)
    I2C4_EV_IRQHandler                       0x0800038f   Thumb Code     0  startup_n32g45x.o(.text)
    MMU_IRQHandler                           0x0800038f   Thumb Code     0  startup_n32g45x.o(.text)
    PVD_IRQHandler                           0x0800038f   Thumb Code     0  startup_n32g45x.o(.text)
    QSPI_IRQHandler                          0x0800038f   Thumb Code     0  startup_n32g45x.o(.text)
    RCC_IRQHandler                           0x0800038f   Thumb Code     0  startup_n32g45x.o(.text)
    RSRAM_IRQHandler                         0x0800038f   Thumb Code     0  startup_n32g45x.o(.text)
    RTCAlarm_IRQHandler                      0x0800038f   Thumb Code     0  startup_n32g45x.o(.text)
    RTC_WKUP_IRQHandler                      0x0800038f   Thumb Code     0  startup_n32g45x.o(.text)
    SAC_IRQHandler                           0x0800038f   Thumb Code     0  startup_n32g45x.o(.text)
    SDIO_IRQHandler                          0x0800038f   Thumb Code     0  startup_n32g45x.o(.text)
    SPI1_IRQHandler                          0x0800038f   Thumb Code     0  startup_n32g45x.o(.text)
    SPI2_IRQHandler                          0x0800038f   Thumb Code     0  startup_n32g45x.o(.text)
    SPI3_IRQHandler                          0x0800038f   Thumb Code     0  startup_n32g45x.o(.text)
    TAMPER_IRQHandler                        0x0800038f   Thumb Code     0  startup_n32g45x.o(.text)
    TIM1_BRK_IRQHandler                      0x0800038f   Thumb Code     0  startup_n32g45x.o(.text)
    TIM1_CC_IRQHandler                       0x0800038f   Thumb Code     0  startup_n32g45x.o(.text)
    TIM1_TRG_COM_IRQHandler                  0x0800038f   Thumb Code     0  startup_n32g45x.o(.text)
    TIM1_UP_IRQHandler                       0x0800038f   Thumb Code     0  startup_n32g45x.o(.text)
    TIM2_IRQHandler                          0x0800038f   Thumb Code     0  startup_n32g45x.o(.text)
    TIM3_IRQHandler                          0x0800038f   Thumb Code     0  startup_n32g45x.o(.text)
    TIM4_IRQHandler                          0x0800038f   Thumb Code     0  startup_n32g45x.o(.text)
    TIM5_IRQHandler                          0x0800038f   Thumb Code     0  startup_n32g45x.o(.text)
    TIM6_IRQHandler                          0x0800038f   Thumb Code     0  startup_n32g45x.o(.text)
    TIM7_IRQHandler                          0x0800038f   Thumb Code     0  startup_n32g45x.o(.text)
    TIM8_BRK_IRQHandler                      0x0800038f   Thumb Code     0  startup_n32g45x.o(.text)
    TIM8_CC_IRQHandler                       0x0800038f   Thumb Code     0  startup_n32g45x.o(.text)
    TIM8_TRG_COM_IRQHandler                  0x0800038f   Thumb Code     0  startup_n32g45x.o(.text)
    TIM8_UP_IRQHandler                       0x0800038f   Thumb Code     0  startup_n32g45x.o(.text)
    TSC_IRQHandler                           0x0800038f   Thumb Code     0  startup_n32g45x.o(.text)
    UART6_IRQHandler                         0x0800038f   Thumb Code     0  startup_n32g45x.o(.text)
    UART7_IRQHandler                         0x0800038f   Thumb Code     0  startup_n32g45x.o(.text)
    USART1_IRQHandler                        0x0800038f   Thumb Code     0  startup_n32g45x.o(.text)
    USART2_IRQHandler                        0x0800038f   Thumb Code     0  startup_n32g45x.o(.text)
    USBWakeUp_IRQHandler                     0x0800038f   Thumb Code     0  startup_n32g45x.o(.text)
    USB_HP_CAN1_TX_IRQHandler                0x0800038f   Thumb Code     0  startup_n32g45x.o(.text)
    USB_LP_CAN1_RX0_IRQHandler               0x0800038f   Thumb Code     0  startup_n32g45x.o(.text)
    WWDG_IRQHandler                          0x0800038f   Thumb Code     0  startup_n32g45x.o(.text)
    __aeabi_memcpy                           0x08000399   Thumb Code    36  memcpya.o(.text)
    __aeabi_memcpy4                          0x08000399   Thumb Code     0  memcpya.o(.text)
    __aeabi_memcpy8                          0x08000399   Thumb Code     0  memcpya.o(.text)
    __aeabi_memset                           0x080003bd   Thumb Code    14  memseta.o(.text)
    __aeabi_memset4                          0x080003bd   Thumb Code     0  memseta.o(.text)
    __aeabi_memset8                          0x080003bd   Thumb Code     0  memseta.o(.text)
    __aeabi_memclr                           0x080003cb   Thumb Code     4  memseta.o(.text)
    __aeabi_memclr4                          0x080003cb   Thumb Code     0  memseta.o(.text)
    __aeabi_memclr8                          0x080003cb   Thumb Code     0  memseta.o(.text)
    memset                                   0x080003cf   Thumb Code    18  memseta.o(.text)
    strstr                                   0x080003e1   Thumb Code    36  strstr.o(.text)
    strncpy                                  0x08000405   Thumb Code    24  strncpy.o(.text)
    strchr                                   0x0800041d   Thumb Code    20  strchr.o(.text)
    strlen                                   0x08000431   Thumb Code    14  strlen.o(.text)
    strcpy                                   0x0800043f   Thumb Code    18  strcpy.o(.text)
    strncmp                                  0x08000451   Thumb Code    30  strncmp.o(.text)
    strrchr                                  0x0800046f   Thumb Code    22  strrchr.o(.text)
    __0sscanf                                0x08000485   Thumb Code    48  __0sscanf.o(.text)
    _scanf_int                               0x080004bd   Thumb Code   332  _scanf_int.o(.text)
    atoi                                     0x08000609   Thumb Code    26  atoi.o(.text)
    __aeabi_uidiv                            0x08000623   Thumb Code     0  uidiv.o(.text)
    __aeabi_uidivmod                         0x08000623   Thumb Code    44  uidiv.o(.text)
    __aeabi_uldivmod                         0x0800064f   Thumb Code    98  uldiv.o(.text)
    _chval                                   0x080006b1   Thumb Code    28  _chval.o(.text)
    __vfscanf_char                           0x080006d9   Thumb Code    20  scanf_char.o(.text)
    _sgetc                                   0x080006f5   Thumb Code    30  _sgetc.o(.text)
    _sbackspace                              0x08000713   Thumb Code    34  _sgetc.o(.text)
    strtol                                   0x08000735   Thumb Code   112  strtol.o(.text)
    __I$use$fp                               0x080007a5   Thumb Code     0  iusefp.o(.text)
    __aeabi_dadd                             0x080007a5   Thumb Code   322  dadd.o(.text)
    __aeabi_dsub                             0x080008e7   Thumb Code     6  dadd.o(.text)
    __aeabi_drsub                            0x080008ed   Thumb Code     6  dadd.o(.text)
    __aeabi_dmul                             0x080008f3   Thumb Code   228  dmul.o(.text)
    __aeabi_ddiv                             0x080009d7   Thumb Code   222  ddiv.o(.text)
    __aeabi_d2ulz                            0x08000ab5   Thumb Code    48  dfixul.o(.text)
    __aeabi_cdrcmple                         0x08000ae5   Thumb Code    48  cdrcmple.o(.text)
    __scatterload                            0x08000b15   Thumb Code    28  init.o(.text)
    __scatterload_rt2                        0x08000b15   Thumb Code     0  init.o(.text)
    __aeabi_llsl                             0x08000b39   Thumb Code    30  llshl.o(.text)
    _ll_shift_l                              0x08000b39   Thumb Code     0  llshl.o(.text)
    __aeabi_llsr                             0x08000b57   Thumb Code    32  llushr.o(.text)
    _ll_ushift_r                             0x08000b57   Thumb Code     0  llushr.o(.text)
    __aeabi_lasr                             0x08000b77   Thumb Code    36  llsshr.o(.text)
    _ll_sshift_r                             0x08000b77   Thumb Code     0  llsshr.o(.text)
    __rt_ctype_table                         0x08000b9d   Thumb Code     4  ctype_o.o(.text)
    isspace                                  0x08000ba5   Thumb Code    18  isspace_o.o(.text)
    __vfscanf                                0x08000bb9   Thumb Code   810  _scanf.o(.text)
    _strtoul                                 0x08000ee9   Thumb Code   158  _strtoul.o(.text)
    _double_round                            0x08000f87   Thumb Code    30  depilogue.o(.text)
    _double_epilogue                         0x08000fa5   Thumb Code   156  depilogue.o(.text)
    __decompress                             0x08001041   Thumb Code     0  __dczerorl2.o(.text)
    __decompress1                            0x08001041   Thumb Code    86  __dczerorl2.o(.text)
    BusFault_Handler                         0x08001097   Thumb Code     4  n32g45x_it.o(i.BusFault_Handler)
    CommuReceive_Init                        0x0800109d   Thumb Code    68  tsk_commu_receive.o(i.CommuReceive_Init)
    CommuSend_4gAtCommand                    0x08001151   Thumb Code   134  tsk_commu_send.o(i.CommuSend_4gAtCommand)
    CommuSend_Init                           0x080011fd   Thumb Code   150  tsk_commu_send.o(i.CommuSend_Init)
    CommuSend_Rs485Data                      0x08001325   Thumb Code    94  tsk_commu_send.o(i.CommuSend_Rs485Data)
    DebugMon_Handler                         0x080013a5   Thumb Code     2  n32g45x_it.o(i.DebugMon_Handler)
    EventRecordData                          0x08001415   Thumb Code   242  eventrecorder.o(i.EventRecordData)
    EventRecorderTimerGetCount               0x080015b9   Thumb Code     6  eventrecorder.o(i.EventRecorderTimerGetCount)
    Flash_Init                               0x080015c5   Thumb Code   182  bsp_spiflash.o(i.Flash_Init)
    GPIO_ConfigPinRemap                      0x08001685   Thumb Code   258  n32g45x_gpio.o(i.GPIO_ConfigPinRemap)
    GPIO_InitPeripheral                      0x08001791   Thumb Code   162  n32g45x_gpio.o(i.GPIO_InitPeripheral)
    GPIO_ResetBits                           0x08001833   Thumb Code     4  n32g45x_gpio.o(i.GPIO_ResetBits)
    GPIO_SetBits                             0x08001837   Thumb Code     4  n32g45x_gpio.o(i.GPIO_SetBits)
    HardFault_Handler                        0x0800183b   Thumb Code     4  n32g45x_it.o(i.HardFault_Handler)
    LED_Flash                                0x080018d5   Thumb Code   252  led.o(i.LED_Flash)
    LED_Init                                 0x080019d9   Thumb Code   130  led.o(i.LED_Init)
    LogManager_GetLevelString                0x08001a65   Thumb Code    38  bsp_log_manager.o(i.LogManager_GetLevelString)
    LogManager_GetModuleString               0x08001abd   Thumb Code    22  bsp_log_manager.o(i.LogManager_GetModuleString)
    LogManager_GetStatistics                 0x08001ae1   Thumb Code    46  bsp_log_manager.o(i.LogManager_GetStatistics)
    LogManager_Init                          0x08001b15   Thumb Code   186  bsp_log_manager.o(i.LogManager_Init)
    LogManager_IsLevelEnabled                0x08001c39   Thumb Code    36  bsp_log_manager.o(i.LogManager_IsLevelEnabled)
    LogManager_Output                        0x08001c61   Thumb Code    16  bsp_log_manager.o(i.LogManager_Output)
    LogManager_OutputV                       0x08001c71   Thumb Code   428  bsp_log_manager.o(i.LogManager_OutputV)
    LogManager_PrintStatistics               0x08001e59   Thumb Code   228  bsp_log_manager.o(i.LogManager_PrintStatistics)
    LogManager_PrintSystemInfo               0x08001fd9   Thumb Code   190  bsp_log_manager.o(i.LogManager_PrintSystemInfo)
    MemManage_Handler                        0x08002181   Thumb Code     4  n32g45x_it.o(i.MemManage_Handler)
    NMI_Handler                              0x08002185   Thumb Code     2  n32g45x_it.o(i.NMI_Handler)
    NVIC_Init                                0x08002189   Thumb Code    94  misc.o(i.NVIC_Init)
    NVIC_PriorityGroupConfig                 0x080021ed   Thumb Code    10  misc.o(i.NVIC_PriorityGroupConfig)
    Quectel4G_CheckTcpConnection             0x08002201   Thumb Code    20  tsk_4g_init.o(i.Quectel4G_CheckTcpConnection)
    Quectel4G_ConnectTCP                     0x08002219   Thumb Code    56  tsk_4g_init.o(i.Quectel4G_ConnectTCP)
    Quectel4G_ConnectTcpServer               0x0800227d   Thumb Code   288  tsk_4g_init.o(i.Quectel4G_ConnectTcpServer)
    Quectel4G_Disconnect                     0x08002511   Thumb Code   288  tsk_4g_init.o(i.Quectel4G_Disconnect)
    Quectel4G_ExecuteAtCommand               0x080026d1   Thumb Code    10  tsk_4g_init.o(i.Quectel4G_ExecuteAtCommand)
    Quectel4G_ExecuteAtSequence              0x080026dd   Thumb Code   272  tsk_4g_init.o(i.Quectel4G_ExecuteAtSequence)
    Quectel4G_GetDefaultConfig               0x08002909   Thumb Code    30  tsk_4g_init.o(i.Quectel4G_GetDefaultConfig)
    Quectel4G_GetState                       0x0800292d   Thumb Code    38  tsk_4g_init.o(i.Quectel4G_GetState)
    Quectel4G_Init                           0x08002959   Thumb Code   456  tsk_4g_init.o(i.Quectel4G_Init)
    Quectel4G_IsReady                        0x08002c41   Thumb Code    18  tsk_4g_init.o(i.Quectel4G_IsReady)
    Quectel4G_ProcessServerResponse          0x08002c55   Thumb Code   204  tsk_4g_init.o(i.Quectel4G_ProcessServerResponse)
    Quectel4G_SendDataToQueue                0x08002d89   Thumb Code   136  tsk_4g_init.o(i.Quectel4G_SendDataToQueue)
    Quectel4G_SendTcpHeartbeat               0x08002e8d   Thumb Code    96  tsk_4g_init.o(i.Quectel4G_SendTcpHeartbeat)
    Quectel4G_SoftReset                      0x08002f41   Thumb Code    32  tsk_4g_init.o(i.Quectel4G_SoftReset)
    Quectel4G_WaitForReady                   0x08002f7d   Thumb Code    44  tsk_4g_init.o(i.Quectel4G_WaitForReady)
    RCC_ConfigSysclk                         0x08002fa9   Thumb Code    14  n32g45x_rcc.o(i.RCC_ConfigSysclk)
    RCC_EnableAPB1PeriphClk                  0x08002fbd   Thumb Code    18  n32g45x_rcc.o(i.RCC_EnableAPB1PeriphClk)
    RCC_EnableAPB1PeriphReset                0x08002fd5   Thumb Code    18  n32g45x_rcc.o(i.RCC_EnableAPB1PeriphReset)
    RCC_EnableAPB2PeriphClk                  0x08002fed   Thumb Code    18  n32g45x_rcc.o(i.RCC_EnableAPB2PeriphClk)
    RCC_EnableAPB2PeriphReset                0x08003005   Thumb Code    18  n32g45x_rcc.o(i.RCC_EnableAPB2PeriphReset)
    RCC_GetClocksFreqValue                   0x0800301d   Thumb Code   166  n32g45x_rcc.o(i.RCC_GetClocksFreqValue)
    RCC_GetSysclkSrc                         0x080030d9   Thumb Code    10  n32g45x_rcc.o(i.RCC_GetSysclkSrc)
    RingBuffer_Deinit                        0x080030e9   Thumb Code    16  ring_buffer.o(i.RingBuffer_Deinit)
    RingBuffer_Init                          0x080030f9   Thumb Code    32  ring_buffer.o(i.RingBuffer_Init)
    RingBuffer_Read                          0x08003119   Thumb Code    66  ring_buffer.o(i.RingBuffer_Read)
    RingBuffer_Write                         0x0800315b   Thumb Code    66  ring_buffer.o(i.RingBuffer_Write)
    RingBuffer_WriteFromISR                  0x0800319d   Thumb Code    66  ring_buffer.o(i.RingBuffer_WriteFromISR)
    SPI_Enable                               0x080031df   Thumb Code    20  n32g45x_spi.o(i.SPI_Enable)
    SPI_Init                                 0x080031f3   Thumb Code    56  n32g45x_spi.o(i.SPI_Init)
    Serial_Driver_Init                       0x0800322d   Thumb Code   496  bsp_serial_driver.o(i.Serial_Driver_Init)
    SysTick_Handler                          0x080034f5   Thumb Code    38  port.o(i.SysTick_Handler)
    SystemCoreClockUpdate                    0x08003521   Thumb Code    90  system_n32g45x.o(i.SystemCoreClockUpdate)
    SystemInit                               0x08003595   Thumb Code   216  system_n32g45x.o(i.SystemInit)
    UART4_IRQHandler                         0x08003695   Thumb Code     6  n32g45x_it.o(i.UART4_IRQHandler)
    UART5_IRQHandler                         0x0800369b   Thumb Code     6  n32g45x_it.o(i.UART5_IRQHandler)
    UART_RingBuffer_GetAvailableBytes        0x080036a1   Thumb Code    20  bsp_uart_ring_buffer.o(i.UART_RingBuffer_GetAvailableBytes)
    UART_RingBuffer_IRQHandler               0x080036b5   Thumb Code   188  bsp_uart_ring_buffer.o(i.UART_RingBuffer_IRQHandler)
    UART_RingBuffer_Init                     0x08003775   Thumb Code   282  bsp_uart_ring_buffer.o(i.UART_RingBuffer_Init)
    UART_RingBuffer_Receive                  0x080038ad   Thumb Code   108  bsp_uart_ring_buffer.o(i.UART_RingBuffer_Receive)
    UART_RingBuffer_Send                     0x08003919   Thumb Code   278  bsp_uart_ring_buffer.o(i.UART_RingBuffer_Send)
    UART_RingBuffer_SendString               0x08003ad1   Thumb Code    36  bsp_uart_ring_buffer.o(i.UART_RingBuffer_SendString)
    USART3_IRQHandler                        0x08003af5   Thumb Code     6  n32g45x_it.o(i.USART3_IRQHandler)
    USART_ClrIntPendingBit                   0x08003afb   Thumb Code    12  n32g45x_usart.o(i.USART_ClrIntPendingBit)
    USART_ConfigInt                          0x08003b07   Thumb Code    48  n32g45x_usart.o(i.USART_ConfigInt)
    USART_DeInit                             0x08003b39   Thumb Code   140  n32g45x_usart.o(i.USART_DeInit)
    USART_Enable                             0x08003be1   Thumb Code    20  n32g45x_usart.o(i.USART_Enable)
    USART_GetFlagStatus                      0x08003bf5   Thumb Code    14  n32g45x_usart.o(i.USART_GetFlagStatus)
    USART_GetIntStatus                       0x08003c03   Thumb Code    62  n32g45x_usart.o(i.USART_GetIntStatus)
    USART_Init                               0x08003c41   Thumb Code   162  n32g45x_usart.o(i.USART_Init)
    USART_ReceiveData                        0x08003cf1   Thumb Code     8  n32g45x_usart.o(i.USART_ReceiveData)
    USART_SendData                           0x08003cf9   Thumb Code     8  n32g45x_usart.o(i.USART_SendData)
    UsageFault_Handler                       0x08003d01   Thumb Code     4  n32g45x_it.o(i.UsageFault_Handler)
    __0printf                                0x08003d05   Thumb Code    22  printfa.o(i.__0printf)
    __1printf                                0x08003d05   Thumb Code     0  printfa.o(i.__0printf)
    __2printf                                0x08003d05   Thumb Code     0  printfa.o(i.__0printf)
    __c89printf                              0x08003d05   Thumb Code     0  printfa.o(i.__0printf)
    printf                                   0x08003d05   Thumb Code     0  printfa.o(i.__0printf)
    __0snprintf                              0x08003d25   Thumb Code    48  printfa.o(i.__0snprintf)
    __1snprintf                              0x08003d25   Thumb Code     0  printfa.o(i.__0snprintf)
    __2snprintf                              0x08003d25   Thumb Code     0  printfa.o(i.__0snprintf)
    __c89snprintf                            0x08003d25   Thumb Code     0  printfa.o(i.__0snprintf)
    snprintf                                 0x08003d25   Thumb Code     0  printfa.o(i.__0snprintf)
    __0vsnprintf                             0x08003d59   Thumb Code    46  printfa.o(i.__0vsnprintf)
    __1vsnprintf                             0x08003d59   Thumb Code     0  printfa.o(i.__0vsnprintf)
    __2vsnprintf                             0x08003d59   Thumb Code     0  printfa.o(i.__0vsnprintf)
    __c89vsnprintf                           0x08003d59   Thumb Code     0  printfa.o(i.__0vsnprintf)
    vsnprintf                                0x08003d59   Thumb Code     0  printfa.o(i.__0vsnprintf)
    __aeabi_errno_addr                       0x08003db1   Thumb Code     4  errno.o(i.__aeabi_errno_addr)
    __rt_errno_addr                          0x08003db1   Thumb Code     0  errno.o(i.__aeabi_errno_addr)
    __scatterload_copy                       0x08003db9   Thumb Code    14  handlers.o(i.__scatterload_copy)
    __scatterload_null                       0x08003dc7   Thumb Code     2  handlers.o(i.__scatterload_null)
    __scatterload_zeroinit                   0x08003dc9   Thumb Code    14  handlers.o(i.__scatterload_zeroinit)
    bsp_debug_port_remap_swd_only            0x08004a45   Thumb Code    22  bsp_serial_driver.o(i.bsp_debug_port_remap_swd_only)
    eTaskGetState                            0x08004f75   Thumb Code   102  tasks.o(i.eTaskGetState)
    fputc                                    0x080052fd   Thumb Code    62  retarget_io.o(i.fputc)
    hardware_init                            0x080055e9   Thumb Code   156  main.o(i.hardware_init)
    main                                     0x08005751   Thumb Code   208  main.o(i.main)
    pvPortMalloc                             0x08006f69   Thumb Code   242  heap_4.o(i.pvPortMalloc)
    pvTaskIncrementMutexHeldCount            0x0800709d   Thumb Code    18  tasks.o(i.pvTaskIncrementMutexHeldCount)
    pxPortInitialiseStack                    0x080070b5   Thumb Code    40  port.o(i.pxPortInitialiseStack)
    sDoIarcmain                              0x0800712d   Thumb Code    26  bootloader.o(i.sDoIarcmain)
    sResetEntry                              0x08007151   Thumb Code    12  bootloader.o(i.sResetEntry)
    uxListRemove                             0x08007cd5   Thumb Code    38  list.o(i.uxListRemove)
    vApplicationMallocFailedHook             0x08007cfd   Thumb Code    24  main.o(i.vApplicationMallocFailedHook)
    vApplicationStackOverflowHook            0x08007d39   Thumb Code    30  main.o(i.vApplicationStackOverflowHook)
    vCommuReceiveTask                        0x08007d7d   Thumb Code    38  tsk_commu_receive.o(i.vCommuReceiveTask)
    vCommuSendTask                           0x08007dc9   Thumb Code   118  tsk_commu_send.o(i.vCommuSendTask)
    vListInitialise                          0x08007f39   Thumb Code    22  list.o(i.vListInitialise)
    vListInitialiseItem                      0x08007f4f   Thumb Code     6  list.o(i.vListInitialiseItem)
    vListInsert                              0x08007f55   Thumb Code    48  list.o(i.vListInsert)
    vListInsertEnd                           0x08007f85   Thumb Code    24  list.o(i.vListInsertEnd)
    vPortEnterCritical                       0x08007f9d   Thumb Code    50  port.o(i.vPortEnterCritical)
    vPortExitCritical                        0x08008019   Thumb Code    34  port.o(i.vPortExitCritical)
    vPortFree                                0x08008081   Thumb Code   100  heap_4.o(i.vPortFree)
    vPortSetupTimerInterrupt                 0x08008125   Thumb Code    32  port.o(i.vPortSetupTimerInterrupt)
    vPortValidateInterruptPriority           0x08008149   Thumb Code    70  port.o(i.vPortValidateInterruptPriority)
    vQueueAddToRegistry                      0x080082a1   Thumb Code    34  queue.o(i.vQueueAddToRegistry)
    vQueueDelete                             0x080082c9   Thumb Code    34  queue.o(i.vQueueDelete)
    vQueueUnregisterQueue                    0x08008315   Thumb Code    36  queue.o(i.vQueueUnregisterQueue)
    vQueueWaitForMessageRestricted           0x0800833d   Thumb Code    68  queue.o(i.vQueueWaitForMessageRestricted)
    vTaskDelay                               0x08008381   Thumb Code    62  tasks.o(i.vTaskDelay)
    vTaskDelete                              0x080083f1   Thumb Code   152  tasks.o(i.vTaskDelete)
    vTaskInternalSetTimeOutState             0x080084c1   Thumb Code    12  tasks.o(i.vTaskInternalSetTimeOutState)
    vTaskMissedYield                         0x080084d1   Thumb Code     8  tasks.o(i.vTaskMissedYield)
    vTaskPlaceOnEventList                    0x080084dd   Thumb Code    44  tasks.o(i.vTaskPlaceOnEventList)
    vTaskPlaceOnEventListRestricted          0x08008535   Thumb Code    52  tasks.o(i.vTaskPlaceOnEventListRestricted)
    vTaskPriorityDisinheritAfterTimeout      0x08008595   Thumb Code   150  tasks.o(i.vTaskPriorityDisinheritAfterTimeout)
    vTaskStartScheduler                      0x0800865d   Thumb Code    92  tasks.o(i.vTaskStartScheduler)
    vTaskSuspendAll                          0x080086f1   Thumb Code    10  tasks.o(i.vTaskSuspendAll)
    vTaskSwitchContext                       0x08008701   Thumb Code   122  tasks.o(i.vTaskSwitchContext)
    xPortGetFreeHeapSize                     0x08008881   Thumb Code     6  heap_4.o(i.xPortGetFreeHeapSize)
    xPortGetMinimumEverFreeHeapSize          0x0800888d   Thumb Code     6  heap_4.o(i.xPortGetMinimumEverFreeHeapSize)
    xPortStartScheduler                      0x08008899   Thumb Code   210  port.o(i.xPortStartScheduler)
    xQueueCreateMutex                        0x080089c1   Thumb Code    36  queue.o(i.xQueueCreateMutex)
    xQueueGenericCreate                      0x080089e5   Thumb Code   118  queue.o(i.xQueueGenericCreate)
    xQueueGenericReset                       0x08008a85   Thumb Code   128  queue.o(i.xQueueGenericReset)
    xQueueGenericSend                        0x08008b31   Thumb Code   356  queue.o(i.xQueueGenericSend)
    xQueueGenericSendFromISR                 0x08008cc1   Thumb Code   210  queue.o(i.xQueueGenericSendFromISR)
    xQueueGiveFromISR                        0x08008dbd   Thumb Code   172  queue.o(i.xQueueGiveFromISR)
    xQueueReceive                            0x08008e91   Thumb Code   296  queue.o(i.xQueueReceive)
    xQueueSemaphoreTake                      0x08008fe5   Thumb Code   356  queue.o(i.xQueueSemaphoreTake)
    xTaskCheckForTimeOut                     0x08009175   Thumb Code   110  tasks.o(i.xTaskCheckForTimeOut)
    xTaskCreate                              0x08009211   Thumb Code    86  tasks.o(i.xTaskCreate)
    xTaskGetSchedulerState                   0x08009269   Thumb Code    22  tasks.o(i.xTaskGetSchedulerState)
    xTaskGetTickCount                        0x08009285   Thumb Code     6  tasks.o(i.xTaskGetTickCount)
    xTaskIncrementTick                       0x08009291   Thumb Code   190  tasks.o(i.xTaskIncrementTick)
    xTaskPriorityDisinherit                  0x08009381   Thumb Code   128  tasks.o(i.xTaskPriorityDisinherit)
    xTaskPriorityInherit                     0x08009431   Thumb Code   130  tasks.o(i.xTaskPriorityInherit)
    xTaskRemoveFromEventList                 0x080094bd   Thumb Code   102  tasks.o(i.xTaskRemoveFromEventList)
    xTaskResumeAll                           0x08009559   Thumb Code   182  tasks.o(i.xTaskResumeAll)
    xTimerCreate                             0x08009645   Thumb Code    94  timers.o(i.xTimerCreate)
    xTimerCreateTimerTask                    0x080096cd   Thumb Code    58  timers.o(i.xTimerCreateTimerTask)
    xTimerGenericCommand                     0x08009741   Thumb Code    98  timers.o(i.xTimerGenericCommand)
    AHBPrescTable                            0x08009ba4   Data          16  system_n32g45x.o(.constdata)
    EventRecorderInfo                        0x08009bf4   Data          24  eventrecorder.o(.constdata)
    __ctype_table                            0x08009c0c   Data         129  ctype_o.o(.constdata)
    Region$$Table$$Base                      0x0800a12c   Number         0  anon$$obj.o(Region$$Table)
    Region$$Table$$Limit                     0x0800a14c   Number         0  anon$$obj.o(Region$$Table)
    SystemCoreClock                          0x200000a4   Data           4  system_n32g45x.o(.data)
    pxCurrentTCB                             0x200000a8   Data           4  tasks.o(.data)
    uxTopUsedPriority                        0x200000d8   Data           4  tasks.o(.data)
    __stdout                                 0x20000138   Data           4  stdout.o(.data)
    cdwRAM_BOOT_REVERSE_ADDR                 0x20000200   Number         0  bootloaderasmfuncs_keil.o ABSOLUTE
    g_quectel4g_info                         0x20000340   Data         324  tsk_4g_init.o(.bss)
    xQueueRegistry                           0x200031dc   Data          64  queue.o(.bss)
    __initial_sp                             0x20004a28   Data           0  startup_n32g45x.o(STACK)
    cdwDEFAULT_SP                            0x20023ffc   Number         0  bootloaderasmfuncs_keil.o ABSOLUTE
    cdwRAM_END_ADDR                          0x20023fff   Number         0  bootloaderasmfuncs_keil.o ABSOLUTE



==============================================================================

Memory Map of the image

  Image Entry point : 0x08000199

  Load Region LR_IROM1 (Base: 0x08000000, Size: 0x0000a28c, Max: 0x00200000, ABSOLUTE, COMPRESSED[0x0000a178])

    Execution Region ER_IROM1 (Exec base: 0x08000000, Load base: 0x08000000, Size: 0x0000a14c, Max: 0x00200000, ABSOLUTE)

    Exec Addr    Load Addr    Size         Type   Attr      Idx    E Section Name        Object

    0x08000000   0x08000000   0x00000198   Data   RO         2404    RESET               startup_n32g45x.o
    0x08000198   0x08000198   0x00000000   Code   RO         8427  * .ARM.Collect$$$$00000000  mc_w.l(entry.o)
    0x08000198   0x08000198   0x00000004   Code   RO         8729    .ARM.Collect$$$$00000001  mc_w.l(entry2.o)
    0x0800019c   0x0800019c   0x00000004   Code   RO         8732    .ARM.Collect$$$$00000004  mc_w.l(entry5.o)
    0x080001a0   0x080001a0   0x00000000   Code   RO         8734    .ARM.Collect$$$$00000008  mc_w.l(entry7b.o)
    0x080001a0   0x080001a0   0x00000000   Code   RO         8736    .ARM.Collect$$$$0000000A  mc_w.l(entry8b.o)
    0x080001a0   0x080001a0   0x00000008   Code   RO         8737    .ARM.Collect$$$$0000000B  mc_w.l(entry9a.o)
    0x080001a8   0x080001a8   0x00000004   Code   RO         8744    .ARM.Collect$$$$0000000E  mc_w.l(entry12b.o)
    0x080001ac   0x080001ac   0x00000000   Code   RO         8739    .ARM.Collect$$$$0000000F  mc_w.l(entry10a.o)
    0x080001ac   0x080001ac   0x00000000   Code   RO         8741    .ARM.Collect$$$$00000011  mc_w.l(entry11a.o)
    0x080001ac   0x080001ac   0x00000004   Code   RO         8730    .ARM.Collect$$$$00002712  mc_w.l(entry2.o)
    0x080001b0   0x080001b0   0x000000be   Code   RO         3574    .emb_text           port.o
    0x0800026e   0x0800026e   0x00000002   PAD
    0x08000270   0x08000270   0x00000084   Code   RO         8256    .emb_text           eventrecorder.o
    0x080002f4   0x080002f4   0x00000080   Code   RO          839    .text               bootloaderasmfuncs_keil.o
    0x08000374   0x08000374   0x00000024   Code   RO         2405    .text               startup_n32g45x.o
    0x08000398   0x08000398   0x00000024   Code   RO         8436    .text               mc_w.l(memcpya.o)
    0x080003bc   0x080003bc   0x00000024   Code   RO         8440    .text               mc_w.l(memseta.o)
    0x080003e0   0x080003e0   0x00000024   Code   RO         8442    .text               mc_w.l(strstr.o)
    0x08000404   0x08000404   0x00000018   Code   RO         8444    .text               mc_w.l(strncpy.o)
    0x0800041c   0x0800041c   0x00000014   Code   RO         8446    .text               mc_w.l(strchr.o)
    0x08000430   0x08000430   0x0000000e   Code   RO         8448    .text               mc_w.l(strlen.o)
    0x0800043e   0x0800043e   0x00000012   Code   RO         8454    .text               mc_w.l(strcpy.o)
    0x08000450   0x08000450   0x0000001e   Code   RO         8456    .text               mc_w.l(strncmp.o)
    0x0800046e   0x0800046e   0x00000016   Code   RO         8458    .text               mc_w.l(strrchr.o)
    0x08000484   0x08000484   0x00000038   Code   RO         8723    .text               mc_w.l(__0sscanf.o)
    0x080004bc   0x080004bc   0x0000014c   Code   RO         8725    .text               mc_w.l(_scanf_int.o)
    0x08000608   0x08000608   0x0000001a   Code   RO         8727    .text               mc_w.l(atoi.o)
    0x08000622   0x08000622   0x0000002c   Code   RO         8745    .text               mc_w.l(uidiv.o)
    0x0800064e   0x0800064e   0x00000062   Code   RO         8747    .text               mc_w.l(uldiv.o)
    0x080006b0   0x080006b0   0x0000001c   Code   RO         8756    .text               mc_w.l(_chval.o)
    0x080006cc   0x080006cc   0x00000028   Code   RO         8758    .text               mc_w.l(scanf_char.o)
    0x080006f4   0x080006f4   0x00000040   Code   RO         8760    .text               mc_w.l(_sgetc.o)
    0x08000734   0x08000734   0x00000070   Code   RO         8762    .text               mc_w.l(strtol.o)
    0x080007a4   0x080007a4   0x00000000   Code   RO         8764    .text               mc_w.l(iusefp.o)
    0x080007a4   0x080007a4   0x0000014e   Code   RO         8765    .text               mf_w.l(dadd.o)
    0x080008f2   0x080008f2   0x000000e4   Code   RO         8767    .text               mf_w.l(dmul.o)
    0x080009d6   0x080009d6   0x000000de   Code   RO         8769    .text               mf_w.l(ddiv.o)
    0x08000ab4   0x08000ab4   0x00000030   Code   RO         8771    .text               mf_w.l(dfixul.o)
    0x08000ae4   0x08000ae4   0x00000030   Code   RO         8773    .text               mf_w.l(cdrcmple.o)
    0x08000b14   0x08000b14   0x00000024   Code   RO         8775    .text               mc_w.l(init.o)
    0x08000b38   0x08000b38   0x0000001e   Code   RO         8777    .text               mc_w.l(llshl.o)
    0x08000b56   0x08000b56   0x00000020   Code   RO         8779    .text               mc_w.l(llushr.o)
    0x08000b76   0x08000b76   0x00000024   Code   RO         8781    .text               mc_w.l(llsshr.o)
    0x08000b9a   0x08000b9a   0x00000002   PAD
    0x08000b9c   0x08000b9c   0x00000008   Code   RO         8785    .text               mc_w.l(ctype_o.o)
    0x08000ba4   0x08000ba4   0x00000012   Code   RO         8807    .text               mc_w.l(isspace_o.o)
    0x08000bb6   0x08000bb6   0x00000002   PAD
    0x08000bb8   0x08000bb8   0x00000330   Code   RO         8813    .text               mc_w.l(_scanf.o)
    0x08000ee8   0x08000ee8   0x0000009e   Code   RO         8815    .text               mc_w.l(_strtoul.o)
    0x08000f86   0x08000f86   0x000000ba   Code   RO         8817    .text               mf_w.l(depilogue.o)
    0x08001040   0x08001040   0x00000056   Code   RO         8830    .text               mc_w.l(__dczerorl2.o)
    0x08001096   0x08001096   0x00000004   Code   RO          961    i.BusFault_Handler  n32g45x_it.o
    0x0800109a   0x0800109a   0x00000002   PAD
    0x0800109c   0x0800109c   0x000000b4   Code   RO         1042    i.CommuReceive_Init  tsk_commu_receive.o
    0x08001150   0x08001150   0x000000ac   Code   RO         1104    i.CommuSend_4gAtCommand  tsk_commu_send.o
    0x080011fc   0x080011fc   0x00000128   Code   RO         1107    i.CommuSend_Init    tsk_commu_send.o
    0x08001324   0x08001324   0x00000080   Code   RO         1108    i.CommuSend_Rs485Data  tsk_commu_send.o
    0x080013a4   0x080013a4   0x00000002   Code   RO          962    i.DebugMon_Handler  n32g45x_it.o
    0x080013a6   0x080013a6   0x00000002   PAD
    0x080013a8   0x080013a8   0x00000024   Code   RO         8257    i.EventCheckFilter  eventrecorder.o
    0x080013cc   0x080013cc   0x00000048   Code   RO         8258    i.EventGetTS        eventrecorder.o
    0x08001414   0x08001414   0x000000f8   Code   RO         8261    i.EventRecordData   eventrecorder.o
    0x0800150c   0x0800150c   0x000000ac   Code   RO         8262    i.EventRecordItem   eventrecorder.o
    0x080015b8   0x080015b8   0x0000000c   Code   RO         8269    i.EventRecorderTimerGetCount  eventrecorder.o
    0x080015c4   0x080015c4   0x000000c0   Code   RO         2022    i.Flash_Init        bsp_spiflash.o
    0x08001684   0x08001684   0x0000010c   Code   RO         5630    i.GPIO_ConfigPinRemap  n32g45x_gpio.o
    0x08001790   0x08001790   0x000000a2   Code   RO         5634    i.GPIO_InitPeripheral  n32g45x_gpio.o
    0x08001832   0x08001832   0x00000004   Code   RO         5640    i.GPIO_ResetBits    n32g45x_gpio.o
    0x08001836   0x08001836   0x00000004   Code   RO         5641    i.GPIO_SetBits      n32g45x_gpio.o
    0x0800183a   0x0800183a   0x00000004   Code   RO          963    i.HardFault_Handler  n32g45x_it.o
    0x0800183e   0x0800183e   0x00000002   PAD
    0x08001840   0x08001840   0x00000094   Code   RO         2215    i.LED_Control       led.o
    0x080018d4   0x080018d4   0x00000104   Code   RO         2216    i.LED_Flash         led.o
    0x080019d8   0x080019d8   0x0000008c   Code   RO         2218    i.LED_Init          led.o
    0x08001a64   0x08001a64   0x00000058   Code   RO         1800    i.LogManager_GetLevelString  bsp_log_manager.o
    0x08001abc   0x08001abc   0x00000024   Code   RO         1802    i.LogManager_GetModuleString  bsp_log_manager.o
    0x08001ae0   0x08001ae0   0x00000034   Code   RO         1803    i.LogManager_GetStatistics  bsp_log_manager.o
    0x08001b14   0x08001b14   0x00000124   Code   RO         1805    i.LogManager_Init   bsp_log_manager.o
    0x08001c38   0x08001c38   0x00000028   Code   RO         1806    i.LogManager_IsLevelEnabled  bsp_log_manager.o
    0x08001c60   0x08001c60   0x00000010   Code   RO         1807    i.LogManager_Output  bsp_log_manager.o
    0x08001c70   0x08001c70   0x000001e8   Code   RO         1808    i.LogManager_OutputV  bsp_log_manager.o
    0x08001e58   0x08001e58   0x00000180   Code   RO         1809    i.LogManager_PrintStatistics  bsp_log_manager.o
    0x08001fd8   0x08001fd8   0x000001a8   Code   RO         1810    i.LogManager_PrintSystemInfo  bsp_log_manager.o
    0x08002180   0x08002180   0x00000004   Code   RO          964    i.MemManage_Handler  n32g45x_it.o
    0x08002184   0x08002184   0x00000002   Code   RO          965    i.NMI_Handler       n32g45x_it.o
    0x08002186   0x08002186   0x00000002   PAD
    0x08002188   0x08002188   0x00000064   Code   RO         3658    i.NVIC_Init         misc.o
    0x080021ec   0x080021ec   0x00000014   Code   RO         3659    i.NVIC_PriorityGroupConfig  misc.o
    0x08002200   0x08002200   0x00000018   Code   RO         1184    i.Quectel4G_CheckTcpConnection  tsk_4g_init.o
    0x08002218   0x08002218   0x00000064   Code   RO         1185    i.Quectel4G_ConnectTCP  tsk_4g_init.o
    0x0800227c   0x0800227c   0x00000294   Code   RO         1186    i.Quectel4G_ConnectTcpServer  tsk_4g_init.o
    0x08002510   0x08002510   0x000001c0   Code   RO         1188    i.Quectel4G_Disconnect  tsk_4g_init.o
    0x080026d0   0x080026d0   0x0000000a   Code   RO         1189    i.Quectel4G_ExecuteAtCommand  tsk_4g_init.o
    0x080026da   0x080026da   0x00000002   PAD
    0x080026dc   0x080026dc   0x0000022c   Code   RO         1190    i.Quectel4G_ExecuteAtSequence  tsk_4g_init.o
    0x08002908   0x08002908   0x00000024   Code   RO         1192    i.Quectel4G_GetDefaultConfig  tsk_4g_init.o
    0x0800292c   0x0800292c   0x0000002c   Code   RO         1197    i.Quectel4G_GetState  tsk_4g_init.o
    0x08002958   0x08002958   0x000002e8   Code   RO         1200    i.Quectel4G_Init    tsk_4g_init.o
    0x08002c40   0x08002c40   0x00000012   Code   RO         1205    i.Quectel4G_IsReady  tsk_4g_init.o
    0x08002c52   0x08002c52   0x00000002   PAD
    0x08002c54   0x08002c54   0x00000134   Code   RO         1206    i.Quectel4G_ProcessServerResponse  tsk_4g_init.o
    0x08002d88   0x08002d88   0x00000104   Code   RO         1212    i.Quectel4G_SendDataToQueue  tsk_4g_init.o
    0x08002e8c   0x08002e8c   0x000000b4   Code   RO         1215    i.Quectel4G_SendTcpHeartbeat  tsk_4g_init.o
    0x08002f40   0x08002f40   0x0000003c   Code   RO         1221    i.Quectel4G_SoftReset  tsk_4g_init.o
    0x08002f7c   0x08002f7c   0x0000002c   Code   RO         1224    i.Quectel4G_WaitForReady  tsk_4g_init.o
    0x08002fa8   0x08002fa8   0x00000014   Code   RO         6378    i.RCC_ConfigSysclk  n32g45x_rcc.o
    0x08002fbc   0x08002fbc   0x00000018   Code   RO         6385    i.RCC_EnableAPB1PeriphClk  n32g45x_rcc.o
    0x08002fd4   0x08002fd4   0x00000018   Code   RO         6386    i.RCC_EnableAPB1PeriphReset  n32g45x_rcc.o
    0x08002fec   0x08002fec   0x00000018   Code   RO         6387    i.RCC_EnableAPB2PeriphClk  n32g45x_rcc.o
    0x08003004   0x08003004   0x00000018   Code   RO         6388    i.RCC_EnableAPB2PeriphReset  n32g45x_rcc.o
    0x0800301c   0x0800301c   0x000000bc   Code   RO         6397    i.RCC_GetClocksFreqValue  n32g45x_rcc.o
    0x080030d8   0x080030d8   0x00000010   Code   RO         6401    i.RCC_GetSysclkSrc  n32g45x_rcc.o
    0x080030e8   0x080030e8   0x00000010   Code   RO         2282    i.RingBuffer_Deinit  ring_buffer.o
    0x080030f8   0x080030f8   0x00000020   Code   RO         2284    i.RingBuffer_Init   ring_buffer.o
    0x08003118   0x08003118   0x00000042   Code   RO         2289    i.RingBuffer_Read   ring_buffer.o
    0x0800315a   0x0800315a   0x00000042   Code   RO         2291    i.RingBuffer_Write  ring_buffer.o
    0x0800319c   0x0800319c   0x00000042   Code   RO         2292    i.RingBuffer_WriteFromISR  ring_buffer.o
    0x080031de   0x080031de   0x00000014   Code   RO         7116    i.SPI_Enable        n32g45x_spi.o
    0x080031f2   0x080031f2   0x00000038   Code   RO         7129    i.SPI_Init          n32g45x_spi.o
    0x0800322a   0x0800322a   0x00000002   PAD
    0x0800322c   0x0800322c   0x00000208   Code   RO         1968    i.Serial_Driver_Init  bsp_serial_driver.o
    0x08003434   0x08003434   0x000000c0   Code   RO         2366    i.SetSysClock       system_n32g45x.o
    0x080034f4   0x080034f4   0x0000002c   Code   RO         3575    i.SysTick_Handler   port.o
    0x08003520   0x08003520   0x00000074   Code   RO         2367    i.SystemCoreClockUpdate  system_n32g45x.o
    0x08003594   0x08003594   0x00000100   Code   RO         2368    i.SystemInit        system_n32g45x.o
    0x08003694   0x08003694   0x00000006   Code   RO          966    i.UART4_IRQHandler  n32g45x_it.o
    0x0800369a   0x0800369a   0x00000006   Code   RO          967    i.UART5_IRQHandler  n32g45x_it.o
    0x080036a0   0x080036a0   0x00000014   Code   RO         2110    i.UART_RingBuffer_GetAvailableBytes  bsp_uart_ring_buffer.o
    0x080036b4   0x080036b4   0x000000c0   Code   RO         2111    i.UART_RingBuffer_IRQHandler  bsp_uart_ring_buffer.o
    0x08003774   0x08003774   0x00000138   Code   RO         2112    i.UART_RingBuffer_Init  bsp_uart_ring_buffer.o
    0x080038ac   0x080038ac   0x0000006c   Code   RO         2115    i.UART_RingBuffer_Receive  bsp_uart_ring_buffer.o
    0x08003918   0x08003918   0x0000011c   Code   RO         2116    i.UART_RingBuffer_Send  bsp_uart_ring_buffer.o
    0x08003a34   0x08003a34   0x0000009c   Code   RO         2117    i.UART_RingBuffer_SendPolling  bsp_uart_ring_buffer.o
    0x08003ad0   0x08003ad0   0x00000024   Code   RO         2118    i.UART_RingBuffer_SendString  bsp_uart_ring_buffer.o
    0x08003af4   0x08003af4   0x00000006   Code   RO          968    i.USART3_IRQHandler  n32g45x_it.o
    0x08003afa   0x08003afa   0x0000000c   Code   RO         8013    i.USART_ClrIntPendingBit  n32g45x_usart.o
    0x08003b06   0x08003b06   0x00000030   Code   RO         8014    i.USART_ConfigInt   n32g45x_usart.o
    0x08003b36   0x08003b36   0x00000002   PAD
    0x08003b38   0x08003b38   0x000000a8   Code   RO         8018    i.USART_DeInit      n32g45x_usart.o
    0x08003be0   0x08003be0   0x00000014   Code   RO         8019    i.USART_Enable      n32g45x_usart.o
    0x08003bf4   0x08003bf4   0x0000000e   Code   RO         8026    i.USART_GetFlagStatus  n32g45x_usart.o
    0x08003c02   0x08003c02   0x0000003e   Code   RO         8027    i.USART_GetIntStatus  n32g45x_usart.o
    0x08003c40   0x08003c40   0x000000b0   Code   RO         8028    i.USART_Init        n32g45x_usart.o
    0x08003cf0   0x08003cf0   0x00000008   Code   RO         8029    i.USART_ReceiveData  n32g45x_usart.o
    0x08003cf8   0x08003cf8   0x00000008   Code   RO         8031    i.USART_SendData    n32g45x_usart.o
    0x08003d00   0x08003d00   0x00000004   Code   RO          969    i.UsageFault_Handler  n32g45x_it.o
    0x08003d04   0x08003d04   0x00000020   Code   RO         8695    i.__0printf         mc_w.l(printfa.o)
    0x08003d24   0x08003d24   0x00000034   Code   RO         8696    i.__0snprintf       mc_w.l(printfa.o)
    0x08003d58   0x08003d58   0x00000034   Code   RO         8700    i.__0vsnprintf      mc_w.l(printfa.o)
    0x08003d8c   0x08003d8c   0x00000024   Code   RO          970    i.__NVIC_SystemReset  n32g45x_it.o
    0x08003db0   0x08003db0   0x00000008   Code   RO         8749    i.__aeabi_errno_addr  mc_w.l(errno.o)
    0x08003db8   0x08003db8   0x0000000e   Code   RO         8824    i.__scatterload_copy  mc_w.l(handlers.o)
    0x08003dc6   0x08003dc6   0x00000002   Code   RO         8825    i.__scatterload_null  mc_w.l(handlers.o)
    0x08003dc8   0x08003dc8   0x0000000e   Code   RO         8826    i.__scatterload_zeroinit  mc_w.l(handlers.o)
    0x08003dd6   0x08003dd6   0x00000002   PAD
    0x08003dd8   0x08003dd8   0x00000184   Code   RO         8702    i._fp_digits        mc_w.l(printfa.o)
    0x08003f5c   0x08003f5c   0x000006b4   Code   RO         8703    i._printf_core      mc_w.l(printfa.o)
    0x08004610   0x08004610   0x00000024   Code   RO         8704    i._printf_post_padding  mc_w.l(printfa.o)
    0x08004634   0x08004634   0x0000002e   Code   RO         8705    i._printf_pre_padding  mc_w.l(printfa.o)
    0x08004662   0x08004662   0x00000016   Code   RO         8706    i._snputc           mc_w.l(printfa.o)
    0x08004678   0x08004678   0x00000070   Code   RO         1225    i.at_callback_basic_test  tsk_4g_init.o
    0x080046e8   0x080046e8   0x0000005c   Code   RO         1226    i.at_callback_check_sim  tsk_4g_init.o
    0x08004744   0x08004744   0x00000074   Code   RO         1227    i.at_callback_get_iccid  tsk_4g_init.o
    0x080047b8   0x080047b8   0x00000068   Code   RO         1228    i.at_callback_get_imei  tsk_4g_init.o
    0x08004820   0x08004820   0x00000068   Code   RO         1229    i.at_callback_get_imsi  tsk_4g_init.o
    0x08004888   0x08004888   0x000000bc   Code   RO         1230    i.at_callback_get_version  tsk_4g_init.o
    0x08004944   0x08004944   0x00000060   Code   RO         1231    i.at_callback_network_reg  tsk_4g_init.o
    0x080049a4   0x080049a4   0x00000040   Code   RO         1232    i.at_callback_operator_info  tsk_4g_init.o
    0x080049e4   0x080049e4   0x00000060   Code   RO         1233    i.at_callback_signal_quality  tsk_4g_init.o
    0x08004a44   0x08004a44   0x0000001c   Code   RO         1970    i.bsp_debug_port_remap_swd_only  bsp_serial_driver.o
    0x08004a60   0x08004a60   0x0000022c   Code   RO         1234    i.data_receive_task  tsk_4g_init.o
    0x08004c8c   0x08004c8c   0x000000d0   Code   RO         1235    i.device_cleanup_register_tasks  tsk_4g_init.o
    0x08004d5c   0x08004d5c   0x00000124   Code   RO         1236    i.device_handle_register_event  tsk_4g_init.o
    0x08004e80   0x08004e80   0x00000080   Code   RO         1237    i.device_parse_response  tsk_4g_init.o
    0x08004f00   0x08004f00   0x00000074   Code   RO         1240    i.device_transition_to_next_state  tsk_4g_init.o
    0x08004f74   0x08004f74   0x00000098   Code   RO         2984    i.eTaskGetState     tasks.o
    0x0800500c   0x0800500c   0x00000258   Code   RO         1242    i.execute_at_command_with_config  tsk_4g_init.o
    0x08005264   0x08005264   0x00000098   Code   RO         1815    i.format_timestamp  bsp_log_manager.o
    0x080052fc   0x080052fc   0x0000004c   Code   RO         8383    i.fputc             retarget_io.o
    0x08005348   0x08005348   0x00000020   Code   RO         1243    i.get_network_status  tsk_4g_init.o
    0x08005368   0x08005368   0x000000e4   Code   RO         1244    i.get_response_data  tsk_4g_init.o
    0x0800544c   0x0800544c   0x0000001c   Code   RO         2119    i.get_uart_device   bsp_uart_ring_buffer.o
    0x08005468   0x08005468   0x0000010c   Code   RO         1043    i.handle_received_message  tsk_commu_receive.o
    0x08005574   0x08005574   0x00000074   Code   RO         1245    i.handle_socket_close_event  tsk_4g_init.o
    0x080055e8   0x080055e8   0x00000148   Code   RO          850    i.hardware_init     main.o
    0x08005730   0x08005730   0x00000020   Code   RO         1816    i.lock_log_manager  bsp_log_manager.o
    0x08005750   0x08005750   0x000001a8   Code   RO          851    i.main              main.o
    0x080058f8   0x080058f8   0x000002c4   Code   RO         1044    i.parse_command     tsk_commu_receive.o
    0x08005bbc   0x08005bbc   0x00000170   Code   RO         1246    i.parse_operator_info  tsk_4g_init.o
    0x08005d2c   0x08005d2c   0x00000064   Code   RO         1247    i.parse_signal_quality  tsk_4g_init.o
    0x08005d90   0x08005d90   0x00000090   Code   RO         1248    i.parse_socket_receive_data  tsk_4g_init.o
    0x08005e20   0x08005e20   0x000003f8   Code   RO         1249    i.perform_initialization_sequence  tsk_4g_init.o
    0x08006218   0x08006218   0x000001a4   Code   RO         1250    i.perform_module_reset  tsk_4g_init.o
    0x080063bc   0x080063bc   0x000001b4   Code   RO         1109    i.process_send_message  tsk_commu_send.o
    0x08006570   0x08006570   0x0000014c   Code   RO         1045    i.process_uart_data  tsk_commu_receive.o
    0x080066bc   0x080066bc   0x00000070   Code   RO         2986    i.prvAddCurrentTaskToDelayedList  tasks.o
    0x0800672c   0x0800672c   0x000000d0   Code   RO         2987    i.prvAddNewTaskToReadyList  tasks.o
    0x080067fc   0x080067fc   0x00000050   Code   RO         3364    i.prvCheckForValidListAndQueue  timers.o
    0x0800684c   0x0800684c   0x00000026   Code   RO         2586    i.prvCopyDataFromQueue  queue.o
    0x08006872   0x08006872   0x0000006c   Code   RO         2587    i.prvCopyDataToQueue  queue.o
    0x080068de   0x080068de   0x00000014   Code   RO         2988    i.prvDeleteTCB      tasks.o
    0x080068f2   0x080068f2   0x00000002   PAD
    0x080068f4   0x080068f4   0x0000004c   Code   RO         3515    i.prvHeapInit       heap_4.o
    0x08006940   0x08006940   0x00000060   Code   RO         2989    i.prvIdleTask       tasks.o
    0x080069a0   0x080069a0   0x000000d4   Code   RO         2990    i.prvInitialiseNewTask  tasks.o
    0x08006a74   0x08006a74   0x0000004c   Code   RO         3516    i.prvInsertBlockIntoFreeList  heap_4.o
    0x08006ac0   0x08006ac0   0x00000038   Code   RO         3365    i.prvInsertTimerInActiveList  timers.o
    0x08006af8   0x08006af8   0x0000001c   Code   RO         2588    i.prvIsQueueEmpty   queue.o
    0x08006b14   0x08006b14   0x0000009c   Code   RO         2589    i.prvNotifyQueueSetContainer  queue.o
    0x08006bb0   0x08006bb0   0x0000006c   Code   RO         3366    i.prvProcessExpiredTimer  timers.o
    0x08006c1c   0x08006c1c   0x00000128   Code   RO         3367    i.prvProcessReceivedCommands  timers.o
    0x08006d44   0x08006d44   0x0000006c   Code   RO         3368    i.prvProcessTimerOrBlockTask  timers.o
    0x08006db0   0x08006db0   0x0000001c   Code   RO         2992    i.prvResetNextTaskUnblockTime  tasks.o
    0x08006dcc   0x08006dcc   0x00000028   Code   RO         3369    i.prvSampleTimeNow  timers.o
    0x08006df4   0x08006df4   0x00000070   Code   RO         3370    i.prvSwitchTimerLists  timers.o
    0x08006e64   0x08006e64   0x00000068   Code   RO         3576    i.prvTaskExitError  port.o
    0x08006ecc   0x08006ecc   0x00000024   Code   RO         3371    i.prvTimerTask      timers.o
    0x08006ef0   0x08006ef0   0x00000076   Code   RO         2590    i.prvUnlockQueue    queue.o
    0x08006f66   0x08006f66   0x00000002   PAD
    0x08006f68   0x08006f68   0x00000134   Code   RO         3517    i.pvPortMalloc      heap_4.o
    0x0800709c   0x0800709c   0x00000018   Code   RO         2995    i.pvTaskIncrementMutexHeldCount  tasks.o
    0x080070b4   0x080070b4   0x0000002c   Code   RO         3577    i.pxPortInitialiseStack  port.o
    0x080070e0   0x080070e0   0x0000004c   Code   RO          332    i.sBootLoaderStart  bootloader.o
    0x0800712c   0x0800712c   0x00000024   Code   RO          333    i.sDoIarcmain       bootloader.o
    0x08007150   0x08007150   0x0000000c   Code   RO          334    i.sResetEntry       bootloader.o
    0x0800715c   0x0800715c   0x000000b0   Code   RO         1110    i.send_4g_at_command  tsk_commu_send.o
    0x0800720c   0x0800720c   0x000000bc   Code   RO         1252    i.send_data_internal  tsk_4g_init.o
    0x080072c8   0x080072c8   0x0000003c   Code   RO         1111    i.send_heartbeat_data  tsk_commu_send.o
    0x08007304   0x08007304   0x00000094   Code   RO         1253    i.setup_data_connection_sequence  tsk_4g_init.o
    0x08007398   0x08007398   0x00000188   Code   RO         1254    i.setup_socket_connection  tsk_4g_init.o
    0x08007520   0x08007520   0x000000e4   Code   RO         1255    i.start_data_receive_task  tsk_4g_init.o
    0x08007604   0x08007604   0x0000007c   Code   RO         1256    i.stop_data_receive_task  tsk_4g_init.o
    0x08007680   0x08007680   0x0000014c   Code   RO         1257    i.tcp_connect_with_retry  tsk_4g_init.o
    0x080077cc   0x080077cc   0x000001bc   Code   RO         1258    i.tcp_connection_monitor_task  tsk_4g_init.o
    0x08007988   0x08007988   0x00000158   Code   RO          852    i.tcp_event_callback  main.o
    0x08007ae0   0x08007ae0   0x000000ac   Code   RO         1259    i.tcp_handle_connection_event  tsk_4g_init.o
    0x08007b8c   0x08007b8c   0x00000078   Code   RO         1260    i.tcp_verify_connection  tsk_4g_init.o
    0x08007c04   0x08007c04   0x0000001c   Code   RO         1817    i.unlock_log_manager  bsp_log_manager.o
    0x08007c20   0x08007c20   0x00000060   Code   RO         1261    i.update_network_statistics  tsk_4g_init.o
    0x08007c80   0x08007c80   0x00000054   Code   RO         1262    i.update_state      tsk_4g_init.o
    0x08007cd4   0x08007cd4   0x00000026   Code   RO         2542    i.uxListRemove      list.o
    0x08007cfa   0x08007cfa   0x00000002   PAD
    0x08007cfc   0x08007cfc   0x0000003c   Code   RO          853    i.vApplicationMallocFailedHook  main.o
    0x08007d38   0x08007d38   0x00000044   Code   RO          854    i.vApplicationStackOverflowHook  main.o
    0x08007d7c   0x08007d7c   0x0000004c   Code   RO         1046    i.vCommuReceiveTask  tsk_commu_receive.o
    0x08007dc8   0x08007dc8   0x00000110   Code   RO         1112    i.vCommuSendTask    tsk_commu_send.o
    0x08007ed8   0x08007ed8   0x00000060   Code   RO          855    i.vLedTask          main.o
    0x08007f38   0x08007f38   0x00000016   Code   RO         2543    i.vListInitialise   list.o
    0x08007f4e   0x08007f4e   0x00000006   Code   RO         2544    i.vListInitialiseItem  list.o
    0x08007f54   0x08007f54   0x00000030   Code   RO         2545    i.vListInsert       list.o
    0x08007f84   0x08007f84   0x00000018   Code   RO         2546    i.vListInsertEnd    list.o
    0x08007f9c   0x08007f9c   0x0000007c   Code   RO         3579    i.vPortEnterCritical  port.o
    0x08008018   0x08008018   0x00000068   Code   RO         3580    i.vPortExitCritical  port.o
    0x08008080   0x08008080   0x000000a4   Code   RO         3518    i.vPortFree         heap_4.o
    0x08008124   0x08008124   0x00000024   Code   RO         3581    i.vPortSetupTimerInterrupt  port.o
    0x08008148   0x08008148   0x00000090   Code   RO         3582    i.vPortValidateInterruptPriority  port.o
    0x080081d8   0x080081d8   0x000000c8   Code   RO         1263    i.vQuectel4GInitTask  tsk_4g_init.o
    0x080082a0   0x080082a0   0x00000028   Code   RO         2596    i.vQueueAddToRegistry  queue.o
    0x080082c8   0x080082c8   0x0000004c   Code   RO         2597    i.vQueueDelete      queue.o
    0x08008314   0x08008314   0x00000028   Code   RO         2599    i.vQueueUnregisterQueue  queue.o
    0x0800833c   0x0800833c   0x00000044   Code   RO         2600    i.vQueueWaitForMessageRestricted  queue.o
    0x08008380   0x08008380   0x00000070   Code   RO         3005    i.vTaskDelay        tasks.o
    0x080083f0   0x080083f0   0x000000d0   Code   RO         3006    i.vTaskDelete       tasks.o
    0x080084c0   0x080084c0   0x00000010   Code   RO         3010    i.vTaskInternalSetTimeOutState  tasks.o
    0x080084d0   0x080084d0   0x0000000c   Code   RO         3012    i.vTaskMissedYield  tasks.o
    0x080084dc   0x080084dc   0x00000058   Code   RO         3013    i.vTaskPlaceOnEventList  tasks.o
    0x08008534   0x08008534   0x00000060   Code   RO         3014    i.vTaskPlaceOnEventListRestricted  tasks.o
    0x08008594   0x08008594   0x000000c8   Code   RO         3016    i.vTaskPriorityDisinheritAfterTimeout  tasks.o
    0x0800865c   0x0800865c   0x00000094   Code   RO         3022    i.vTaskStartScheduler  tasks.o
    0x080086f0   0x080086f0   0x00000010   Code   RO         3024    i.vTaskSuspendAll   tasks.o
    0x08008700   0x08008700   0x000000ac   Code   RO         3025    i.vTaskSwitchContext  tasks.o
    0x080087ac   0x080087ac   0x000000d4   Code   RO         1113    i.wait_for_response  tsk_commu_send.o
    0x08008880   0x08008880   0x0000000c   Code   RO         3521    i.xPortGetFreeHeapSize  heap_4.o
    0x0800888c   0x0800888c   0x0000000c   Code   RO         3522    i.xPortGetMinimumEverFreeHeapSize  heap_4.o
    0x08008898   0x08008898   0x00000128   Code   RO         3583    i.xPortStartScheduler  port.o
    0x080089c0   0x080089c0   0x00000024   Code   RO         2603    i.xQueueCreateMutex  queue.o
    0x080089e4   0x080089e4   0x000000a0   Code   RO         2605    i.xQueueGenericCreate  queue.o
    0x08008a84   0x08008a84   0x000000ac   Code   RO         2606    i.xQueueGenericReset  queue.o
    0x08008b30   0x08008b30   0x00000190   Code   RO         2607    i.xQueueGenericSend  queue.o
    0x08008cc0   0x08008cc0   0x000000fc   Code   RO         2608    i.xQueueGenericSendFromISR  queue.o
    0x08008dbc   0x08008dbc   0x000000d4   Code   RO         2609    i.xQueueGiveFromISR  queue.o
    0x08008e90   0x08008e90   0x00000154   Code   RO         2615    i.xQueueReceive     queue.o
    0x08008fe4   0x08008fe4   0x00000190   Code   RO         2620    i.xQueueSemaphoreTake  queue.o
    0x08009174   0x08009174   0x0000009c   Code   RO         3027    i.xTaskCheckForTimeOut  tasks.o
    0x08009210   0x08009210   0x00000056   Code   RO         3028    i.xTaskCreate       tasks.o
    0x08009266   0x08009266   0x00000002   PAD
    0x08009268   0x08009268   0x0000001c   Code   RO         3035    i.xTaskGetSchedulerState  tasks.o
    0x08009284   0x08009284   0x0000000c   Code   RO         3036    i.xTaskGetTickCount  tasks.o
    0x08009290   0x08009290   0x000000f0   Code   RO         3038    i.xTaskIncrementTick  tasks.o
    0x08009380   0x08009380   0x000000b0   Code   RO         3039    i.xTaskPriorityDisinherit  tasks.o
    0x08009430   0x08009430   0x0000008c   Code   RO         3040    i.xTaskPriorityInherit  tasks.o
    0x080094bc   0x080094bc   0x0000009c   Code   RO         3041    i.xTaskRemoveFromEventList  tasks.o
    0x08009558   0x08009558   0x000000ec   Code   RO         3042    i.xTaskResumeAll    tasks.o
    0x08009644   0x08009644   0x00000088   Code   RO         3378    i.xTimerCreate      timers.o
    0x080096cc   0x080096cc   0x00000074   Code   RO         3379    i.xTimerCreateTimerTask  timers.o
    0x08009740   0x08009740   0x00000090   Code   RO         3380    i.xTimerGenericCommand  timers.o
    0x080097d0   0x080097d0   0x00000034   Data   RO          856    .constdata          main.o
    0x08009804   0x08009804   0x0000001c   Data   RO         1048    .constdata          tsk_commu_receive.o
    0x08009820   0x08009820   0x0000035c   Data   RO         1265    .constdata          tsk_4g_init.o
    0x08009b7c   0x08009b7c   0x00000028   Data   RO         1819    .constdata          bsp_log_manager.o
    0x08009ba4   0x08009ba4   0x00000010   Data   RO         2369    .constdata          system_n32g45x.o
    0x08009bb4   0x08009bb4   0x00000040   Data   RO         6404    .constdata          n32g45x_rcc.o
    0x08009bf4   0x08009bf4   0x00000018   Data   RO         8273    .constdata          eventrecorder.o
    0x08009c0c   0x08009c0c   0x00000081   Data   RO         8786    .constdata          mc_w.l(ctype_o.o)
    0x08009c8d   0x08009c8d   0x00000003   PAD
    0x08009c90   0x08009c90   0x00000004   Data   RO         8787    .constdata          mc_w.l(ctype_o.o)
    0x08009c94   0x08009c94   0x00000014   Data   RO         1049    .conststring        tsk_commu_receive.o
    0x08009ca8   0x08009ca8   0x00000443   Data   RO         1266    .conststring        tsk_4g_init.o
    0x0800a0eb   0x0800a0eb   0x00000001   PAD
    0x0800a0ec   0x0800a0ec   0x0000003e   Data   RO         1820    .conststring        bsp_log_manager.o
    0x0800a12a   0x0800a12a   0x00000002   PAD
    0x0800a12c   0x0800a12c   0x00000020   Data   RO         8822    Region$$Table       anon$$obj.o


    Execution Region RW_IRAM1 (Exec base: 0x20000000, Load base: 0x0800a14c, Size: 0x00004a28, Max: 0x00070000, ABSOLUTE, COMPRESSED[0x0000002c])

    Exec Addr    Load Addr    Size         Type   Attr      Idx    E Section Name        Object

    0x20000000   COMPRESSED   0x00000008   Data   RW         1050    .data               tsk_commu_receive.o
    0x20000008   COMPRESSED   0x00000014   Data   RW         1114    .data               tsk_commu_send.o
    0x2000001c   COMPRESSED   0x0000005c   Data   RW         1267    .data               tsk_4g_init.o
    0x20000078   COMPRESSED   0x00000018   Data   RW         1821    .data               bsp_log_manager.o
    0x20000090   COMPRESSED   0x00000014   Data   RW         2223    .data               led.o
    0x200000a4   COMPRESSED   0x00000004   Data   RW         2370    .data               system_n32g45x.o
    0x200000a8   COMPRESSED   0x00000040   Data   RW         3045    .data               tasks.o
    0x200000e8   COMPRESSED   0x00000014   Data   RW         3388    .data               timers.o
    0x200000fc   COMPRESSED   0x00000020   Data   RW         3524    .data               heap_4.o
    0x2000011c   COMPRESSED   0x0000000c   Data   RW         3584    .data               port.o
    0x20000128   COMPRESSED   0x00000001   Data   RW         8274    .data               eventrecorder.o
    0x20000129   COMPRESSED   0x00000003   PAD
    0x2000012c   COMPRESSED   0x0000000c   Data   RW         8384    .data               retarget_io.o
    0x20000138   COMPRESSED   0x00000004   Data   RW         8434    .data               mc_w.l(stdout.o)
    0x2000013c   COMPRESSED   0x00000004   Data   RW         8752    .data               mc_w.l(errno.o)
    0x20000140        -       0x00000184   Zero   RW         1047    .bss                tsk_commu_receive.o
    0x200002c4        -       0x00000224   Zero   RW         1264    .bss                tsk_4g_init.o
    0x200004e8        -       0x000001c8   Zero   RW         1818    .bss                bsp_log_manager.o
    0x200006b0        -       0x00002b14   Zero   RW         2120    .bss                bsp_uart_ring_buffer.o
    0x200031c4        -       0x00000018   Zero   RW         2222    .bss                led.o
    0x200031dc        -       0x00000040   Zero   RW         2622    .bss                queue.o
    0x2000321c        -       0x000002e4   Zero   RW         3044    .bss                tasks.o
    0x20003500        -       0x00000028   Zero   RW         3387    .bss                timers.o
    0x20003528        -       0x00001500   Zero   RW         2402    STACK               startup_n32g45x.o


    Execution Region ZI_RAM_UNINIT (Exec base: 0x20004a28, Load base: 0x0800a178, Size: 0x000004bc, Max: 0xffffffff, ABSOLUTE, UNINIT)

    Exec Addr    Load Addr    Size         Type   Attr      Idx    E Section Name        Object

    0x20004a28   0x0800a178   0x00000018   PAD
    0x20004a40        -       0x000004a4   Zero   RW         8272    .bss.noinit         eventrecorder.o



  Load Region LR$$.ARM.__AT_0x10002714 (Base: 0x10002714, Size: 0x00000000, Max: 0x00014000, ABSOLUTE)

    Execution Region ER$$.ARM.__AT_0x10002714 (Exec base: 0x10002714, Load base: 0x10002714, Size: 0x00014000, Max: 0x00014000, ABSOLUTE, UNINIT)

    Exec Addr    Load Addr    Size         Type   Attr      Idx    E Section Name        Object

    0x10002714        -       0x00014000   Zero   RW         3523    .ARM.__AT_0x10002714  heap_4.o


==============================================================================

Image component sizes


      Code (inc. data)   RO Data    RW Data    ZI Data      Debug   Object Name

         0          0          0          0          0     328192   bootflashcode.o
       124         18          0          0          0      33519   bootloader.o
         0          0          0          0          0      13364   bootloaderapp.o
       128         18          0          0          0        636   bootloaderasmfuncs_keil.o
      2032        700        102         24        456      22182   bsp_log_manager.o
       548         30          0          0          0       2625   bsp_serial_driver.o
       192         10          0          0          0       1546   bsp_spiflash.o
      1136         48          0          0      11028      12010   bsp_uart_ring_buffer.o
         0          0          0          0          0      13552   event_groups.o
       672         34         24          1       1188      14596   eventrecorder.o
       648        156          0         32      81920       5380   heap_4.o
       548         38          0         20         24       4807   led.o
       138          0          0          0          0       3406   list.o
      1320        756         52          0          0      48700   main.o
       120         16          0          0          0       1823   misc.o
       438         10          0          0          0       4752   n32g45x_gpio.o
        74         10          0          0          0       4991   n32g45x_it.o
       320         58         64          0          0       8515   n32g45x_rcc.o
        76          0          0          0          0       2496   n32g45x_spi.o
       516         42          0          0          0       8278   n32g45x_usart.o
      1086        404          0         12          0      10885   port.o
      2644        392          0          0         64      20259   queue.o
        76         14          0         12          0       2936   retarget_io.o
       246          0          0          0          0       4198   ring_buffer.o
        36          8        408          0       5376        876   startup_n32g45x.o
       564         90         16          4          0       3273   system_n32g45x.o
      3150        778          0         64        740      34725   tasks.o
      1232        260          0         20         40      12730   timers.o
     11316       5016       1951         92        548      46361   tsk_4g_init.o
      1564        812         48          8        388       9919   tsk_commu_receive.o
      1752        734          0         20          0      12251   tsk_commu_send.o

    ----------------------------------------------------------------------
     32722      10452       2700        312     101796     693783   Object Totals
         0          0         32          0          0          0   (incl. Generated)
        26          0          3          3         24          0   (incl. Padding)

    ----------------------------------------------------------------------

      Code (inc. data)   RO Data    RW Data    ZI Data      Debug   Library Member Name

        56          8          0          0          0         84   __0sscanf.o
        86          0          0          0          0          0   __dczerorl2.o
        28          0          0          0          0         68   _chval.o
       816          6          0          0          0        112   _scanf.o
       332          0          0          0          0         96   _scanf_int.o
        64          0          0          0          0         84   _sgetc.o
       158          0          0          0          0         92   _strtoul.o
        26          0          0          0          0         80   atoi.o
         8          4        133          0          0         68   ctype_o.o
         0          0          0          0          0          0   entry.o
         0          0          0          0          0          0   entry10a.o
         0          0          0          0          0          0   entry11a.o
         4          0          0          0          0          0   entry12b.o
         8          4          0          0          0          0   entry2.o
         4          0          0          0          0          0   entry5.o
         0          0          0          0          0          0   entry7b.o
         0          0          0          0          0          0   entry8b.o
         8          4          0          0          0          0   entry9a.o
         8          4          0          4          0         68   errno.o
        30          0          0          0          0          0   handlers.o
        36          8          0          0          0         68   init.o
        18          0          0          0          0         76   isspace_o.o
         0          0          0          0          0          0   iusefp.o
        30          0          0          0          0         68   llshl.o
        36          0          0          0          0         68   llsshr.o
        32          0          0          0          0         68   llushr.o
        36          0          0          0          0         68   memcpya.o
        36          0          0          0          0        108   memseta.o
      2344        100          0          0          0        700   printfa.o
        40          8          0          0          0         84   scanf_char.o
         0          0          0          4          0          0   stdout.o
        20          0          0          0          0         68   strchr.o
        18          0          0          0          0         68   strcpy.o
        14          0          0          0          0         68   strlen.o
        30          0          0          0          0         80   strncmp.o
        24          0          0          0          0         76   strncpy.o
        22          0          0          0          0         68   strrchr.o
        36          0          0          0          0         80   strstr.o
       112          0          0          0          0         88   strtol.o
        44          0          0          0          0         80   uidiv.o
        98          0          0          0          0         92   uldiv.o
        48          0          0          0          0         68   cdrcmple.o
       334          0          0          0          0        148   dadd.o
       222          0          0          0          0        100   ddiv.o
       186          0          0          0          0        176   depilogue.o
        48          0          0          0          0         68   dfixul.o
       228          0          0          0          0         96   dmul.o

    ----------------------------------------------------------------------
      5734        146        136          8          0       3484   Library Totals
         6          0          3          0          0          0   (incl. Padding)

    ----------------------------------------------------------------------

      Code (inc. data)   RO Data    RW Data    ZI Data      Debug   Library Name

      4662        146        133          8          0       2828   mc_w.l
      1066          0          0          0          0        656   mf_w.l

    ----------------------------------------------------------------------
      5734        146        136          8          0       3484   Library Totals

    ----------------------------------------------------------------------

==============================================================================


      Code (inc. data)   RO Data    RW Data    ZI Data      Debug   

     38456      10598       2836        320     101796     674027   Grand Totals
     38456      10598       2836         44     101796     674027   ELF Image Totals (compressed)
     38456      10598       2836         44          0          0   ROM Totals

==============================================================================

    Total RO  Size (Code + RO Data)                41292 (  40.32kB)
    Total RW  Size (RW Data + ZI Data)            102116 (  99.72kB)
    Total ROM Size (Code + RO Data + RW Data)      41336 (  40.37kB)

==============================================================================

